******************************************************************************
               TMS320C6x Linker PC v7.4.6                      
******************************************************************************
>> Linked Thu Feb 06 13:32:05 2014

OUTPUT FILE NAME:   <practica2.out>
ENTRY POINT SYMBOL: "_c_int00"  address: 00002ca0


MEMORY CONFIGURATION

         name            origin    length      used     unused   attr    fill
----------------------  --------  ---------  --------  --------  ----  --------
  IVECS                 00000000   00000220  00000200  00000020  RWIX
  IRAM                  00000220   0002fde0  000054fa  0002a8e6  RWIX
  L2RAM                 00030000   00010000  00000000  00010000  RWIX
  EMIFCE0               80000000   10000000  00000000  10000000  RWIX
  EMIFCE1               90000000   10000000  00000000  10000000  RWIX
  EMIFCE2               a0000000   10000000  00000000  10000000  RWIX
  EMIFCE3               b0000000   10000000  00000000  10000000  RWIX


SECTION ALLOCATION MAP

 output                                  attributes/
section   page    origin      length       input sections
--------  ----  ----------  ----------   ----------------
.vecs      0    00000000    00000200     
                  00000000    00000200     Vectors_intr.obj (.vecs)

.pinit     0    00000220    00000000     UNINITIALIZED

$BRID      0    00000000    000000f4     COPY SECTION
                  00000000    00000078     csl6713.lib : csl_irq.obj ($BRID)
                  00000078    0000007c                 : csl_mcbsp.obj ($BRID)

.text      0    00000220    00002d40     
                  00000220    000007c0     dskinit.lib : C6713dskinit.obj (.text)
                  000009e0    000007a0     codec.obj (.text)
                  00001180    00000480     dsk6713bsl.lib : dsk6713.obj (.text)
                  00001600    000003c0     prac2.obj (.text)
                  000019c0    00000300     dsk6713bsl.lib : dsk6713_aic23_opencodec.obj (.text)
                  00001cc0    00000240     rts6700.lib : memcpy62.obj (.text:_memcpy)
                  00001f00    000001a0     csl6713.lib : csl_irq.obj (.text:_IRQ_map)
                  000020a0    00000180                 : csl_mcbsp.obj (.text:_MCBSP_reset)
                  00002220    00000160     prac2.obj (.text:retain)
                  00002380    00000140     dsk6713bsl.lib : dsk6713_aic23_registers.obj (.text)
                  000024c0    00000100     csl6713.lib : csl_mcbsp.obj (.text:_MCBSP_start)
                  000025c0    00000100     rts6700.lib : autoinit.obj (.text:__auto_init)
                  000026c0    000000e0     csl6713.lib : csl_mcbsp.obj (.text:_MCBSP_open)
                  000027a0    000000e0     rts6700.lib : strasg.obj (.text:__strasg)
                  00002880    000000e0                 : exit.obj (.text:_exit)
                  00002960    000000c0                 : cpy_tbl.obj (.text:_copy_in)
                  00002a20    000000c0     dsk6713bsl.lib : dsk6713_aic23_setfreq.obj (.text)
                  00002ae0    000000a0     csl6713.lib : csl_mcbsp.obj (.text:_MCBSP_config)
                  00002b80    000000a0                 : csl_irq.obj (.text:_setMux)
                  00002c20    00000080     rts6700.lib : cpp_init.obj (.text:___TI_cpp_init)
                  00002ca0    00000080                 : boot.obj (.text:_c_int00)
                  00002d20    00000040     csl6713.lib : csl_irq.obj (.text:_IRQ_enable)
                  00002d60    00000040                 : csl_irq.obj (.text:_IRQ_reset)
                  00002da0    00000040     rts6700.lib : args_main.obj (.text:__args_main)
                  00002de0    00000020     Vectors_intr.obj (.text)
                  00002e00    00000020     csl6713.lib : csl_irq.obj (.text:_IRQ_globalDisable)
                  00002e20    00000020                 : csl_irq.obj (.text:_IRQ_globalEnable)
                  00002e40    00000020                 : csl_irq.obj (.text:_IRQ_nmiEnable)
                  00002e60    00000020                 : csl_irq.obj (.text:_IRQ_setVecs)
                  00002e80    00000020                 : csl_mcbsp.obj (.text:_MCBSP_getXmtEventId)
                  00002ea0    00000020                 : csl_mcbsp.obj (.text:_MCBSP_read)
                  00002ec0    00000020                 : csl_mcbsp.obj (.text:_MCBSP_rrdy)
                  00002ee0    00000020                 : csl_mcbsp.obj (.text:_MCBSP_write)
                  00002f00    00000020                 : csl_mcbsp.obj (.text:_MCBSP_xrdy)
                  00002f20    00000020     rts6700.lib : exit.obj (.text:_abort)
                  00002f40    00000020     csl6713.lib : csl_irq.obj (.text)

.bss       0    00000220    00000000     UNINITIALIZED

.data      0    00000220    00000000     UNINITIALIZED

.far       0    00002f60    00001c9a     UNINITIALIZED
                  00002f60    00001ab8     prac2.obj (.far)
                  00004a18    000000f4     csl6713.lib : csl_irq.obj (.far)
                  00004b0c    00000058     dskinit.lib : C6713dskinit.obj (.far)
                  00004b64    00000038     csl6713.lib : csl_mcbsp.obj (.far)
                  00004b9c    00000028     dsk6713bsl.lib : dsk6713_aic23_registers.obj (.far)
                  00004bc4    00000020                    : dsk6713_aic23_setfreq.obj (.far)
                  00004be4    0000000c     rts6700.lib : exit.obj (.far)
                  00004bf0    00000008     dsk6713bsl.lib : dsk6713_aic23_opencodec.obj (.far)
                  00004bf8    00000002                    : dsk6713.obj (.far)

.stack     0    00004c00    00000800     UNINITIALIZED
                  00004c00    00000008     rts6700.lib : boot.obj (.stack)
                  00004c08    000007f8     --HOLE--

.cinit     0    00005400    000002b4     
                  00005400    0000012c     csl6713.lib : csl_irq.obj (.cinit)
                  0000552c    00000004     --HOLE-- [fill = 0]
                  00005530    00000058     dskinit.lib : C6713dskinit.obj (.cinit)
                  00005588    00000054     csl6713.lib : csl_mcbsp.obj (.cinit)
                  000055dc    00000004     --HOLE-- [fill = 0]
                  000055e0    00000044     prac2.obj (.cinit)
                  00005624    00000004     --HOLE-- [fill = 0]
                  00005628    00000030     dsk6713bsl.lib : dsk6713_aic23_registers.obj (.cinit)
                  00005658    0000002c     rts6700.lib : exit.obj (.cinit)
                  00005684    00000004     --HOLE-- [fill = 0]
                  00005688    00000028     dsk6713bsl.lib : dsk6713_aic23_setfreq.obj (.cinit)
                  000056b0    00000004     --HOLE-- [fill = 0]

.const     0    000056b4    0000006c     
                  000056b4    00000040     dsk6713bsl.lib : dsk6713_aic23_opencodec.obj (.const)
                  000056f4    00000020                    : dsk6713.obj (.const)
                  00005714    0000000c     prac2.obj (.const)


GLOBAL SYMBOLS: SORTED ALPHABETICALLY BY Name 

address    name
--------   ----
00000220   $bss
00000220   .bss
00000220   .data
00000220   .text
00002f20   C$$EXIT
00004b18   _AIC23CfgData
00004b0c   _AIC_data
00004870   _BITS
00004bf0   _DSK6713_AIC23_codeccontrolhandle
00004bf4   _DSK6713_AIC23_codecdatahandle
00002440   _DSK6713_AIC23_config
000019c0   _DSK6713_AIC23_openCodec
00002418   _DSK6713_AIC23_rget
00002380   _DSK6713_AIC23_rset
00002a20   _DSK6713_AIC23_setFreq
00001594   _DSK6713_getVersion
000011cc   _DSK6713_init
000014e8   _DSK6713_rget
000014fc   _DSK6713_rset
00004bf8   _DSK6713_version
00001510   _DSK6713_wait
00001568   _DSK6713_waitusec
00002d20   _IRQ_enable
00002e00   _IRQ_globalDisable
00002e20   _IRQ_globalEnable
00001f00   _IRQ_map
00002e40   _IRQ_nmiEnable
00002d60   _IRQ_reset
00002e60   _IRQ_setVecs
00002ae0   _MCBSP_config
00002e80   _MCBSP_getXmtEventId
000026c0   _MCBSP_open
00002ea0   _MCBSP_read
000020a0   _MCBSP_reset
00002ec0   _MCBSP_rrdy
000024c0   _MCBSP_start
00002ee0   _MCBSP_write
00002f00   _MCBSP_xrdy
00004b04   __IRQ_dispatchTable
00004a40   __IRQ_eventTable
00002f40   __IRQ_hookFetchPacket
00004ac4   __IRQ_intTable
00004b94   __MCBSP_hDev0
00004b98   __MCBSP_hDev1
00005400   __STACK_END
00000800   __STACK_SIZE
00000001   __TI_args_main
00002c20   ___TI_cpp_init
00004bec   ___TI_enable_exit_profile_output
ffffffff   ___TI_pprof_out_hndl
ffffffff   ___TI_prof_data_size
ffffffff   ___TI_prof_data_start
ffffffff   ___binit__
00000220   ___bss__
ffffffff   ___c_args__
00005400   ___cinit__
00000220   ___data__
00000220   ___edata__
00000220   ___end__
00002f60   ___etext__
ffffffff   ___pinit__
00000220   ___text__
00002da0   __args_main
000025c0   __auto_init
00004be4   __cleanup_ptr
00004be8   __dtors_ptr
00004c00   __stack
000027a0   __strasg
00002f20   _abort
00002f70   _buffer1
00003bf0   _buffer2
00000220   _c6713_dsk_init
00002ca0   _c_int00
00002220   _c_int11
00000e98   _cod_ami
00000d30   _cod_bipolar
00000eb0   _cod_cmi
00001154   _cod_dif
00000ec8   _cod_hdb3
0000113c   _cod_manchester
00000bec   _cod_polar
000009e0   _cod_rz
00000314   _comm_intr
000002d8   _comm_poll
00004b38   _config
00002960   _copy_in
00002880   _exit
00004b60   _hAIC23_handle
00001600   _init_arrays
0000167c   _init_user
00002f60   _input_bits
00000848   _input_left_sample
00000910   _input_right_sample
00000744   _input_sample
00004a0c   _iobuffer
000018cc   _main
00001cc0   _memcpy
00004a10   _oblock
00000584   _output_left_sample
00000664   _output_right_sample
0000046c   _output_sample
000017f8   _read_bits
00004a14   _sample
00000020   _vector1
00000140   _vector10
00000180   _vector12
000001a0   _vector13
000001c0   _vector14
000001e0   _vector15
00000040   _vector2
00000060   _vector3
00000080   _vector4
000000a0   _vector5
000000c0   _vector6
000000e0   _vector7
00000100   _vector8
00000120   _vector9
00000000   _vectors
00001754   _wait_buffer
ffffffff   binit
00005400   cinit
00000220   edata
00000220   end
00002f60   etext
ffffffff   pinit


GLOBAL SYMBOLS: SORTED BY Symbol Address 

address    name
--------   ----
00000000   _vectors
00000001   __TI_args_main
00000020   _vector1
00000040   _vector2
00000060   _vector3
00000080   _vector4
000000a0   _vector5
000000c0   _vector6
000000e0   _vector7
00000100   _vector8
00000120   _vector9
00000140   _vector10
00000180   _vector12
000001a0   _vector13
000001c0   _vector14
000001e0   _vector15
00000220   $bss
00000220   .bss
00000220   .data
00000220   .text
00000220   ___bss__
00000220   ___data__
00000220   ___edata__
00000220   ___end__
00000220   ___text__
00000220   _c6713_dsk_init
00000220   edata
00000220   end
000002d8   _comm_poll
00000314   _comm_intr
0000046c   _output_sample
00000584   _output_left_sample
00000664   _output_right_sample
00000744   _input_sample
00000800   __STACK_SIZE
00000848   _input_left_sample
00000910   _input_right_sample
000009e0   _cod_rz
00000bec   _cod_polar
00000d30   _cod_bipolar
00000e98   _cod_ami
00000eb0   _cod_cmi
00000ec8   _cod_hdb3
0000113c   _cod_manchester
00001154   _cod_dif
000011cc   _DSK6713_init
000014e8   _DSK6713_rget
000014fc   _DSK6713_rset
00001510   _DSK6713_wait
00001568   _DSK6713_waitusec
00001594   _DSK6713_getVersion
00001600   _init_arrays
0000167c   _init_user
00001754   _wait_buffer
000017f8   _read_bits
000018cc   _main
000019c0   _DSK6713_AIC23_openCodec
00001cc0   _memcpy
00001f00   _IRQ_map
000020a0   _MCBSP_reset
00002220   _c_int11
00002380   _DSK6713_AIC23_rset
00002418   _DSK6713_AIC23_rget
00002440   _DSK6713_AIC23_config
000024c0   _MCBSP_start
000025c0   __auto_init
000026c0   _MCBSP_open
000027a0   __strasg
00002880   _exit
00002960   _copy_in
00002a20   _DSK6713_AIC23_setFreq
00002ae0   _MCBSP_config
00002c20   ___TI_cpp_init
00002ca0   _c_int00
00002d20   _IRQ_enable
00002d60   _IRQ_reset
00002da0   __args_main
00002e00   _IRQ_globalDisable
00002e20   _IRQ_globalEnable
00002e40   _IRQ_nmiEnable
00002e60   _IRQ_setVecs
00002e80   _MCBSP_getXmtEventId
00002ea0   _MCBSP_read
00002ec0   _MCBSP_rrdy
00002ee0   _MCBSP_write
00002f00   _MCBSP_xrdy
00002f20   C$$EXIT
00002f20   _abort
00002f40   __IRQ_hookFetchPacket
00002f60   ___etext__
00002f60   _input_bits
00002f60   etext
00002f70   _buffer1
00003bf0   _buffer2
00004870   _BITS
00004a0c   _iobuffer
00004a10   _oblock
00004a14   _sample
00004a40   __IRQ_eventTable
00004ac4   __IRQ_intTable
00004b04   __IRQ_dispatchTable
00004b0c   _AIC_data
00004b18   _AIC23CfgData
00004b38   _config
00004b60   _hAIC23_handle
00004b94   __MCBSP_hDev0
00004b98   __MCBSP_hDev1
00004be4   __cleanup_ptr
00004be8   __dtors_ptr
00004bec   ___TI_enable_exit_profile_output
00004bf0   _DSK6713_AIC23_codeccontrolhandle
00004bf4   _DSK6713_AIC23_codecdatahandle
00004bf8   _DSK6713_version
00004c00   __stack
00005400   __STACK_END
00005400   ___cinit__
00005400   cinit
ffffffff   ___TI_pprof_out_hndl
ffffffff   ___TI_prof_data_size
ffffffff   ___TI_prof_data_start
ffffffff   ___binit__
ffffffff   ___c_args__
ffffffff   ___pinit__
ffffffff   binit
ffffffff   pinit

[125 symbols]
