<?xml version="1.0"?>
<link_info>
   <banner>TMS320C6x Linker PC v7.4.6</banner>
   <copyright>Copyright (c) 1996-2013 Texas Instruments Incorporated</copyright>
   <link_time>0x52f380c5</link_time>
   <output_file>practica2.out</output_file>
   <entry_point>
      <name>_c_int00</name>
      <address>0x2ca0</address>
   </entry_point>
   <input_file_list>
      <input_file id="fl-2">
         <path>.\</path>
         <kind>object</kind>
         <file>prac2.obj</file>
         <name>prac2.obj</name>
      </input_file>
      <input_file id="fl-3">
         <path>.\</path>
         <kind>object</kind>
         <file>codec.obj</file>
         <name>codec.obj</name>
      </input_file>
      <input_file id="fl-4">
         <path>.\</path>
         <kind>object</kind>
         <file>Vectors_intr.obj</file>
         <name>Vectors_intr.obj</name>
      </input_file>
      <input_file id="fl-82">
         <path>C:\ti\ccsv5\tools\compiler\c6000_7.4.6\lib\</path>
         <kind>archive</kind>
         <file>rts6700.lib</file>
         <name>boot.obj</name>
      </input_file>
      <input_file id="fl-83">
         <path>C:\ti\ccsv5\tools\compiler\c6000_7.4.6\lib\</path>
         <kind>archive</kind>
         <file>rts6700.lib</file>
         <name>exit.obj</name>
      </input_file>
      <input_file id="fl-84">
         <path>C:\ti\ccsv5\tools\compiler\c6000_7.4.6\lib\</path>
         <kind>archive</kind>
         <file>rts6700.lib</file>
         <name>args_main.obj</name>
      </input_file>
      <input_file id="fl-85">
         <path>C:\ti\ccsv5\tools\compiler\c6000_7.4.6\lib\</path>
         <kind>archive</kind>
         <file>rts6700.lib</file>
         <name>autoinit.obj</name>
      </input_file>
      <input_file id="fl-86">
         <path>C:\ti\ccsv5\tools\compiler\c6000_7.4.6\lib\</path>
         <kind>archive</kind>
         <file>rts6700.lib</file>
         <name>cpp_init.obj</name>
      </input_file>
      <input_file id="fl-87">
         <path>C:\ti\ccsv5\tools\compiler\c6000_7.4.6\lib\</path>
         <kind>archive</kind>
         <file>rts6700.lib</file>
         <name>cpy_tbl.obj</name>
      </input_file>
      <input_file id="fl-88">
         <path>C:\ti\ccsv5\tools\compiler\c6000_7.4.6\lib\</path>
         <kind>archive</kind>
         <file>rts6700.lib</file>
         <name>memcpy62.obj</name>
      </input_file>
      <input_file id="fl-89">
         <path>C:\Users\adrian\Documents\Docencia\LC2\workspace\dskinit\Debug\</path>
         <kind>archive</kind>
         <file>dskinit.lib</file>
         <name>C6713dskinit.obj</name>
      </input_file>
      <input_file id="fl-8a">
         <path>C:\DSK6713\c6000\dsk6713\lib\</path>
         <kind>archive</kind>
         <file>dsk6713bsl.lib</file>
         <name>dsk6713.obj</name>
      </input_file>
      <input_file id="fl-8b">
         <path>C:\DSK6713\c6000\dsk6713\lib\</path>
         <kind>archive</kind>
         <file>dsk6713bsl.lib</file>
         <name>dsk6713_aic23_opencodec.obj</name>
      </input_file>
      <input_file id="fl-8c">
         <path>C:\DSK6713\c6000\dsk6713\lib\</path>
         <kind>archive</kind>
         <file>dsk6713bsl.lib</file>
         <name>dsk6713_aic23_registers.obj</name>
      </input_file>
      <input_file id="fl-8d">
         <path>C:\DSK6713\c6000\dsk6713\lib\</path>
         <kind>archive</kind>
         <file>dsk6713bsl.lib</file>
         <name>dsk6713_aic23_setfreq.obj</name>
      </input_file>
      <input_file id="fl-8e">
         <path>C:\DSK6713\c6000\bios\lib\</path>
         <kind>archive</kind>
         <file>csl6713.lib</file>
         <name>csl_irq.obj</name>
      </input_file>
      <input_file id="fl-8f">
         <path>C:\DSK6713\c6000\bios\lib\</path>
         <kind>archive</kind>
         <file>csl6713.lib</file>
         <name>csl_mcbsp.obj</name>
      </input_file>
      <input_file id="fl-90">
         <path>C:\ti\ccsv5\tools\compiler\c6000_7.4.6\lib\</path>
         <kind>archive</kind>
         <file>rts6700.lib</file>
         <name>strasg.obj</name>
      </input_file>
   </input_file_list>
   <object_component_list>
      <object_component id="oc-28">
         <name>.vecs</name>
         <load_address>0x0</load_address>
         <run_address>0x0</run_address>
         <size>0x200</size>
         <input_file_ref idref="fl-4"/>
      </object_component>
      <object_component id="oc-6f">
         <name>.text</name>
         <load_address>0x220</load_address>
         <run_address>0x220</run_address>
         <size>0x7c0</size>
         <input_file_ref idref="fl-89"/>
      </object_component>
      <object_component id="oc-86">
         <name>.text</name>
         <load_address>0x9e0</load_address>
         <run_address>0x9e0</run_address>
         <size>0x7a0</size>
         <input_file_ref idref="fl-3"/>
      </object_component>
      <object_component id="oc-4a">
         <name>.text</name>
         <load_address>0x1180</load_address>
         <run_address>0x1180</run_address>
         <size>0x480</size>
         <input_file_ref idref="fl-8a"/>
      </object_component>
      <object_component id="oc-76">
         <name>.text</name>
         <load_address>0x1600</load_address>
         <run_address>0x1600</run_address>
         <size>0x3c0</size>
         <input_file_ref idref="fl-2"/>
      </object_component>
      <object_component id="oc-50">
         <name>.text</name>
         <load_address>0x19c0</load_address>
         <run_address>0x19c0</run_address>
         <size>0x300</size>
         <input_file_ref idref="fl-8b"/>
      </object_component>
      <object_component id="oc-74">
         <name>.text:_memcpy</name>
         <load_address>0x1cc0</load_address>
         <run_address>0x1cc0</run_address>
         <size>0x240</size>
         <input_file_ref idref="fl-88"/>
      </object_component>
      <object_component id="oc-7c">
         <name>.text:_IRQ_map</name>
         <load_address>0x1f00</load_address>
         <run_address>0x1f00</run_address>
         <size>0x1a0</size>
         <input_file_ref idref="fl-8e"/>
      </object_component>
      <object_component id="oc-85">
         <name>.text:_MCBSP_reset</name>
         <load_address>0x20a0</load_address>
         <run_address>0x20a0</run_address>
         <size>0x180</size>
         <input_file_ref idref="fl-8f"/>
      </object_component>
      <object_component id="oc-1f">
         <name>.text:retain</name>
         <load_address>0x2220</load_address>
         <run_address>0x2220</run_address>
         <size>0x160</size>
         <input_file_ref idref="fl-2"/>
      </object_component>
      <object_component id="oc-56">
         <name>.text</name>
         <load_address>0x2380</load_address>
         <run_address>0x2380</run_address>
         <size>0x140</size>
         <input_file_ref idref="fl-8c"/>
      </object_component>
      <object_component id="oc-72">
         <name>.text:_MCBSP_start</name>
         <load_address>0x24c0</load_address>
         <run_address>0x24c0</run_address>
         <size>0x100</size>
         <input_file_ref idref="fl-8f"/>
      </object_component>
      <object_component id="oc-6c">
         <name>.text:__auto_init</name>
         <load_address>0x25c0</load_address>
         <run_address>0x25c0</run_address>
         <size>0x100</size>
         <input_file_ref idref="fl-85"/>
      </object_component>
      <object_component id="oc-71">
         <name>.text:_MCBSP_open</name>
         <load_address>0x26c0</load_address>
         <run_address>0x26c0</run_address>
         <size>0xe0</size>
         <input_file_ref idref="fl-8f"/>
      </object_component>
      <object_component id="oc-70">
         <name>.text:__strasg</name>
         <load_address>0x27a0</load_address>
         <run_address>0x27a0</run_address>
         <size>0xe0</size>
         <input_file_ref idref="fl-90"/>
      </object_component>
      <object_component id="oc-6e">
         <name>.text:_exit</name>
         <load_address>0x2880</load_address>
         <run_address>0x2880</run_address>
         <size>0xe0</size>
         <input_file_ref idref="fl-83"/>
      </object_component>
      <object_component id="oc-73">
         <name>.text:_copy_in</name>
         <load_address>0x2960</load_address>
         <run_address>0x2960</run_address>
         <size>0xc0</size>
         <input_file_ref idref="fl-87"/>
      </object_component>
      <object_component id="oc-5c">
         <name>.text</name>
         <load_address>0x2a20</load_address>
         <run_address>0x2a20</run_address>
         <size>0xc0</size>
         <input_file_ref idref="fl-8d"/>
      </object_component>
      <object_component id="oc-78">
         <name>.text:_MCBSP_config</name>
         <load_address>0x2ae0</load_address>
         <run_address>0x2ae0</run_address>
         <size>0xa0</size>
         <input_file_ref idref="fl-8f"/>
      </object_component>
      <object_component id="oc-87">
         <name>.text:_setMux</name>
         <load_address>0x2b80</load_address>
         <run_address>0x2b80</run_address>
         <size>0xa0</size>
         <input_file_ref idref="fl-8e"/>
      </object_component>
      <object_component id="oc-75">
         <name>.text:___TI_cpp_init</name>
         <load_address>0x2c20</load_address>
         <run_address>0x2c20</run_address>
         <size>0x80</size>
         <input_file_ref idref="fl-86"/>
      </object_component>
      <object_component id="oc-1a">
         <name>.text:_c_int00</name>
         <load_address>0x2ca0</load_address>
         <run_address>0x2ca0</run_address>
         <size>0x80</size>
         <input_file_ref idref="fl-82"/>
      </object_component>
      <object_component id="oc-80">
         <name>.text:_IRQ_enable</name>
         <load_address>0x2d20</load_address>
         <run_address>0x2d20</run_address>
         <size>0x40</size>
         <input_file_ref idref="fl-8e"/>
      </object_component>
      <object_component id="oc-7d">
         <name>.text:_IRQ_reset</name>
         <load_address>0x2d60</load_address>
         <run_address>0x2d60</run_address>
         <size>0x40</size>
         <input_file_ref idref="fl-8e"/>
      </object_component>
      <object_component id="oc-6d">
         <name>.text:__args_main</name>
         <load_address>0x2da0</load_address>
         <run_address>0x2da0</run_address>
         <size>0x40</size>
         <input_file_ref idref="fl-84"/>
      </object_component>
      <object_component id="oc-27">
         <name>.text</name>
         <load_address>0x2de0</load_address>
         <run_address>0x2de0</run_address>
         <size>0x20</size>
         <input_file_ref idref="fl-4"/>
      </object_component>
      <object_component id="oc-79">
         <name>.text:_IRQ_globalDisable</name>
         <load_address>0x2e00</load_address>
         <run_address>0x2e00</run_address>
         <size>0x20</size>
         <input_file_ref idref="fl-8e"/>
      </object_component>
      <object_component id="oc-7e">
         <name>.text:_IRQ_globalEnable</name>
         <load_address>0x2e20</load_address>
         <run_address>0x2e20</run_address>
         <size>0x20</size>
         <input_file_ref idref="fl-8e"/>
      </object_component>
      <object_component id="oc-7f">
         <name>.text:_IRQ_nmiEnable</name>
         <load_address>0x2e40</load_address>
         <run_address>0x2e40</run_address>
         <size>0x20</size>
         <input_file_ref idref="fl-8e"/>
      </object_component>
      <object_component id="oc-7b">
         <name>.text:_IRQ_setVecs</name>
         <load_address>0x2e60</load_address>
         <run_address>0x2e60</run_address>
         <size>0x20</size>
         <input_file_ref idref="fl-8e"/>
      </object_component>
      <object_component id="oc-7a">
         <name>.text:_MCBSP_getXmtEventId</name>
         <load_address>0x2e80</load_address>
         <run_address>0x2e80</run_address>
         <size>0x20</size>
         <input_file_ref idref="fl-8f"/>
      </object_component>
      <object_component id="oc-84">
         <name>.text:_MCBSP_read</name>
         <load_address>0x2ea0</load_address>
         <run_address>0x2ea0</run_address>
         <size>0x20</size>
         <input_file_ref idref="fl-8f"/>
      </object_component>
      <object_component id="oc-83">
         <name>.text:_MCBSP_rrdy</name>
         <load_address>0x2ec0</load_address>
         <run_address>0x2ec0</run_address>
         <size>0x20</size>
         <input_file_ref idref="fl-8f"/>
      </object_component>
      <object_component id="oc-82">
         <name>.text:_MCBSP_write</name>
         <load_address>0x2ee0</load_address>
         <run_address>0x2ee0</run_address>
         <size>0x20</size>
         <input_file_ref idref="fl-8f"/>
      </object_component>
      <object_component id="oc-81">
         <name>.text:_MCBSP_xrdy</name>
         <load_address>0x2f00</load_address>
         <run_address>0x2f00</run_address>
         <size>0x20</size>
         <input_file_ref idref="fl-8f"/>
      </object_component>
      <object_component id="oc-77">
         <name>.text:_abort</name>
         <load_address>0x2f20</load_address>
         <run_address>0x2f20</run_address>
         <size>0x20</size>
         <input_file_ref idref="fl-83"/>
      </object_component>
      <object_component id="oc-62">
         <name>.text</name>
         <load_address>0x2f40</load_address>
         <run_address>0x2f40</run_address>
         <size>0x20</size>
         <input_file_ref idref="fl-8e"/>
      </object_component>
      <object_component id="oc-2d">
         <name>.stack</name>
         <uninitialized>true</uninitialized>
         <run_address>0x4c00</run_address>
         <size>0x8</size>
         <input_file_ref idref="fl-82"/>
      </object_component>
      <object_component id="oc-ab">
         <name>.stack</name>
         <uninitialized>true</uninitialized>
         <run_address>0x4c00</run_address>
         <size>0x0</size>
      </object_component>
      <object_component id="oc-52">
         <name>.const</name>
         <load_address>0x56b4</load_address>
         <run_address>0x56b4</run_address>
         <size>0x40</size>
         <input_file_ref idref="fl-8b"/>
      </object_component>
      <object_component id="oc-4c">
         <name>.const</name>
         <load_address>0x56f4</load_address>
         <run_address>0x56f4</run_address>
         <size>0x20</size>
         <input_file_ref idref="fl-8a"/>
      </object_component>
      <object_component id="oc-1e">
         <name>.const</name>
         <load_address>0x5714</load_address>
         <run_address>0x5714</run_address>
         <size>0xc</size>
         <input_file_ref idref="fl-2"/>
      </object_component>
      <object_component id="oc-1d">
         <name>.far</name>
         <uninitialized>true</uninitialized>
         <run_address>0x2f60</run_address>
         <size>0x1ab8</size>
         <input_file_ref idref="fl-2"/>
      </object_component>
      <object_component id="oc-32">
         <name>.far</name>
         <uninitialized>true</uninitialized>
         <run_address>0x4be4</run_address>
         <size>0xc</size>
         <input_file_ref idref="fl-83"/>
      </object_component>
      <object_component id="oc-46">
         <name>.far</name>
         <uninitialized>true</uninitialized>
         <run_address>0x4b0c</run_address>
         <size>0x58</size>
         <input_file_ref idref="fl-89"/>
      </object_component>
      <object_component id="oc-4b">
         <name>.far</name>
         <uninitialized>true</uninitialized>
         <run_address>0x4bf8</run_address>
         <size>0x2</size>
         <input_file_ref idref="fl-8a"/>
      </object_component>
      <object_component id="oc-51">
         <name>.far</name>
         <uninitialized>true</uninitialized>
         <run_address>0x4bf0</run_address>
         <size>0x8</size>
         <input_file_ref idref="fl-8b"/>
      </object_component>
      <object_component id="oc-58">
         <name>.far</name>
         <uninitialized>true</uninitialized>
         <run_address>0x4b9c</run_address>
         <size>0x28</size>
         <input_file_ref idref="fl-8c"/>
      </object_component>
      <object_component id="oc-5e">
         <name>.far</name>
         <uninitialized>true</uninitialized>
         <run_address>0x4bc4</run_address>
         <size>0x20</size>
         <input_file_ref idref="fl-8d"/>
      </object_component>
      <object_component id="oc-64">
         <name>.far</name>
         <uninitialized>true</uninitialized>
         <run_address>0x4a18</run_address>
         <size>0xf4</size>
         <input_file_ref idref="fl-8e"/>
      </object_component>
      <object_component id="oc-67">
         <name>.far</name>
         <uninitialized>true</uninitialized>
         <run_address>0x4b64</run_address>
         <size>0x38</size>
         <input_file_ref idref="fl-8f"/>
      </object_component>
      <object_component id="oc-63">
         <name>.cinit</name>
         <load_address>0x5400</load_address>
         <run_address>0x5400</run_address>
         <size>0x12c</size>
         <input_file_ref idref="fl-8e"/>
      </object_component>
      <object_component id="oc-45">
         <name>.cinit</name>
         <load_address>0x5530</load_address>
         <run_address>0x5530</run_address>
         <size>0x58</size>
         <input_file_ref idref="fl-89"/>
      </object_component>
      <object_component id="oc-66">
         <name>.cinit</name>
         <load_address>0x5588</load_address>
         <run_address>0x5588</run_address>
         <size>0x54</size>
         <input_file_ref idref="fl-8f"/>
      </object_component>
      <object_component id="oc-1c">
         <name>.cinit</name>
         <load_address>0x55e0</load_address>
         <run_address>0x55e0</run_address>
         <size>0x44</size>
         <input_file_ref idref="fl-2"/>
      </object_component>
      <object_component id="oc-57">
         <name>.cinit</name>
         <load_address>0x5628</load_address>
         <run_address>0x5628</run_address>
         <size>0x30</size>
         <input_file_ref idref="fl-8c"/>
      </object_component>
      <object_component id="oc-31">
         <name>.cinit</name>
         <load_address>0x5658</load_address>
         <run_address>0x5658</run_address>
         <size>0x2c</size>
         <input_file_ref idref="fl-83"/>
      </object_component>
      <object_component id="oc-5d">
         <name>.cinit</name>
         <load_address>0x5688</load_address>
         <run_address>0x5688</run_address>
         <size>0x28</size>
         <input_file_ref idref="fl-8d"/>
      </object_component>
      <object_component id="oc-1b">
         <name>.debug_info</name>
         <load_address>0x0</load_address>
         <run_address>0x0</run_address>
         <size>0xcfe</size>
         <input_file_ref idref="fl-2"/>
      </object_component>
      <object_component id="oc-23">
         <name>.debug_info</name>
         <load_address>0xcfe</load_address>
         <run_address>0xcfe</run_address>
         <size>0x1027</size>
         <input_file_ref idref="fl-3"/>
      </object_component>
      <object_component id="oc-29">
         <name>.debug_info</name>
         <load_address>0x1d25</load_address>
         <run_address>0x1d25</run_address>
         <size>0x10c</size>
         <input_file_ref idref="fl-4"/>
      </object_component>
      <object_component id="oc-2c">
         <name>.debug_info</name>
         <load_address>0x1e31</load_address>
         <run_address>0x1e31</run_address>
         <size>0x70b</size>
         <input_file_ref idref="fl-82"/>
      </object_component>
      <object_component id="oc-30">
         <name>.debug_info</name>
         <load_address>0x253c</load_address>
         <run_address>0x253c</run_address>
         <size>0x7fd</size>
         <input_file_ref idref="fl-83"/>
      </object_component>
      <object_component id="oc-35">
         <name>.debug_info</name>
         <load_address>0x2d39</load_address>
         <run_address>0x2d39</run_address>
         <size>0x6e1</size>
         <input_file_ref idref="fl-84"/>
      </object_component>
      <object_component id="oc-38">
         <name>.debug_info</name>
         <load_address>0x341a</load_address>
         <run_address>0x341a</run_address>
         <size>0x86f</size>
         <input_file_ref idref="fl-85"/>
      </object_component>
      <object_component id="oc-3b">
         <name>.debug_info</name>
         <load_address>0x3c89</load_address>
         <run_address>0x3c89</run_address>
         <size>0x6e7</size>
         <input_file_ref idref="fl-86"/>
      </object_component>
      <object_component id="oc-3e">
         <name>.debug_info</name>
         <load_address>0x4370</load_address>
         <run_address>0x4370</run_address>
         <size>0x7dd</size>
         <input_file_ref idref="fl-87"/>
      </object_component>
      <object_component id="oc-41">
         <name>.debug_info</name>
         <load_address>0x4b4d</load_address>
         <run_address>0x4b4d</run_address>
         <size>0x78e</size>
         <input_file_ref idref="fl-88"/>
      </object_component>
      <object_component id="oc-44">
         <name>.debug_info</name>
         <load_address>0x52db</load_address>
         <run_address>0x52db</run_address>
         <size>0x1565</size>
         <input_file_ref idref="fl-89"/>
      </object_component>
      <object_component id="oc-4e">
         <name>.debug_info</name>
         <load_address>0x6840</load_address>
         <run_address>0x6840</run_address>
         <size>0x8a7</size>
         <input_file_ref idref="fl-8a"/>
      </object_component>
      <object_component id="oc-54">
         <name>.debug_info</name>
         <load_address>0x70e7</load_address>
         <run_address>0x70e7</run_address>
         <size>0x89f</size>
         <input_file_ref idref="fl-8b"/>
      </object_component>
      <object_component id="oc-5a">
         <name>.debug_info</name>
         <load_address>0x7986</load_address>
         <run_address>0x7986</run_address>
         <size>0x929</size>
         <input_file_ref idref="fl-8c"/>
      </object_component>
      <object_component id="oc-60">
         <name>.debug_info</name>
         <load_address>0x82af</load_address>
         <run_address>0x82af</run_address>
         <size>0x5b3</size>
         <input_file_ref idref="fl-8d"/>
      </object_component>
      <object_component id="oc-69">
         <name>.debug_info</name>
         <load_address>0x8862</load_address>
         <run_address>0x8862</run_address>
         <size>0xd8</size>
         <input_file_ref idref="fl-90"/>
      </object_component>
      <object_component id="oc-ac">
         <name>.debug_info</name>
         <load_address>0x893a</load_address>
         <run_address>0x893a</run_address>
         <size>0x6d</size>
      </object_component>
      <object_component id="oc-20">
         <name>.debug_frame</name>
         <load_address>0x0</load_address>
         <run_address>0x0</run_address>
         <size>0x345</size>
         <input_file_ref idref="fl-2"/>
      </object_component>
      <object_component id="oc-24">
         <name>.debug_frame</name>
         <load_address>0x345</load_address>
         <run_address>0x345</run_address>
         <size>0x31e</size>
         <input_file_ref idref="fl-3"/>
      </object_component>
      <object_component id="oc-47">
         <name>.debug_frame</name>
         <load_address>0x663</load_address>
         <run_address>0x663</run_address>
         <size>0x34f</size>
         <input_file_ref idref="fl-89"/>
      </object_component>
      <object_component id="oc-21">
         <name>.debug_line</name>
         <load_address>0x0</load_address>
         <run_address>0x0</run_address>
         <size>0x103</size>
         <input_file_ref idref="fl-2"/>
      </object_component>
      <object_component id="oc-25">
         <name>.debug_line</name>
         <load_address>0x103</load_address>
         <run_address>0x103</run_address>
         <size>0x1cb</size>
         <input_file_ref idref="fl-3"/>
      </object_component>
      <object_component id="oc-2a">
         <name>.debug_line</name>
         <load_address>0x2ce</load_address>
         <run_address>0x2ce</run_address>
         <size>0xcd</size>
         <input_file_ref idref="fl-4"/>
      </object_component>
      <object_component id="oc-2e">
         <name>.debug_line</name>
         <load_address>0x39b</load_address>
         <run_address>0x39b</run_address>
         <size>0x3d</size>
         <input_file_ref idref="fl-82"/>
      </object_component>
      <object_component id="oc-33">
         <name>.debug_line</name>
         <load_address>0x3d8</load_address>
         <run_address>0x3d8</run_address>
         <size>0x4f</size>
         <input_file_ref idref="fl-83"/>
      </object_component>
      <object_component id="oc-36">
         <name>.debug_line</name>
         <load_address>0x427</load_address>
         <run_address>0x427</run_address>
         <size>0x41</size>
         <input_file_ref idref="fl-84"/>
      </object_component>
      <object_component id="oc-39">
         <name>.debug_line</name>
         <load_address>0x468</load_address>
         <run_address>0x468</run_address>
         <size>0x47</size>
         <input_file_ref idref="fl-85"/>
      </object_component>
      <object_component id="oc-3c">
         <name>.debug_line</name>
         <load_address>0x4af</load_address>
         <run_address>0x4af</run_address>
         <size>0x45</size>
         <input_file_ref idref="fl-86"/>
      </object_component>
      <object_component id="oc-3f">
         <name>.debug_line</name>
         <load_address>0x4f4</load_address>
         <run_address>0x4f4</run_address>
         <size>0x44</size>
         <input_file_ref idref="fl-87"/>
      </object_component>
      <object_component id="oc-42">
         <name>.debug_line</name>
         <load_address>0x538</load_address>
         <run_address>0x538</run_address>
         <size>0x4e</size>
         <input_file_ref idref="fl-88"/>
      </object_component>
      <object_component id="oc-48">
         <name>.debug_line</name>
         <load_address>0x586</load_address>
         <run_address>0x586</run_address>
         <size>0x16a</size>
         <input_file_ref idref="fl-89"/>
      </object_component>
      <object_component id="oc-4f">
         <name>.debug_line</name>
         <load_address>0x6f0</load_address>
         <run_address>0x6f0</run_address>
         <size>0xb2</size>
         <input_file_ref idref="fl-8a"/>
      </object_component>
      <object_component id="oc-55">
         <name>.debug_line</name>
         <load_address>0x7a2</load_address>
         <run_address>0x7a2</run_address>
         <size>0x4f</size>
         <input_file_ref idref="fl-8b"/>
      </object_component>
      <object_component id="oc-5b">
         <name>.debug_line</name>
         <load_address>0x7f1</load_address>
         <run_address>0x7f1</run_address>
         <size>0x7e</size>
         <input_file_ref idref="fl-8c"/>
      </object_component>
      <object_component id="oc-61">
         <name>.debug_line</name>
         <load_address>0x86f</load_address>
         <run_address>0x86f</run_address>
         <size>0x52</size>
         <input_file_ref idref="fl-8d"/>
      </object_component>
      <object_component id="oc-6a">
         <name>.debug_line</name>
         <load_address>0x8c1</load_address>
         <run_address>0x8c1</run_address>
         <size>0x48</size>
         <input_file_ref idref="fl-90"/>
      </object_component>
      <object_component id="oc-22">
         <name>.debug_abbrev</name>
         <load_address>0x0</load_address>
         <run_address>0x0</run_address>
         <size>0x153</size>
         <input_file_ref idref="fl-2"/>
      </object_component>
      <object_component id="oc-26">
         <name>.debug_abbrev</name>
         <load_address>0x153</load_address>
         <run_address>0x153</run_address>
         <size>0xdb</size>
         <input_file_ref idref="fl-3"/>
      </object_component>
      <object_component id="oc-2b">
         <name>.debug_abbrev</name>
         <load_address>0x22e</load_address>
         <run_address>0x22e</run_address>
         <size>0x20</size>
         <input_file_ref idref="fl-4"/>
      </object_component>
      <object_component id="oc-2f">
         <name>.debug_abbrev</name>
         <load_address>0x24e</load_address>
         <run_address>0x24e</run_address>
         <size>0xfe</size>
         <input_file_ref idref="fl-82"/>
      </object_component>
      <object_component id="oc-34">
         <name>.debug_abbrev</name>
         <load_address>0x34c</load_address>
         <run_address>0x34c</run_address>
         <size>0x119</size>
         <input_file_ref idref="fl-83"/>
      </object_component>
      <object_component id="oc-37">
         <name>.debug_abbrev</name>
         <load_address>0x465</load_address>
         <run_address>0x465</run_address>
         <size>0xe1</size>
         <input_file_ref idref="fl-84"/>
      </object_component>
      <object_component id="oc-3a">
         <name>.debug_abbrev</name>
         <load_address>0x546</load_address>
         <run_address>0x546</run_address>
         <size>0x13f</size>
         <input_file_ref idref="fl-85"/>
      </object_component>
      <object_component id="oc-3d">
         <name>.debug_abbrev</name>
         <load_address>0x685</load_address>
         <run_address>0x685</run_address>
         <size>0xdd</size>
         <input_file_ref idref="fl-86"/>
      </object_component>
      <object_component id="oc-40">
         <name>.debug_abbrev</name>
         <load_address>0x762</load_address>
         <run_address>0x762</run_address>
         <size>0x10c</size>
         <input_file_ref idref="fl-87"/>
      </object_component>
      <object_component id="oc-43">
         <name>.debug_abbrev</name>
         <load_address>0x86e</load_address>
         <run_address>0x86e</run_address>
         <size>0xd5</size>
         <input_file_ref idref="fl-88"/>
      </object_component>
      <object_component id="oc-49">
         <name>.debug_abbrev</name>
         <load_address>0x943</load_address>
         <run_address>0x943</run_address>
         <size>0x195</size>
         <input_file_ref idref="fl-89"/>
      </object_component>
      <object_component id="oc-4d">
         <name>.debug_abbrev</name>
         <load_address>0xad8</load_address>
         <run_address>0xad8</run_address>
         <size>0x196</size>
         <input_file_ref idref="fl-8a"/>
      </object_component>
      <object_component id="oc-53">
         <name>.debug_abbrev</name>
         <load_address>0xc6e</load_address>
         <run_address>0xc6e</run_address>
         <size>0x126</size>
         <input_file_ref idref="fl-8b"/>
      </object_component>
      <object_component id="oc-59">
         <name>.debug_abbrev</name>
         <load_address>0xd94</load_address>
         <run_address>0xd94</run_address>
         <size>0x14e</size>
         <input_file_ref idref="fl-8c"/>
      </object_component>
      <object_component id="oc-5f">
         <name>.debug_abbrev</name>
         <load_address>0xee2</load_address>
         <run_address>0xee2</run_address>
         <size>0xf1</size>
         <input_file_ref idref="fl-8d"/>
      </object_component>
      <object_component id="oc-6b">
         <name>.debug_abbrev</name>
         <load_address>0xfd3</load_address>
         <run_address>0xfd3</run_address>
         <size>0x3a</size>
         <input_file_ref idref="fl-90"/>
      </object_component>
      <object_component id="oc-ad">
         <name>.debug_abbrev</name>
         <load_address>0x100d</load_address>
         <run_address>0x100d</run_address>
         <size>0xd</size>
      </object_component>
      <object_component id="oc-65">
         <name>$BRID</name>
         <load_address>0x0</load_address>
         <run_address>0x0</run_address>
         <size>0x78</size>
         <input_file_ref idref="fl-8e"/>
      </object_component>
      <object_component id="oc-68">
         <name>$BRID</name>
         <load_address>0x78</load_address>
         <run_address>0x78</run_address>
         <size>0x7c</size>
         <input_file_ref idref="fl-8f"/>
      </object_component>
   </object_component_list>
   <logical_group_list>
      <logical_group id="lg-2">
         <name>.EXT_RAM</name>
         <run_address>0x0</run_address>
         <size>0x0</size>
         <contents>
         </contents>
      </logical_group>
      <logical_group id="lg-3">
         <name>.vecs</name>
         <load_address>0x0</load_address>
         <run_address>0x0</run_address>
         <size>0x200</size>
         <contents>
            <object_component_ref idref="oc-28"/>
         </contents>
      </logical_group>
      <logical_group id="lg-4">
         <name>.text</name>
         <load_address>0x220</load_address>
         <run_address>0x220</run_address>
         <size>0x2d40</size>
         <contents>
            <object_component_ref idref="oc-6f"/>
            <object_component_ref idref="oc-86"/>
            <object_component_ref idref="oc-4a"/>
            <object_component_ref idref="oc-76"/>
            <object_component_ref idref="oc-50"/>
            <object_component_ref idref="oc-74"/>
            <object_component_ref idref="oc-7c"/>
            <object_component_ref idref="oc-85"/>
            <object_component_ref idref="oc-1f"/>
            <object_component_ref idref="oc-56"/>
            <object_component_ref idref="oc-72"/>
            <object_component_ref idref="oc-6c"/>
            <object_component_ref idref="oc-71"/>
            <object_component_ref idref="oc-70"/>
            <object_component_ref idref="oc-6e"/>
            <object_component_ref idref="oc-73"/>
            <object_component_ref idref="oc-5c"/>
            <object_component_ref idref="oc-78"/>
            <object_component_ref idref="oc-87"/>
            <object_component_ref idref="oc-75"/>
            <object_component_ref idref="oc-1a"/>
            <object_component_ref idref="oc-80"/>
            <object_component_ref idref="oc-7d"/>
            <object_component_ref idref="oc-6d"/>
            <object_component_ref idref="oc-27"/>
            <object_component_ref idref="oc-79"/>
            <object_component_ref idref="oc-7e"/>
            <object_component_ref idref="oc-7f"/>
            <object_component_ref idref="oc-7b"/>
            <object_component_ref idref="oc-7a"/>
            <object_component_ref idref="oc-84"/>
            <object_component_ref idref="oc-83"/>
            <object_component_ref idref="oc-82"/>
            <object_component_ref idref="oc-81"/>
            <object_component_ref idref="oc-77"/>
            <object_component_ref idref="oc-62"/>
         </contents>
      </logical_group>
      <logical_group id="lg-5">
         <name>.text</name>
         <run_address>0x0</run_address>
         <size>0x0</size>
         <contents>
         </contents>
      </logical_group>
      <logical_group id="lg-6">
         <name>.stack</name>
         <run_address>0x4c00</run_address>
         <size>0x800</size>
         <contents>
            <object_component_ref idref="oc-2d"/>
            <object_component_ref idref="oc-ab"/>
         </contents>
      </logical_group>
      <logical_group id="lg-7">
         <name>.bss</name>
         <run_address>0x220</run_address>
         <size>0x0</size>
         <contents>
         </contents>
      </logical_group>
      <logical_group id="lg-8">
         <name>.cio</name>
         <run_address>0x0</run_address>
         <size>0x0</size>
         <contents>
         </contents>
      </logical_group>
      <logical_group id="lg-9">
         <name>.const</name>
         <load_address>0x56b4</load_address>
         <run_address>0x56b4</run_address>
         <size>0x6c</size>
         <contents>
            <object_component_ref idref="oc-52"/>
            <object_component_ref idref="oc-4c"/>
            <object_component_ref idref="oc-1e"/>
         </contents>
      </logical_group>
      <logical_group id="lg-a">
         <name>.data</name>
         <run_address>0x220</run_address>
         <size>0x0</size>
         <contents>
         </contents>
      </logical_group>
      <logical_group id="lg-b">
         <name>.switch</name>
         <run_address>0x0</run_address>
         <size>0x0</size>
         <contents>
         </contents>
      </logical_group>
      <logical_group id="lg-c">
         <name>.sysmem</name>
         <run_address>0x0</run_address>
         <size>0x0</size>
         <contents>
         </contents>
      </logical_group>
      <logical_group id="lg-d">
         <name>.far</name>
         <run_address>0x2f60</run_address>
         <size>0x1c9a</size>
         <contents>
            <object_component_ref idref="oc-1d"/>
            <object_component_ref idref="oc-32"/>
            <object_component_ref idref="oc-46"/>
            <object_component_ref idref="oc-4b"/>
            <object_component_ref idref="oc-51"/>
            <object_component_ref idref="oc-58"/>
            <object_component_ref idref="oc-5e"/>
            <object_component_ref idref="oc-64"/>
            <object_component_ref idref="oc-67"/>
         </contents>
      </logical_group>
      <logical_group id="lg-e">
         <name>.args</name>
         <run_address>0x0</run_address>
         <size>0x0</size>
         <contents>
         </contents>
      </logical_group>
      <logical_group id="lg-f">
         <name>.ppinfo</name>
         <run_address>0x0</run_address>
         <size>0x0</size>
         <contents>
         </contents>
      </logical_group>
      <logical_group id="lg-10">
         <name>.ppdata</name>
         <run_address>0x0</run_address>
         <size>0x0</size>
         <contents>
         </contents>
      </logical_group>
      <logical_group id="lg-11">
         <name>.pinit</name>
         <run_address>0x0</run_address>
         <size>0x0</size>
         <contents>
         </contents>
      </logical_group>
      <logical_group id="lg-12">
         <name>.cinit</name>
         <load_address>0x5400</load_address>
         <run_address>0x5400</run_address>
         <size>0x2b4</size>
         <contents>
            <object_component_ref idref="oc-63"/>
            <object_component_ref idref="oc-45"/>
            <object_component_ref idref="oc-66"/>
            <object_component_ref idref="oc-1c"/>
            <object_component_ref idref="oc-57"/>
            <object_component_ref idref="oc-31"/>
            <object_component_ref idref="oc-5d"/>
         </contents>
      </logical_group>
      <logical_group id="lg-13">
         <name>.binit</name>
         <run_address>0x0</run_address>
         <size>0x0</size>
         <contents>
         </contents>
      </logical_group>
      <logical_group id="lg-14">
         <name>.init_array</name>
         <run_address>0x0</run_address>
         <size>0x0</size>
         <contents>
         </contents>
      </logical_group>
      <logical_group id="lg-15">
         <name>.neardata</name>
         <run_address>0x0</run_address>
         <size>0x0</size>
         <contents>
         </contents>
      </logical_group>
      <logical_group id="lg-16">
         <name>.fardata</name>
         <run_address>0x0</run_address>
         <size>0x0</size>
         <contents>
         </contents>
      </logical_group>
      <logical_group id="lg-17">
         <name>.rodata</name>
         <run_address>0x0</run_address>
         <size>0x0</size>
         <contents>
         </contents>
      </logical_group>
      <logical_group id="lg-18">
         <name>.c6xabi.exidx</name>
         <run_address>0x0</run_address>
         <size>0x0</size>
         <contents>
         </contents>
      </logical_group>
      <logical_group id="lg-19">
         <name>.c6xabi.extab</name>
         <run_address>0x0</run_address>
         <size>0x0</size>
         <contents>
         </contents>
      </logical_group>
      <logical_group id="lg-a0">
         <name>.debug_info</name>
         <load_address>0x0</load_address>
         <run_address>0x0</run_address>
         <size>0x89a7</size>
         <contents>
            <object_component_ref idref="oc-1b"/>
            <object_component_ref idref="oc-23"/>
            <object_component_ref idref="oc-29"/>
            <object_component_ref idref="oc-2c"/>
            <object_component_ref idref="oc-30"/>
            <object_component_ref idref="oc-35"/>
            <object_component_ref idref="oc-38"/>
            <object_component_ref idref="oc-3b"/>
            <object_component_ref idref="oc-3e"/>
            <object_component_ref idref="oc-41"/>
            <object_component_ref idref="oc-44"/>
            <object_component_ref idref="oc-4e"/>
            <object_component_ref idref="oc-54"/>
            <object_component_ref idref="oc-5a"/>
            <object_component_ref idref="oc-60"/>
            <object_component_ref idref="oc-69"/>
            <object_component_ref idref="oc-ac"/>
         </contents>
      </logical_group>
      <logical_group id="lg-a2">
         <name>.debug_frame</name>
         <load_address>0x0</load_address>
         <run_address>0x0</run_address>
         <size>0x9b2</size>
         <contents>
            <object_component_ref idref="oc-20"/>
            <object_component_ref idref="oc-24"/>
            <object_component_ref idref="oc-47"/>
         </contents>
      </logical_group>
      <logical_group id="lg-a4">
         <name>.debug_line</name>
         <load_address>0x0</load_address>
         <run_address>0x0</run_address>
         <size>0x909</size>
         <contents>
            <object_component_ref idref="oc-21"/>
            <object_component_ref idref="oc-25"/>
            <object_component_ref idref="oc-2a"/>
            <object_component_ref idref="oc-2e"/>
            <object_component_ref idref="oc-33"/>
            <object_component_ref idref="oc-36"/>
            <object_component_ref idref="oc-39"/>
            <object_component_ref idref="oc-3c"/>
            <object_component_ref idref="oc-3f"/>
            <object_component_ref idref="oc-42"/>
            <object_component_ref idref="oc-48"/>
            <object_component_ref idref="oc-4f"/>
            <object_component_ref idref="oc-55"/>
            <object_component_ref idref="oc-5b"/>
            <object_component_ref idref="oc-61"/>
            <object_component_ref idref="oc-6a"/>
         </contents>
      </logical_group>
      <logical_group id="lg-a6">
         <name>.debug_abbrev</name>
         <load_address>0x0</load_address>
         <run_address>0x0</run_address>
         <size>0x101a</size>
         <contents>
            <object_component_ref idref="oc-22"/>
            <object_component_ref idref="oc-26"/>
            <object_component_ref idref="oc-2b"/>
            <object_component_ref idref="oc-2f"/>
            <object_component_ref idref="oc-34"/>
            <object_component_ref idref="oc-37"/>
            <object_component_ref idref="oc-3a"/>
            <object_component_ref idref="oc-3d"/>
            <object_component_ref idref="oc-40"/>
            <object_component_ref idref="oc-43"/>
            <object_component_ref idref="oc-49"/>
            <object_component_ref idref="oc-4d"/>
            <object_component_ref idref="oc-53"/>
            <object_component_ref idref="oc-59"/>
            <object_component_ref idref="oc-5f"/>
            <object_component_ref idref="oc-6b"/>
            <object_component_ref idref="oc-ad"/>
         </contents>
      </logical_group>
      <logical_group id="lg-a8">
         <name>$BRID</name>
         <load_address>0x0</load_address>
         <run_address>0x0</run_address>
         <size>0xf4</size>
         <contents>
            <object_component_ref idref="oc-65"/>
            <object_component_ref idref="oc-68"/>
         </contents>
      </logical_group>
   </logical_group_list>
   <placement_map>
      <memory_area>
         <name>IVECS</name>
         <page_id>0x0</page_id>
         <origin>0x0</origin>
         <length>0x220</length>
         <used_space>0x200</used_space>
         <unused_space>0x20</unused_space>
         <attributes>RWIX</attributes>
         <usage_details>
            <allocated_space>
               <start_address>0x0</start_address>
               <size>0x200</size>
               <logical_group_ref idref="lg-3"/>
            </allocated_space>
            <available_space>
               <start_address>0x200</start_address>
               <size>0x20</size>
            </available_space>
         </usage_details>
      </memory_area>
      <memory_area>
         <name>IRAM</name>
         <page_id>0x0</page_id>
         <origin>0x220</origin>
         <length>0x2fde0</length>
         <used_space>0x54fa</used_space>
         <unused_space>0x2a8e6</unused_space>
         <attributes>RWIX</attributes>
         <usage_details>
            <allocated_space>
               <start_address>0x220</start_address>
               <size>0x0</size>
               <logical_group_ref idref="lg-a"/>
            </allocated_space>
            <allocated_space>
               <start_address>0x220</start_address>
               <size>0x0</size>
               <logical_group_ref idref="lg-7"/>
            </allocated_space>
            <allocated_space>
               <start_address>0x220</start_address>
               <size>0x2d40</size>
               <logical_group_ref idref="lg-4"/>
            </allocated_space>
            <allocated_space>
               <start_address>0x2f60</start_address>
               <size>0x1c9a</size>
               <logical_group_ref idref="lg-d"/>
            </allocated_space>
            <available_space>
               <start_address>0x4bfa</start_address>
               <size>0x6</size>
            </available_space>
            <allocated_space>
               <start_address>0x4c00</start_address>
               <size>0x800</size>
               <logical_group_ref idref="lg-6"/>
            </allocated_space>
            <allocated_space>
               <start_address>0x5400</start_address>
               <size>0x2b4</size>
               <logical_group_ref idref="lg-12"/>
            </allocated_space>
            <allocated_space>
               <start_address>0x56b4</start_address>
               <size>0x6c</size>
               <logical_group_ref idref="lg-9"/>
            </allocated_space>
            <available_space>
               <start_address>0x5720</start_address>
               <size>0x2a8e0</size>
            </available_space>
         </usage_details>
      </memory_area>
      <memory_area>
         <name>L2RAM</name>
         <page_id>0x0</page_id>
         <origin>0x30000</origin>
         <length>0x10000</length>
         <used_space>0x0</used_space>
         <unused_space>0x10000</unused_space>
         <attributes>RWIX</attributes>
         <usage_details>
         </usage_details>
      </memory_area>
      <memory_area>
         <name>EMIFCE0</name>
         <page_id>0x0</page_id>
         <origin>0x80000000</origin>
         <length>0x10000000</length>
         <used_space>0x0</used_space>
         <unused_space>0x10000000</unused_space>
         <attributes>RWIX</attributes>
         <usage_details>
         </usage_details>
      </memory_area>
      <memory_area>
         <name>EMIFCE1</name>
         <page_id>0x0</page_id>
         <origin>0x90000000</origin>
         <length>0x10000000</length>
         <used_space>0x0</used_space>
         <unused_space>0x10000000</unused_space>
         <attributes>RWIX</attributes>
         <usage_details>
         </usage_details>
      </memory_area>
      <memory_area>
         <name>EMIFCE2</name>
         <page_id>0x0</page_id>
         <origin>0xa0000000</origin>
         <length>0x10000000</length>
         <used_space>0x0</used_space>
         <unused_space>0x10000000</unused_space>
         <attributes>RWIX</attributes>
         <usage_details>
         </usage_details>
      </memory_area>
      <memory_area>
         <name>EMIFCE3</name>
         <page_id>0x0</page_id>
         <origin>0xb0000000</origin>
         <length>0x10000000</length>
         <used_space>0x0</used_space>
         <unused_space>0x10000000</unused_space>
         <attributes>RWIX</attributes>
         <usage_details>
         </usage_details>
      </memory_area>
   </placement_map>
   <symbol_table>
      <symbol id="sm-0">
         <name>cinit</name>
         <value>0x5400</value>
      </symbol>
      <symbol id="sm-1">
         <name>___cinit__</name>
         <value>0x5400</value>
      </symbol>
      <symbol id="sm-2">
         <name>pinit</name>
         <value>0xffffffff</value>
      </symbol>
      <symbol id="sm-3">
         <name>___pinit__</name>
         <value>0xffffffff</value>
      </symbol>
      <symbol id="sm-4">
         <name>binit</name>
         <value>0xffffffff</value>
      </symbol>
      <symbol id="sm-5">
         <name>___binit__</name>
         <value>0xffffffff</value>
      </symbol>
      <symbol id="sm-6">
         <name>__STACK_SIZE</name>
         <value>0x800</value>
      </symbol>
      <symbol id="sm-7">
         <name>__STACK_END</name>
         <value>0x5400</value>
      </symbol>
      <symbol id="sm-8">
         <name>___c_args__</name>
         <value>0xffffffff</value>
      </symbol>
      <symbol id="sm-9">
         <name>.text</name>
         <value>0x220</value>
      </symbol>
      <symbol id="sm-a">
         <name>___text__</name>
         <value>0x220</value>
      </symbol>
      <symbol id="sm-b">
         <name>etext</name>
         <value>0x2f60</value>
      </symbol>
      <symbol id="sm-c">
         <name>___etext__</name>
         <value>0x2f60</value>
      </symbol>
      <symbol id="sm-d">
         <name>.data</name>
         <value>0x220</value>
      </symbol>
      <symbol id="sm-e">
         <name>___data__</name>
         <value>0x220</value>
      </symbol>
      <symbol id="sm-f">
         <name>edata</name>
         <value>0x220</value>
      </symbol>
      <symbol id="sm-10">
         <name>___edata__</name>
         <value>0x220</value>
      </symbol>
      <symbol id="sm-11">
         <name>.bss</name>
         <value>0x220</value>
      </symbol>
      <symbol id="sm-12">
         <name>___bss__</name>
         <value>0x220</value>
      </symbol>
      <symbol id="sm-13">
         <name>end</name>
         <value>0x220</value>
      </symbol>
      <symbol id="sm-14">
         <name>___end__</name>
         <value>0x220</value>
      </symbol>
      <symbol id="sm-15">
         <name>___TI_pprof_out_hndl</name>
         <value>0xffffffff</value>
      </symbol>
      <symbol id="sm-16">
         <name>___TI_prof_data_start</name>
         <value>0xffffffff</value>
      </symbol>
      <symbol id="sm-17">
         <name>___TI_prof_data_size</name>
         <value>0xffffffff</value>
      </symbol>
      <symbol id="sm-18">
         <name>$bss</name>
         <value>0x220</value>
      </symbol>
      <symbol id="sm-81">
         <name>_wait_buffer</name>
         <value>0x1754</value>
         <object_component_ref idref="oc-76"/>
      </symbol>
      <symbol id="sm-82">
         <name>_main</name>
         <value>0x18cc</value>
         <object_component_ref idref="oc-76"/>
      </symbol>
      <symbol id="sm-83">
         <name>_c_int11</name>
         <value>0x2220</value>
         <object_component_ref idref="oc-1f"/>
      </symbol>
      <symbol id="sm-84">
         <name>_buffer1</name>
         <value>0x2f70</value>
         <object_component_ref idref="oc-1d"/>
      </symbol>
      <symbol id="sm-85">
         <name>_buffer2</name>
         <value>0x3bf0</value>
         <object_component_ref idref="oc-1d"/>
      </symbol>
      <symbol id="sm-86">
         <name>_sample</name>
         <value>0x4a14</value>
         <object_component_ref idref="oc-1d"/>
      </symbol>
      <symbol id="sm-87">
         <name>_iobuffer</name>
         <value>0x4a0c</value>
         <object_component_ref idref="oc-1d"/>
      </symbol>
      <symbol id="sm-88">
         <name>_oblock</name>
         <value>0x4a10</value>
         <object_component_ref idref="oc-1d"/>
      </symbol>
      <symbol id="sm-89">
         <name>_init_user</name>
         <value>0x167c</value>
         <object_component_ref idref="oc-76"/>
      </symbol>
      <symbol id="sm-8a">
         <name>_input_bits</name>
         <value>0x2f60</value>
         <object_component_ref idref="oc-1d"/>
      </symbol>
      <symbol id="sm-8b">
         <name>_init_arrays</name>
         <value>0x1600</value>
         <object_component_ref idref="oc-76"/>
      </symbol>
      <symbol id="sm-8c">
         <name>_BITS</name>
         <value>0x4870</value>
         <object_component_ref idref="oc-1d"/>
      </symbol>
      <symbol id="sm-8d">
         <name>_read_bits</name>
         <value>0x17f8</value>
         <object_component_ref idref="oc-76"/>
      </symbol>
      <symbol id="sm-f0">
         <name>_cod_hdb3</name>
         <value>0xec8</value>
         <object_component_ref idref="oc-86"/>
      </symbol>
      <symbol id="sm-f1">
         <name>_cod_ami</name>
         <value>0xe98</value>
         <object_component_ref idref="oc-86"/>
      </symbol>
      <symbol id="sm-f2">
         <name>_cod_dif</name>
         <value>0x1154</value>
         <object_component_ref idref="oc-86"/>
      </symbol>
      <symbol id="sm-f3">
         <name>_cod_manchester</name>
         <value>0x113c</value>
         <object_component_ref idref="oc-86"/>
      </symbol>
      <symbol id="sm-f4">
         <name>_cod_bipolar</name>
         <value>0xd30</value>
         <object_component_ref idref="oc-86"/>
      </symbol>
      <symbol id="sm-f5">
         <name>_cod_cmi</name>
         <value>0xeb0</value>
         <object_component_ref idref="oc-86"/>
      </symbol>
      <symbol id="sm-f6">
         <name>_cod_polar</name>
         <value>0xbec</value>
         <object_component_ref idref="oc-86"/>
      </symbol>
      <symbol id="sm-f7">
         <name>_cod_rz</name>
         <value>0x9e0</value>
         <object_component_ref idref="oc-86"/>
      </symbol>
      <symbol id="sm-104">
         <name>_vector10</name>
         <value>0x140</value>
         <object_component_ref idref="oc-28"/>
      </symbol>
      <symbol id="sm-105">
         <name>_vector12</name>
         <value>0x180</value>
         <object_component_ref idref="oc-28"/>
      </symbol>
      <symbol id="sm-106">
         <name>_vector13</name>
         <value>0x1a0</value>
         <object_component_ref idref="oc-28"/>
      </symbol>
      <symbol id="sm-107">
         <name>_vector14</name>
         <value>0x1c0</value>
         <object_component_ref idref="oc-28"/>
      </symbol>
      <symbol id="sm-108">
         <name>_vector15</name>
         <value>0x1e0</value>
         <object_component_ref idref="oc-28"/>
      </symbol>
      <symbol id="sm-109">
         <name>_vectors</name>
         <value>0x0</value>
         <object_component_ref idref="oc-28"/>
      </symbol>
      <symbol id="sm-10a">
         <name>_vector1</name>
         <value>0x20</value>
         <object_component_ref idref="oc-28"/>
      </symbol>
      <symbol id="sm-10b">
         <name>_vector3</name>
         <value>0x60</value>
         <object_component_ref idref="oc-28"/>
      </symbol>
      <symbol id="sm-10c">
         <name>_vector2</name>
         <value>0x40</value>
         <object_component_ref idref="oc-28"/>
      </symbol>
      <symbol id="sm-10d">
         <name>_vector5</name>
         <value>0xa0</value>
         <object_component_ref idref="oc-28"/>
      </symbol>
      <symbol id="sm-10e">
         <name>_vector4</name>
         <value>0x80</value>
         <object_component_ref idref="oc-28"/>
      </symbol>
      <symbol id="sm-10f">
         <name>_vector7</name>
         <value>0xe0</value>
         <object_component_ref idref="oc-28"/>
      </symbol>
      <symbol id="sm-110">
         <name>_vector6</name>
         <value>0xc0</value>
         <object_component_ref idref="oc-28"/>
      </symbol>
      <symbol id="sm-111">
         <name>_vector9</name>
         <value>0x120</value>
         <object_component_ref idref="oc-28"/>
      </symbol>
      <symbol id="sm-112">
         <name>_vector8</name>
         <value>0x100</value>
         <object_component_ref idref="oc-28"/>
      </symbol>
      <symbol id="sm-11e">
         <name>_c_int00</name>
         <value>0x2ca0</value>
         <object_component_ref idref="oc-1a"/>
      </symbol>
      <symbol id="sm-11f">
         <name>__stack</name>
         <value>0x4c00</value>
         <object_component_ref idref="oc-2d"/>
      </symbol>
      <symbol id="sm-12f">
         <name>C$$EXIT</name>
         <value>0x2f20</value>
         <object_component_ref idref="oc-77"/>
      </symbol>
      <symbol id="sm-130">
         <name>_exit</name>
         <value>0x2880</value>
         <object_component_ref idref="oc-6e"/>
      </symbol>
      <symbol id="sm-131">
         <name>___TI_enable_exit_profile_output</name>
         <value>0x4bec</value>
         <object_component_ref idref="oc-32"/>
      </symbol>
      <symbol id="sm-132">
         <name>_abort</name>
         <value>0x2f20</value>
         <object_component_ref idref="oc-77"/>
      </symbol>
      <symbol id="sm-133">
         <name>__cleanup_ptr</name>
         <value>0x4be4</value>
         <object_component_ref idref="oc-32"/>
      </symbol>
      <symbol id="sm-134">
         <name>__dtors_ptr</name>
         <value>0x4be8</value>
         <object_component_ref idref="oc-32"/>
      </symbol>
      <symbol id="sm-13e">
         <name>__args_main</name>
         <value>0x2da0</value>
         <object_component_ref idref="oc-6d"/>
      </symbol>
      <symbol id="sm-13f">
         <name>__TI_args_main</name>
         <value>0x1</value>
      </symbol>
      <symbol id="sm-149">
         <name>__auto_init</name>
         <value>0x25c0</value>
         <object_component_ref idref="oc-6c"/>
      </symbol>
      <symbol id="sm-153">
         <name>___TI_cpp_init</name>
         <value>0x2c20</value>
         <object_component_ref idref="oc-75"/>
      </symbol>
      <symbol id="sm-15d">
         <name>_copy_in</name>
         <value>0x2960</value>
         <object_component_ref idref="oc-73"/>
      </symbol>
      <symbol id="sm-167">
         <name>_memcpy</name>
         <value>0x1cc0</value>
         <object_component_ref idref="oc-74"/>
      </symbol>
      <symbol id="sm-1b1">
         <name>_comm_poll</name>
         <value>0x2d8</value>
         <object_component_ref idref="oc-6f"/>
      </symbol>
      <symbol id="sm-1b2">
         <name>_output_left_sample</name>
         <value>0x584</value>
         <object_component_ref idref="oc-6f"/>
      </symbol>
      <symbol id="sm-1b3">
         <name>_comm_intr</name>
         <value>0x314</value>
         <object_component_ref idref="oc-6f"/>
      </symbol>
      <symbol id="sm-1b4">
         <name>_input_left_sample</name>
         <value>0x848</value>
         <object_component_ref idref="oc-6f"/>
      </symbol>
      <symbol id="sm-1b5">
         <name>_output_sample</name>
         <value>0x46c</value>
         <object_component_ref idref="oc-6f"/>
      </symbol>
      <symbol id="sm-1b6">
         <name>_c6713_dsk_init</name>
         <value>0x220</value>
         <object_component_ref idref="oc-6f"/>
      </symbol>
      <symbol id="sm-1b7">
         <name>_config</name>
         <value>0x4b38</value>
         <object_component_ref idref="oc-46"/>
      </symbol>
      <symbol id="sm-1b8">
         <name>_input_right_sample</name>
         <value>0x910</value>
         <object_component_ref idref="oc-6f"/>
      </symbol>
      <symbol id="sm-1b9">
         <name>_AIC_data</name>
         <value>0x4b0c</value>
         <object_component_ref idref="oc-46"/>
      </symbol>
      <symbol id="sm-1ba">
         <name>_hAIC23_handle</name>
         <value>0x4b60</value>
         <object_component_ref idref="oc-46"/>
      </symbol>
      <symbol id="sm-1bb">
         <name>_AIC23CfgData</name>
         <value>0x4b18</value>
         <object_component_ref idref="oc-46"/>
      </symbol>
      <symbol id="sm-1bc">
         <name>_input_sample</name>
         <value>0x744</value>
         <object_component_ref idref="oc-6f"/>
      </symbol>
      <symbol id="sm-1bd">
         <name>_output_right_sample</name>
         <value>0x664</value>
         <object_component_ref idref="oc-6f"/>
      </symbol>
      <symbol id="sm-1cb">
         <name>_DSK6713_init</name>
         <value>0x11cc</value>
         <object_component_ref idref="oc-4a"/>
      </symbol>
      <symbol id="sm-1cc">
         <name>_DSK6713_version</name>
         <value>0x4bf8</value>
         <object_component_ref idref="oc-4b"/>
      </symbol>
      <symbol id="sm-1cd">
         <name>_DSK6713_rget</name>
         <value>0x14e8</value>
         <object_component_ref idref="oc-4a"/>
      </symbol>
      <symbol id="sm-1ce">
         <name>_DSK6713_wait</name>
         <value>0x1510</value>
         <object_component_ref idref="oc-4a"/>
      </symbol>
      <symbol id="sm-1cf">
         <name>_DSK6713_rset</name>
         <value>0x14fc</value>
         <object_component_ref idref="oc-4a"/>
      </symbol>
      <symbol id="sm-1d0">
         <name>_DSK6713_waitusec</name>
         <value>0x1568</value>
         <object_component_ref idref="oc-4a"/>
      </symbol>
      <symbol id="sm-1d1">
         <name>_DSK6713_getVersion</name>
         <value>0x1594</value>
         <object_component_ref idref="oc-4a"/>
      </symbol>
      <symbol id="sm-1df">
         <name>_DSK6713_AIC23_codeccontrolhandle</name>
         <value>0x4bf0</value>
         <object_component_ref idref="oc-51"/>
      </symbol>
      <symbol id="sm-1e0">
         <name>_DSK6713_AIC23_codecdatahandle</name>
         <value>0x4bf4</value>
         <object_component_ref idref="oc-51"/>
      </symbol>
      <symbol id="sm-1e1">
         <name>_DSK6713_AIC23_openCodec</name>
         <value>0x19c0</value>
         <object_component_ref idref="oc-50"/>
      </symbol>
      <symbol id="sm-1ef">
         <name>_DSK6713_AIC23_config</name>
         <value>0x2440</value>
         <object_component_ref idref="oc-56"/>
      </symbol>
      <symbol id="sm-1f0">
         <name>_DSK6713_AIC23_rget</name>
         <value>0x2418</value>
         <object_component_ref idref="oc-56"/>
      </symbol>
      <symbol id="sm-1f1">
         <name>_DSK6713_AIC23_rset</name>
         <value>0x2380</value>
         <object_component_ref idref="oc-56"/>
      </symbol>
      <symbol id="sm-1ff">
         <name>_DSK6713_AIC23_setFreq</name>
         <value>0x2a20</value>
         <object_component_ref idref="oc-5c"/>
      </symbol>
      <symbol id="sm-219">
         <name>_IRQ_setVecs</name>
         <value>0x2e60</value>
         <object_component_ref idref="oc-7b"/>
      </symbol>
      <symbol id="sm-21a">
         <name>__IRQ_eventTable</name>
         <value>0x4a40</value>
         <object_component_ref idref="oc-64"/>
      </symbol>
      <symbol id="sm-21b">
         <name>_IRQ_nmiEnable</name>
         <value>0x2e40</value>
         <object_component_ref idref="oc-7f"/>
      </symbol>
      <symbol id="sm-21c">
         <name>_IRQ_reset</name>
         <value>0x2d60</value>
         <object_component_ref idref="oc-7d"/>
      </symbol>
      <symbol id="sm-21d">
         <name>__IRQ_intTable</name>
         <value>0x4ac4</value>
         <object_component_ref idref="oc-64"/>
      </symbol>
      <symbol id="sm-21e">
         <name>_IRQ_globalEnable</name>
         <value>0x2e20</value>
         <object_component_ref idref="oc-7e"/>
      </symbol>
      <symbol id="sm-21f">
         <name>_IRQ_globalDisable</name>
         <value>0x2e00</value>
         <object_component_ref idref="oc-79"/>
      </symbol>
      <symbol id="sm-220">
         <name>_IRQ_map</name>
         <value>0x1f00</value>
         <object_component_ref idref="oc-7c"/>
      </symbol>
      <symbol id="sm-221">
         <name>_IRQ_enable</name>
         <value>0x2d20</value>
         <object_component_ref idref="oc-80"/>
      </symbol>
      <symbol id="sm-222">
         <name>__IRQ_dispatchTable</name>
         <value>0x4b04</value>
         <object_component_ref idref="oc-64"/>
      </symbol>
      <symbol id="sm-223">
         <name>__IRQ_hookFetchPacket</name>
         <value>0x2f40</value>
         <object_component_ref idref="oc-62"/>
      </symbol>
      <symbol id="sm-23d">
         <name>_MCBSP_reset</name>
         <value>0x20a0</value>
         <object_component_ref idref="oc-85"/>
      </symbol>
      <symbol id="sm-23e">
         <name>_MCBSP_read</name>
         <value>0x2ea0</value>
         <object_component_ref idref="oc-84"/>
      </symbol>
      <symbol id="sm-23f">
         <name>_MCBSP_getXmtEventId</name>
         <value>0x2e80</value>
         <object_component_ref idref="oc-7a"/>
      </symbol>
      <symbol id="sm-240">
         <name>_MCBSP_open</name>
         <value>0x26c0</value>
         <object_component_ref idref="oc-71"/>
      </symbol>
      <symbol id="sm-241">
         <name>__MCBSP_hDev0</name>
         <value>0x4b94</value>
         <object_component_ref idref="oc-67"/>
      </symbol>
      <symbol id="sm-242">
         <name>__MCBSP_hDev1</name>
         <value>0x4b98</value>
         <object_component_ref idref="oc-67"/>
      </symbol>
      <symbol id="sm-243">
         <name>_MCBSP_start</name>
         <value>0x24c0</value>
         <object_component_ref idref="oc-72"/>
      </symbol>
      <symbol id="sm-244">
         <name>_MCBSP_rrdy</name>
         <value>0x2ec0</value>
         <object_component_ref idref="oc-83"/>
      </symbol>
      <symbol id="sm-245">
         <name>_MCBSP_config</name>
         <value>0x2ae0</value>
         <object_component_ref idref="oc-78"/>
      </symbol>
      <symbol id="sm-246">
         <name>_MCBSP_xrdy</name>
         <value>0x2f00</value>
         <object_component_ref idref="oc-81"/>
      </symbol>
      <symbol id="sm-247">
         <name>_MCBSP_write</name>
         <value>0x2ee0</value>
         <object_component_ref idref="oc-82"/>
      </symbol>
      <symbol id="sm-24f">
         <name>__strasg</name>
         <value>0x27a0</value>
         <object_component_ref idref="oc-70"/>
      </symbol>
   </symbol_table>
</link_info>
