<?xml version="1.0"?>
<link_info>
   <banner>TMS320C6x Linker PC v7.4.6</banner>
   <copyright>Copyright (c) 1996-2013 Texas Instruments Incorporated</copyright>
   <link_time>0x52f23c74</link_time>
   <output_file>practica3.out</output_file>
   <entry_point>
      <name>_c_int00</name>
      <address>0x15f60</address>
   </entry_point>
   <input_file_list>
      <input_file id="fl-2">
         <path>.\</path>
         <kind>object</kind>
         <file>prac3.obj</file>
         <name>prac3.obj</name>
      </input_file>
      <input_file id="fl-3">
         <path>.\</path>
         <kind>object</kind>
         <file>noise.obj</file>
         <name>noise.obj</name>
      </input_file>
      <input_file id="fl-4">
         <path>.\</path>
         <kind>object</kind>
         <file>modulate.obj</file>
         <name>modulate.obj</name>
      </input_file>
      <input_file id="fl-5">
         <path>.\</path>
         <kind>object</kind>
         <file>Vectors_intr.obj</file>
         <name>Vectors_intr.obj</name>
      </input_file>
      <input_file id="fl-6">
         <path>.\</path>
         <kind>object</kind>
         <file>C6713dskinit.obj</file>
         <name>C6713dskinit.obj</name>
      </input_file>
      <input_file id="fl-83">
         <path>C:\ti\ccsv5\tools\compiler\c6000_7.4.6\lib\</path>
         <kind>archive</kind>
         <file>rts6700.lib</file>
         <name>boot.obj</name>
      </input_file>
      <input_file id="fl-84">
         <path>C:\ti\ccsv5\tools\compiler\c6000_7.4.6\lib\</path>
         <kind>archive</kind>
         <file>rts6700.lib</file>
         <name>cos.obj</name>
      </input_file>
      <input_file id="fl-85">
         <path>C:\ti\ccsv5\tools\compiler\c6000_7.4.6\lib\</path>
         <kind>archive</kind>
         <file>rts6700.lib</file>
         <name>divd.obj</name>
      </input_file>
      <input_file id="fl-86">
         <path>C:\ti\ccsv5\tools\compiler\c6000_7.4.6\lib\</path>
         <kind>archive</kind>
         <file>rts6700.lib</file>
         <name>exit.obj</name>
      </input_file>
      <input_file id="fl-87">
         <path>C:\ti\ccsv5\tools\compiler\c6000_7.4.6\lib\</path>
         <kind>archive</kind>
         <file>rts6700.lib</file>
         <name>frcmpyd_div.obj</name>
      </input_file>
      <input_file id="fl-88">
         <path>C:\ti\ccsv5\tools\compiler\c6000_7.4.6\lib\</path>
         <kind>archive</kind>
         <file>rts6700.lib</file>
         <name>llshift.obj</name>
      </input_file>
      <input_file id="fl-89">
         <path>C:\ti\ccsv5\tools\compiler\c6000_7.4.6\lib\</path>
         <kind>archive</kind>
         <file>rts6700.lib</file>
         <name>log.obj</name>
      </input_file>
      <input_file id="fl-8a">
         <path>C:\ti\ccsv5\tools\compiler\c6000_7.4.6\lib\</path>
         <kind>archive</kind>
         <file>rts6700.lib</file>
         <name>memory.obj</name>
      </input_file>
      <input_file id="fl-8b">
         <path>C:\ti\ccsv5\tools\compiler\c6000_7.4.6\lib\</path>
         <kind>archive</kind>
         <file>rts6700.lib</file>
         <name>modf.obj</name>
      </input_file>
      <input_file id="fl-8c">
         <path>C:\ti\ccsv5\tools\compiler\c6000_7.4.6\lib\</path>
         <kind>archive</kind>
         <file>rts6700.lib</file>
         <name>mpyll.obj</name>
      </input_file>
      <input_file id="fl-8d">
         <path>C:\ti\ccsv5\tools\compiler\c6000_7.4.6\lib\</path>
         <kind>archive</kind>
         <file>rts6700.lib</file>
         <name>pow.obj</name>
      </input_file>
      <input_file id="fl-8e">
         <path>C:\ti\ccsv5\tools\compiler\c6000_7.4.6\lib\</path>
         <kind>archive</kind>
         <file>rts6700.lib</file>
         <name>rand.obj</name>
      </input_file>
      <input_file id="fl-8f">
         <path>C:\ti\ccsv5\tools\compiler\c6000_7.4.6\lib\</path>
         <kind>archive</kind>
         <file>rts6700.lib</file>
         <name>round.obj</name>
      </input_file>
      <input_file id="fl-90">
         <path>C:\ti\ccsv5\tools\compiler\c6000_7.4.6\lib\</path>
         <kind>archive</kind>
         <file>rts6700.lib</file>
         <name>sin.obj</name>
      </input_file>
      <input_file id="fl-91">
         <path>C:\ti\ccsv5\tools\compiler\c6000_7.4.6\lib\</path>
         <kind>archive</kind>
         <file>rts6700.lib</file>
         <name>sqrt.obj</name>
      </input_file>
      <input_file id="fl-92">
         <path>C:\ti\ccsv5\tools\compiler\c6000_7.4.6\lib\</path>
         <kind>archive</kind>
         <file>rts6700.lib</file>
         <name>trunc.obj</name>
      </input_file>
      <input_file id="fl-93">
         <path>C:\ti\ccsv5\tools\compiler\c6000_7.4.6\lib\</path>
         <kind>archive</kind>
         <file>rts6700.lib</file>
         <name>_lock.obj</name>
      </input_file>
      <input_file id="fl-94">
         <path>C:\ti\ccsv5\tools\compiler\c6000_7.4.6\lib\</path>
         <kind>archive</kind>
         <file>rts6700.lib</file>
         <name>args_main.obj</name>
      </input_file>
      <input_file id="fl-95">
         <path>C:\ti\ccsv5\tools\compiler\c6000_7.4.6\lib\</path>
         <kind>archive</kind>
         <file>rts6700.lib</file>
         <name>autoinit.obj</name>
      </input_file>
      <input_file id="fl-96">
         <path>C:\ti\ccsv5\tools\compiler\c6000_7.4.6\lib\</path>
         <kind>archive</kind>
         <file>rts6700.lib</file>
         <name>cpp_init.obj</name>
      </input_file>
      <input_file id="fl-97">
         <path>C:\ti\ccsv5\tools\compiler\c6000_7.4.6\lib\</path>
         <kind>archive</kind>
         <file>rts6700.lib</file>
         <name>cpy_tbl.obj</name>
      </input_file>
      <input_file id="fl-98">
         <path>C:\ti\ccsv5\tools\compiler\c6000_7.4.6\lib\</path>
         <kind>archive</kind>
         <file>rts6700.lib</file>
         <name>errno.obj</name>
      </input_file>
      <input_file id="fl-99">
         <path>C:\ti\ccsv5\tools\compiler\c6000_7.4.6\lib\</path>
         <kind>archive</kind>
         <file>rts6700.lib</file>
         <name>frexp.obj</name>
      </input_file>
      <input_file id="fl-9a">
         <path>C:\ti\ccsv5\tools\compiler\c6000_7.4.6\lib\</path>
         <kind>archive</kind>
         <file>rts6700.lib</file>
         <name>ldexp.obj</name>
      </input_file>
      <input_file id="fl-9b">
         <path>C:\ti\ccsv5\tools\compiler\c6000_7.4.6\lib\</path>
         <kind>archive</kind>
         <file>rts6700.lib</file>
         <name>memcpy62.obj</name>
      </input_file>
      <input_file id="fl-9c">
         <path>C:\DSK6713\c6000\dsk6713\lib\</path>
         <kind>archive</kind>
         <file>dsk6713bsl.lib</file>
         <name>dsk6713.obj</name>
      </input_file>
      <input_file id="fl-9d">
         <path>C:\DSK6713\c6000\dsk6713\lib\</path>
         <kind>archive</kind>
         <file>dsk6713bsl.lib</file>
         <name>dsk6713_aic23_opencodec.obj</name>
      </input_file>
      <input_file id="fl-9e">
         <path>C:\DSK6713\c6000\dsk6713\lib\</path>
         <kind>archive</kind>
         <file>dsk6713bsl.lib</file>
         <name>dsk6713_aic23_registers.obj</name>
      </input_file>
      <input_file id="fl-9f">
         <path>C:\DSK6713\c6000\dsk6713\lib\</path>
         <kind>archive</kind>
         <file>dsk6713bsl.lib</file>
         <name>dsk6713_aic23_setfreq.obj</name>
      </input_file>
      <input_file id="fl-a0">
         <path>C:\DSK6713\c6000\bios\lib\</path>
         <kind>archive</kind>
         <file>csl6713.lib</file>
         <name>csl_irq.obj</name>
      </input_file>
      <input_file id="fl-a1">
         <path>C:\DSK6713\c6000\bios\lib\</path>
         <kind>archive</kind>
         <file>csl6713.lib</file>
         <name>csl_mcbsp.obj</name>
      </input_file>
      <input_file id="fl-a2">
         <path>C:\ti\ccsv5\tools\compiler\c6000_7.4.6\lib\</path>
         <kind>archive</kind>
         <file>rts6700.lib</file>
         <name>strasg.obj</name>
      </input_file>
   </input_file_list>
   <object_component_list>
      <object_component id="oc-2e">
         <name>.vecs</name>
         <load_address>0x0</load_address>
         <run_address>0x0</run_address>
         <size>0x200</size>
         <input_file_ref idref="fl-5"/>
      </object_component>
      <object_component id="oc-d7">
         <name>.text</name>
         <load_address>0x10220</load_address>
         <run_address>0x10220</run_address>
         <size>0xa00</size>
         <input_file_ref idref="fl-4"/>
      </object_component>
      <object_component id="oc-d8">
         <name>.text:_pow</name>
         <load_address>0x10c20</load_address>
         <run_address>0x10c20</run_address>
         <size>0x980</size>
         <input_file_ref idref="fl-8d"/>
      </object_component>
      <object_component id="oc-c3">
         <name>.text</name>
         <load_address>0x115a0</load_address>
         <run_address>0x115a0</run_address>
         <size>0x8a0</size>
         <input_file_ref idref="fl-2"/>
      </object_component>
      <object_component id="oc-bb">
         <name>.text</name>
         <load_address>0x11e40</load_address>
         <run_address>0x11e40</run_address>
         <size>0x7c0</size>
         <input_file_ref idref="fl-6"/>
      </object_component>
      <object_component id="oc-d4">
         <name>.text:__divd</name>
         <load_address>0x12600</load_address>
         <run_address>0x12600</run_address>
         <size>0x720</size>
         <input_file_ref idref="fl-85"/>
      </object_component>
      <object_component id="oc-96">
         <name>.text</name>
         <load_address>0x12d20</load_address>
         <run_address>0x12d20</run_address>
         <size>0x480</size>
         <input_file_ref idref="fl-9c"/>
      </object_component>
      <object_component id="oc-d5">
         <name>.text:_free</name>
         <load_address>0x131a0</load_address>
         <run_address>0x131a0</run_address>
         <size>0x380</size>
         <input_file_ref idref="fl-8a"/>
      </object_component>
      <object_component id="oc-e8">
         <name>.text:_cos</name>
         <load_address>0x13520</load_address>
         <run_address>0x13520</run_address>
         <size>0x360</size>
         <input_file_ref idref="fl-84"/>
      </object_component>
      <object_component id="oc-e9">
         <name>.text:_sin</name>
         <load_address>0x13880</load_address>
         <run_address>0x13880</run_address>
         <size>0x300</size>
         <input_file_ref idref="fl-90"/>
      </object_component>
      <object_component id="oc-9c">
         <name>.text</name>
         <load_address>0x13b80</load_address>
         <run_address>0x13b80</run_address>
         <size>0x300</size>
         <input_file_ref idref="fl-9d"/>
      </object_component>
      <object_component id="oc-d3">
         <name>.text:_log</name>
         <load_address>0x13e80</load_address>
         <run_address>0x13e80</run_address>
         <size>0x260</size>
         <input_file_ref idref="fl-89"/>
      </object_component>
      <object_component id="oc-da">
         <name>.text</name>
         <load_address>0x140e0</load_address>
         <run_address>0x140e0</run_address>
         <size>0x260</size>
         <input_file_ref idref="fl-3"/>
      </object_component>
      <object_component id="oc-d6">
         <name>.text:_malloc</name>
         <load_address>0x14340</load_address>
         <run_address>0x14340</run_address>
         <size>0x240</size>
         <input_file_ref idref="fl-8a"/>
      </object_component>
      <object_component id="oc-c1">
         <name>.text:_memcpy</name>
         <load_address>0x14580</load_address>
         <run_address>0x14580</run_address>
         <size>0x240</size>
         <input_file_ref idref="fl-9b"/>
      </object_component>
      <object_component id="oc-c9">
         <name>.text:_IRQ_map</name>
         <load_address>0x147c0</load_address>
         <run_address>0x147c0</run_address>
         <size>0x1a0</size>
         <input_file_ref idref="fl-a0"/>
      </object_component>
      <object_component id="oc-d2">
         <name>.text:_MCBSP_reset</name>
         <load_address>0x14960</load_address>
         <run_address>0x14960</run_address>
         <size>0x180</size>
         <input_file_ref idref="fl-a1"/>
      </object_component>
      <object_component id="oc-e3">
         <name>.text:_ldexp</name>
         <load_address>0x14ae0</load_address>
         <run_address>0x14ae0</run_address>
         <size>0x180</size>
         <input_file_ref idref="fl-9a"/>
      </object_component>
      <object_component id="oc-1f">
         <name>.text:retain</name>
         <load_address>0x14c60</load_address>
         <run_address>0x14c60</run_address>
         <size>0x160</size>
         <input_file_ref idref="fl-2"/>
      </object_component>
      <object_component id="oc-de">
         <name>.text:__frcmpyd_div</name>
         <load_address>0x14dc0</load_address>
         <run_address>0x14dc0</run_address>
         <size>0x140</size>
         <input_file_ref idref="fl-87"/>
      </object_component>
      <object_component id="oc-dc">
         <name>.text:_frexp</name>
         <load_address>0x14f00</load_address>
         <run_address>0x14f00</run_address>
         <size>0x140</size>
         <input_file_ref idref="fl-99"/>
      </object_component>
      <object_component id="oc-d9">
         <name>.text:_sqrt</name>
         <load_address>0x15040</load_address>
         <run_address>0x15040</run_address>
         <size>0x140</size>
         <input_file_ref idref="fl-91"/>
      </object_component>
      <object_component id="oc-a2">
         <name>.text</name>
         <load_address>0x15180</load_address>
         <run_address>0x15180</run_address>
         <size>0x140</size>
         <input_file_ref idref="fl-9e"/>
      </object_component>
      <object_component id="oc-bf">
         <name>.text:_MCBSP_start</name>
         <load_address>0x152c0</load_address>
         <run_address>0x152c0</run_address>
         <size>0x100</size>
         <input_file_ref idref="fl-a1"/>
      </object_component>
      <object_component id="oc-b8">
         <name>.text:__auto_init</name>
         <load_address>0x153c0</load_address>
         <run_address>0x153c0</run_address>
         <size>0x100</size>
         <input_file_ref idref="fl-95"/>
      </object_component>
      <object_component id="oc-be">
         <name>.text:_MCBSP_open</name>
         <load_address>0x154c0</load_address>
         <run_address>0x154c0</run_address>
         <size>0xe0</size>
         <input_file_ref idref="fl-a1"/>
      </object_component>
      <object_component id="oc-bd">
         <name>.text:__strasg</name>
         <load_address>0x155a0</load_address>
         <run_address>0x155a0</run_address>
         <size>0xe0</size>
         <input_file_ref idref="fl-a2"/>
      </object_component>
      <object_component id="oc-ba">
         <name>.text:_exit</name>
         <load_address>0x15680</load_address>
         <run_address>0x15680</run_address>
         <size>0xe0</size>
         <input_file_ref idref="fl-86"/>
      </object_component>
      <object_component id="oc-e0">
         <name>.text:_minsert</name>
         <load_address>0x15760</load_address>
         <run_address>0x15760</run_address>
         <size>0xe0</size>
         <input_file_ref idref="fl-8a"/>
      </object_component>
      <object_component id="oc-e6">
         <name>.text:_modf</name>
         <load_address>0x15840</load_address>
         <run_address>0x15840</run_address>
         <size>0xe0</size>
         <input_file_ref idref="fl-8b"/>
      </object_component>
      <object_component id="oc-df">
         <name>.text:_mremove</name>
         <load_address>0x15920</load_address>
         <run_address>0x15920</run_address>
         <size>0xe0</size>
         <input_file_ref idref="fl-8a"/>
      </object_component>
      <object_component id="oc-e4">
         <name>.text:__nround</name>
         <load_address>0x15a00</load_address>
         <run_address>0x15a00</run_address>
         <size>0xc0</size>
         <input_file_ref idref="fl-8f"/>
      </object_component>
      <object_component id="oc-c0">
         <name>.text:_copy_in</name>
         <load_address>0x15ac0</load_address>
         <run_address>0x15ac0</run_address>
         <size>0xc0</size>
         <input_file_ref idref="fl-97"/>
      </object_component>
      <object_component id="oc-e7">
         <name>.text:_rand</name>
         <load_address>0x15b80</load_address>
         <run_address>0x15b80</run_address>
         <size>0xc0</size>
         <input_file_ref idref="fl-8e"/>
      </object_component>
      <object_component id="oc-a8">
         <name>.text</name>
         <load_address>0x15c40</load_address>
         <run_address>0x15c40</run_address>
         <size>0xc0</size>
         <input_file_ref idref="fl-9f"/>
      </object_component>
      <object_component id="oc-c5">
         <name>.text:_MCBSP_config</name>
         <load_address>0x15d00</load_address>
         <run_address>0x15d00</run_address>
         <size>0xa0</size>
         <input_file_ref idref="fl-a1"/>
      </object_component>
      <object_component id="oc-ea">
         <name>.text:__mpyll</name>
         <load_address>0x15da0</load_address>
         <run_address>0x15da0</run_address>
         <size>0xa0</size>
         <input_file_ref idref="fl-8c"/>
      </object_component>
      <object_component id="oc-db">
         <name>.text:_setMux</name>
         <load_address>0x15e40</load_address>
         <run_address>0x15e40</run_address>
         <size>0xa0</size>
         <input_file_ref idref="fl-a0"/>
      </object_component>
      <object_component id="oc-c2">
         <name>.text:___TI_cpp_init</name>
         <load_address>0x15ee0</load_address>
         <run_address>0x15ee0</run_address>
         <size>0x80</size>
         <input_file_ref idref="fl-96"/>
      </object_component>
      <object_component id="oc-1a">
         <name>.text:_c_int00</name>
         <load_address>0x15f60</load_address>
         <run_address>0x15f60</run_address>
         <size>0x80</size>
         <input_file_ref idref="fl-83"/>
      </object_component>
      <object_component id="oc-dd">
         <name>.text:__llshru</name>
         <load_address>0x15fe0</load_address>
         <run_address>0x15fe0</run_address>
         <size>0x60</size>
         <input_file_ref idref="fl-88"/>
      </object_component>
      <object_component id="oc-cd">
         <name>.text:_IRQ_enable</name>
         <load_address>0x16040</load_address>
         <run_address>0x16040</run_address>
         <size>0x40</size>
         <input_file_ref idref="fl-a0"/>
      </object_component>
      <object_component id="oc-ca">
         <name>.text:_IRQ_reset</name>
         <load_address>0x16080</load_address>
         <run_address>0x16080</run_address>
         <size>0x40</size>
         <input_file_ref idref="fl-a0"/>
      </object_component>
      <object_component id="oc-b9">
         <name>.text:__args_main</name>
         <load_address>0x160c0</load_address>
         <run_address>0x160c0</run_address>
         <size>0x40</size>
         <input_file_ref idref="fl-94"/>
      </object_component>
      <object_component id="oc-e5">
         <name>.text:__trunc</name>
         <load_address>0x16100</load_address>
         <run_address>0x16100</run_address>
         <size>0x40</size>
         <input_file_ref idref="fl-92"/>
      </object_component>
      <object_component id="oc-2d">
         <name>.text</name>
         <load_address>0x16140</load_address>
         <run_address>0x16140</run_address>
         <size>0x20</size>
         <input_file_ref idref="fl-5"/>
      </object_component>
      <object_component id="oc-c6">
         <name>.text:_IRQ_globalDisable</name>
         <load_address>0x16160</load_address>
         <run_address>0x16160</run_address>
         <size>0x20</size>
         <input_file_ref idref="fl-a0"/>
      </object_component>
      <object_component id="oc-cb">
         <name>.text:_IRQ_globalEnable</name>
         <load_address>0x16180</load_address>
         <run_address>0x16180</run_address>
         <size>0x20</size>
         <input_file_ref idref="fl-a0"/>
      </object_component>
      <object_component id="oc-cc">
         <name>.text:_IRQ_nmiEnable</name>
         <load_address>0x161a0</load_address>
         <run_address>0x161a0</run_address>
         <size>0x20</size>
         <input_file_ref idref="fl-a0"/>
      </object_component>
      <object_component id="oc-c8">
         <name>.text:_IRQ_setVecs</name>
         <load_address>0x161c0</load_address>
         <run_address>0x161c0</run_address>
         <size>0x20</size>
         <input_file_ref idref="fl-a0"/>
      </object_component>
      <object_component id="oc-c7">
         <name>.text:_MCBSP_getXmtEventId</name>
         <load_address>0x161e0</load_address>
         <run_address>0x161e0</run_address>
         <size>0x20</size>
         <input_file_ref idref="fl-a1"/>
      </object_component>
      <object_component id="oc-d1">
         <name>.text:_MCBSP_read</name>
         <load_address>0x16200</load_address>
         <run_address>0x16200</run_address>
         <size>0x20</size>
         <input_file_ref idref="fl-a1"/>
      </object_component>
      <object_component id="oc-d0">
         <name>.text:_MCBSP_rrdy</name>
         <load_address>0x16220</load_address>
         <run_address>0x16220</run_address>
         <size>0x20</size>
         <input_file_ref idref="fl-a1"/>
      </object_component>
      <object_component id="oc-cf">
         <name>.text:_MCBSP_write</name>
         <load_address>0x16240</load_address>
         <run_address>0x16240</run_address>
         <size>0x20</size>
         <input_file_ref idref="fl-a1"/>
      </object_component>
      <object_component id="oc-ce">
         <name>.text:_MCBSP_xrdy</name>
         <load_address>0x16260</load_address>
         <run_address>0x16260</run_address>
         <size>0x20</size>
         <input_file_ref idref="fl-a1"/>
      </object_component>
      <object_component id="oc-bc">
         <name>.text:__nop</name>
         <load_address>0x16280</load_address>
         <run_address>0x16280</run_address>
         <size>0x20</size>
         <input_file_ref idref="fl-93"/>
      </object_component>
      <object_component id="oc-c4">
         <name>.text:_abort</name>
         <load_address>0x162a0</load_address>
         <run_address>0x162a0</run_address>
         <size>0x20</size>
         <input_file_ref idref="fl-86"/>
      </object_component>
      <object_component id="oc-ae">
         <name>.text</name>
         <load_address>0x162c0</load_address>
         <run_address>0x162c0</run_address>
         <size>0x20</size>
         <input_file_ref idref="fl-a0"/>
      </object_component>
      <object_component id="oc-39">
         <name>.stack</name>
         <uninitialized>true</uninitialized>
         <run_address>0x220</run_address>
         <size>0x8</size>
         <input_file_ref idref="fl-83"/>
      </object_component>
      <object_component id="oc-10e">
         <name>.stack</name>
         <uninitialized>true</uninitialized>
         <run_address>0x220</run_address>
         <size>0x0</size>
      </object_component>
      <object_component id="oc-9e">
         <name>.const</name>
         <load_address>0x191d0</load_address>
         <run_address>0x191d0</run_address>
         <size>0x40</size>
         <input_file_ref idref="fl-9d"/>
      </object_component>
      <object_component id="oc-e1">
         <name>.const:_Cos$1</name>
         <load_address>0x19210</load_address>
         <run_address>0x19210</run_address>
         <size>0x20</size>
         <input_file_ref idref="fl-4"/>
      </object_component>
      <object_component id="oc-e2">
         <name>.const:_Sin$2</name>
         <load_address>0x19230</load_address>
         <run_address>0x19230</run_address>
         <size>0x20</size>
         <input_file_ref idref="fl-4"/>
      </object_component>
      <object_component id="oc-98">
         <name>.const</name>
         <load_address>0x19250</load_address>
         <run_address>0x19250</run_address>
         <size>0x20</size>
         <input_file_ref idref="fl-9c"/>
      </object_component>
      <object_component id="oc-1e">
         <name>.const</name>
         <load_address>0x19270</load_address>
         <run_address>0x19270</run_address>
         <size>0xc</size>
         <input_file_ref idref="fl-2"/>
      </object_component>
      <object_component id="oc-57">
         <name>.sysmem</name>
         <uninitialized>true</uninitialized>
         <run_address>0x8220</run_address>
         <size>0x8</size>
         <input_file_ref idref="fl-8a"/>
      </object_component>
      <object_component id="oc-10f">
         <name>.sysmem</name>
         <uninitialized>true</uninitialized>
         <run_address>0x8220</run_address>
         <size>0x0</size>
      </object_component>
      <object_component id="oc-1d">
         <name>.far</name>
         <uninitialized>true</uninitialized>
         <run_address>0x162e0</run_address>
         <size>0x25b4</size>
         <input_file_ref idref="fl-2"/>
      </object_component>
      <object_component id="oc-29">
         <name>.far</name>
         <uninitialized>true</uninitialized>
         <run_address>0x18894</run_address>
         <size>0x4</size>
         <input_file_ref idref="fl-4"/>
      </object_component>
      <object_component id="oc-34">
         <name>.far</name>
         <uninitialized>true</uninitialized>
         <run_address>0x18aac</run_address>
         <size>0x58</size>
         <input_file_ref idref="fl-6"/>
      </object_component>
      <object_component id="oc-3e">
         <name>.far</name>
         <uninitialized>true</uninitialized>
         <run_address>0x18b08</run_address>
         <size>0x40</size>
         <input_file_ref idref="fl-84"/>
      </object_component>
      <object_component id="oc-46">
         <name>.far</name>
         <uninitialized>true</uninitialized>
         <run_address>0x18c38</run_address>
         <size>0xc</size>
         <input_file_ref idref="fl-86"/>
      </object_component>
      <object_component id="oc-51">
         <name>.far</name>
         <uninitialized>true</uninitialized>
         <run_address>0x18bc0</run_address>
         <size>0x30</size>
         <input_file_ref idref="fl-89"/>
      </object_component>
      <object_component id="oc-56">
         <name>.far</name>
         <uninitialized>true</uninitialized>
         <run_address>0x18c54</run_address>
         <size>0x8</size>
         <input_file_ref idref="fl-8a"/>
      </object_component>
      <object_component id="oc-62">
         <name>.far</name>
         <uninitialized>true</uninitialized>
         <run_address>0x18898</run_address>
         <size>0x120</size>
         <input_file_ref idref="fl-8d"/>
      </object_component>
      <object_component id="oc-67">
         <name>.far</name>
         <uninitialized>true</uninitialized>
         <run_address>0x18c60</run_address>
         <size>0x8</size>
         <input_file_ref idref="fl-8e"/>
      </object_component>
      <object_component id="oc-6f">
         <name>.far</name>
         <uninitialized>true</uninitialized>
         <run_address>0x18b48</run_address>
         <size>0x40</size>
         <input_file_ref idref="fl-90"/>
      </object_component>
      <object_component id="oc-7a">
         <name>.far</name>
         <uninitialized>true</uninitialized>
         <run_address>0x18c4c</run_address>
         <size>0x8</size>
         <input_file_ref idref="fl-93"/>
      </object_component>
      <object_component id="oc-8b">
         <name>.far</name>
         <uninitialized>true</uninitialized>
         <run_address>0x18b04</run_address>
         <size>0x4</size>
         <input_file_ref idref="fl-98"/>
      </object_component>
      <object_component id="oc-97">
         <name>.far</name>
         <uninitialized>true</uninitialized>
         <run_address>0x18c5c</run_address>
         <size>0x2</size>
         <input_file_ref idref="fl-9c"/>
      </object_component>
      <object_component id="oc-9d">
         <name>.far</name>
         <uninitialized>true</uninitialized>
         <run_address>0x18c44</run_address>
         <size>0x8</size>
         <input_file_ref idref="fl-9d"/>
      </object_component>
      <object_component id="oc-a4">
         <name>.far</name>
         <uninitialized>true</uninitialized>
         <run_address>0x18bf0</run_address>
         <size>0x28</size>
         <input_file_ref idref="fl-9e"/>
      </object_component>
      <object_component id="oc-aa">
         <name>.far</name>
         <uninitialized>true</uninitialized>
         <run_address>0x18c18</run_address>
         <size>0x20</size>
         <input_file_ref idref="fl-9f"/>
      </object_component>
      <object_component id="oc-b0">
         <name>.far</name>
         <uninitialized>true</uninitialized>
         <run_address>0x189b8</run_address>
         <size>0xf4</size>
         <input_file_ref idref="fl-a0"/>
      </object_component>
      <object_component id="oc-b3">
         <name>.far</name>
         <uninitialized>true</uninitialized>
         <run_address>0x18b88</run_address>
         <size>0x38</size>
         <input_file_ref idref="fl-a1"/>
      </object_component>
      <object_component id="oc-61">
         <name>.cinit</name>
         <load_address>0x18c68</load_address>
         <run_address>0x18c68</run_address>
         <size>0x140</size>
         <input_file_ref idref="fl-8d"/>
      </object_component>
      <object_component id="oc-af">
         <name>.cinit</name>
         <load_address>0x18da8</load_address>
         <run_address>0x18da8</run_address>
         <size>0x12c</size>
         <input_file_ref idref="fl-a0"/>
      </object_component>
      <object_component id="oc-1c">
         <name>.cinit</name>
         <load_address>0x18ed8</load_address>
         <run_address>0x18ed8</run_address>
         <size>0x64</size>
         <input_file_ref idref="fl-2"/>
      </object_component>
      <object_component id="oc-33">
         <name>.cinit</name>
         <load_address>0x18f40</load_address>
         <run_address>0x18f40</run_address>
         <size>0x58</size>
         <input_file_ref idref="fl-6"/>
      </object_component>
      <object_component id="oc-b2">
         <name>.cinit</name>
         <load_address>0x18f98</load_address>
         <run_address>0x18f98</run_address>
         <size>0x54</size>
         <input_file_ref idref="fl-a1"/>
      </object_component>
      <object_component id="oc-3d">
         <name>.cinit</name>
         <load_address>0x18ff0</load_address>
         <run_address>0x18ff0</run_address>
         <size>0x48</size>
         <input_file_ref idref="fl-84"/>
      </object_component>
      <object_component id="oc-6e">
         <name>.cinit</name>
         <load_address>0x19038</load_address>
         <run_address>0x19038</run_address>
         <size>0x48</size>
         <input_file_ref idref="fl-90"/>
      </object_component>
      <object_component id="oc-50">
         <name>.cinit</name>
         <load_address>0x19080</load_address>
         <run_address>0x19080</run_address>
         <size>0x40</size>
         <input_file_ref idref="fl-89"/>
      </object_component>
      <object_component id="oc-a3">
         <name>.cinit</name>
         <load_address>0x190c0</load_address>
         <run_address>0x190c0</run_address>
         <size>0x30</size>
         <input_file_ref idref="fl-9e"/>
      </object_component>
      <object_component id="oc-45">
         <name>.cinit</name>
         <load_address>0x190f0</load_address>
         <run_address>0x190f0</run_address>
         <size>0x2c</size>
         <input_file_ref idref="fl-86"/>
      </object_component>
      <object_component id="oc-55">
         <name>.cinit</name>
         <load_address>0x19120</load_address>
         <run_address>0x19120</run_address>
         <size>0x2c</size>
         <input_file_ref idref="fl-8a"/>
      </object_component>
      <object_component id="oc-a9">
         <name>.cinit</name>
         <load_address>0x19150</load_address>
         <run_address>0x19150</run_address>
         <size>0x28</size>
         <input_file_ref idref="fl-9f"/>
      </object_component>
      <object_component id="oc-79">
         <name>.cinit</name>
         <load_address>0x19178</load_address>
         <run_address>0x19178</run_address>
         <size>0x1c</size>
         <input_file_ref idref="fl-93"/>
      </object_component>
      <object_component id="oc-66">
         <name>.cinit</name>
         <load_address>0x19198</load_address>
         <run_address>0x19198</run_address>
         <size>0x10</size>
         <input_file_ref idref="fl-8e"/>
      </object_component>
      <object_component id="oc-28">
         <name>.cinit</name>
         <load_address>0x191a8</load_address>
         <run_address>0x191a8</run_address>
         <size>0xc</size>
         <input_file_ref idref="fl-4"/>
      </object_component>
      <object_component id="oc-8a">
         <name>.cinit</name>
         <load_address>0x191b8</load_address>
         <run_address>0x191b8</run_address>
         <size>0xc</size>
         <input_file_ref idref="fl-98"/>
      </object_component>
      <object_component id="oc-1b">
         <name>.debug_info</name>
         <load_address>0x0</load_address>
         <run_address>0x0</run_address>
         <size>0x115c</size>
         <input_file_ref idref="fl-2"/>
      </object_component>
      <object_component id="oc-23">
         <name>.debug_info</name>
         <load_address>0x115c</load_address>
         <run_address>0x115c</run_address>
         <size>0x8d9</size>
         <input_file_ref idref="fl-3"/>
      </object_component>
      <object_component id="oc-27">
         <name>.debug_info</name>
         <load_address>0x1a35</load_address>
         <run_address>0x1a35</run_address>
         <size>0xd68</size>
         <input_file_ref idref="fl-4"/>
      </object_component>
      <object_component id="oc-2f">
         <name>.debug_info</name>
         <load_address>0x279d</load_address>
         <run_address>0x279d</run_address>
         <size>0x10c</size>
         <input_file_ref idref="fl-5"/>
      </object_component>
      <object_component id="oc-32">
         <name>.debug_info</name>
         <load_address>0x28a9</load_address>
         <run_address>0x28a9</run_address>
         <size>0x151e</size>
         <input_file_ref idref="fl-6"/>
      </object_component>
      <object_component id="oc-38">
         <name>.debug_info</name>
         <load_address>0x3dc7</load_address>
         <run_address>0x3dc7</run_address>
         <size>0x70b</size>
         <input_file_ref idref="fl-83"/>
      </object_component>
      <object_component id="oc-3c">
         <name>.debug_info</name>
         <load_address>0x44d2</load_address>
         <run_address>0x44d2</run_address>
         <size>0x715</size>
         <input_file_ref idref="fl-84"/>
      </object_component>
      <object_component id="oc-41">
         <name>.debug_info</name>
         <load_address>0x4be7</load_address>
         <run_address>0x4be7</run_address>
         <size>0x982</size>
         <input_file_ref idref="fl-85"/>
      </object_component>
      <object_component id="oc-44">
         <name>.debug_info</name>
         <load_address>0x5569</load_address>
         <run_address>0x5569</run_address>
         <size>0x7fd</size>
         <input_file_ref idref="fl-86"/>
      </object_component>
      <object_component id="oc-49">
         <name>.debug_info</name>
         <load_address>0x5d66</load_address>
         <run_address>0x5d66</run_address>
         <size>0x6a4</size>
         <input_file_ref idref="fl-87"/>
      </object_component>
      <object_component id="oc-4c">
         <name>.debug_info</name>
         <load_address>0x640a</load_address>
         <run_address>0x640a</run_address>
         <size>0x691</size>
         <input_file_ref idref="fl-88"/>
      </object_component>
      <object_component id="oc-4f">
         <name>.debug_info</name>
         <load_address>0x6a9b</load_address>
         <run_address>0x6a9b</run_address>
         <size>0x67c</size>
         <input_file_ref idref="fl-89"/>
      </object_component>
      <object_component id="oc-54">
         <name>.debug_info</name>
         <load_address>0x7117</load_address>
         <run_address>0x7117</run_address>
         <size>0xb38</size>
         <input_file_ref idref="fl-8a"/>
      </object_component>
      <object_component id="oc-5a">
         <name>.debug_info</name>
         <load_address>0x7c4f</load_address>
         <run_address>0x7c4f</run_address>
         <size>0x680</size>
         <input_file_ref idref="fl-8b"/>
      </object_component>
      <object_component id="oc-5d">
         <name>.debug_info</name>
         <load_address>0x82cf</load_address>
         <run_address>0x82cf</run_address>
         <size>0x6b7</size>
         <input_file_ref idref="fl-8c"/>
      </object_component>
      <object_component id="oc-60">
         <name>.debug_info</name>
         <load_address>0x8986</load_address>
         <run_address>0x8986</run_address>
         <size>0x8b5</size>
         <input_file_ref idref="fl-8d"/>
      </object_component>
      <object_component id="oc-65">
         <name>.debug_info</name>
         <load_address>0x923b</load_address>
         <run_address>0x923b</run_address>
         <size>0x667</size>
         <input_file_ref idref="fl-8e"/>
      </object_component>
      <object_component id="oc-6a">
         <name>.debug_info</name>
         <load_address>0x98a2</load_address>
         <run_address>0x98a2</run_address>
         <size>0x653</size>
         <input_file_ref idref="fl-8f"/>
      </object_component>
      <object_component id="oc-6d">
         <name>.debug_info</name>
         <load_address>0x9ef5</load_address>
         <run_address>0x9ef5</run_address>
         <size>0x715</size>
         <input_file_ref idref="fl-90"/>
      </object_component>
      <object_component id="oc-72">
         <name>.debug_info</name>
         <load_address>0xa60a</load_address>
         <run_address>0xa60a</run_address>
         <size>0x88d</size>
         <input_file_ref idref="fl-91"/>
      </object_component>
      <object_component id="oc-75">
         <name>.debug_info</name>
         <load_address>0xae97</load_address>
         <run_address>0xae97</run_address>
         <size>0x651</size>
         <input_file_ref idref="fl-92"/>
      </object_component>
      <object_component id="oc-78">
         <name>.debug_info</name>
         <load_address>0xb4e8</load_address>
         <run_address>0xb4e8</run_address>
         <size>0x64c</size>
         <input_file_ref idref="fl-93"/>
      </object_component>
      <object_component id="oc-7d">
         <name>.debug_info</name>
         <load_address>0xbb34</load_address>
         <run_address>0xbb34</run_address>
         <size>0x6e1</size>
         <input_file_ref idref="fl-94"/>
      </object_component>
      <object_component id="oc-80">
         <name>.debug_info</name>
         <load_address>0xc215</load_address>
         <run_address>0xc215</run_address>
         <size>0x86f</size>
         <input_file_ref idref="fl-95"/>
      </object_component>
      <object_component id="oc-83">
         <name>.debug_info</name>
         <load_address>0xca84</load_address>
         <run_address>0xca84</run_address>
         <size>0x6e7</size>
         <input_file_ref idref="fl-96"/>
      </object_component>
      <object_component id="oc-86">
         <name>.debug_info</name>
         <load_address>0xd16b</load_address>
         <run_address>0xd16b</run_address>
         <size>0x7dd</size>
         <input_file_ref idref="fl-97"/>
      </object_component>
      <object_component id="oc-89">
         <name>.debug_info</name>
         <load_address>0xd948</load_address>
         <run_address>0xd948</run_address>
         <size>0x5e2</size>
         <input_file_ref idref="fl-98"/>
      </object_component>
      <object_component id="oc-8d">
         <name>.debug_info</name>
         <load_address>0xdf2a</load_address>
         <run_address>0xdf2a</run_address>
         <size>0x69b</size>
         <input_file_ref idref="fl-99"/>
      </object_component>
      <object_component id="oc-90">
         <name>.debug_info</name>
         <load_address>0xe5c5</load_address>
         <run_address>0xe5c5</run_address>
         <size>0x697</size>
         <input_file_ref idref="fl-9a"/>
      </object_component>
      <object_component id="oc-93">
         <name>.debug_info</name>
         <load_address>0xec5c</load_address>
         <run_address>0xec5c</run_address>
         <size>0x78e</size>
         <input_file_ref idref="fl-9b"/>
      </object_component>
      <object_component id="oc-9a">
         <name>.debug_info</name>
         <load_address>0xf3ea</load_address>
         <run_address>0xf3ea</run_address>
         <size>0x8a7</size>
         <input_file_ref idref="fl-9c"/>
      </object_component>
      <object_component id="oc-a0">
         <name>.debug_info</name>
         <load_address>0xfc91</load_address>
         <run_address>0xfc91</run_address>
         <size>0x89f</size>
         <input_file_ref idref="fl-9d"/>
      </object_component>
      <object_component id="oc-a6">
         <name>.debug_info</name>
         <load_address>0x10530</load_address>
         <run_address>0x10530</run_address>
         <size>0x929</size>
         <input_file_ref idref="fl-9e"/>
      </object_component>
      <object_component id="oc-ac">
         <name>.debug_info</name>
         <load_address>0x10e59</load_address>
         <run_address>0x10e59</run_address>
         <size>0x5b3</size>
         <input_file_ref idref="fl-9f"/>
      </object_component>
      <object_component id="oc-b5">
         <name>.debug_info</name>
         <load_address>0x1140c</load_address>
         <run_address>0x1140c</run_address>
         <size>0xd8</size>
         <input_file_ref idref="fl-a2"/>
      </object_component>
      <object_component id="oc-110">
         <name>.debug_info</name>
         <load_address>0x114e4</load_address>
         <run_address>0x114e4</run_address>
         <size>0x6d</size>
      </object_component>
      <object_component id="oc-20">
         <name>.debug_frame</name>
         <load_address>0x0</load_address>
         <run_address>0x0</run_address>
         <size>0x353</size>
         <input_file_ref idref="fl-2"/>
      </object_component>
      <object_component id="oc-24">
         <name>.debug_frame</name>
         <load_address>0x353</load_address>
         <run_address>0x353</run_address>
         <size>0x27c</size>
         <input_file_ref idref="fl-3"/>
      </object_component>
      <object_component id="oc-2a">
         <name>.debug_frame</name>
         <load_address>0x5cf</load_address>
         <run_address>0x5cf</run_address>
         <size>0x2af</size>
         <input_file_ref idref="fl-4"/>
      </object_component>
      <object_component id="oc-35">
         <name>.debug_frame</name>
         <load_address>0x87e</load_address>
         <run_address>0x87e</run_address>
         <size>0x34f</size>
         <input_file_ref idref="fl-6"/>
      </object_component>
      <object_component id="oc-21">
         <name>.debug_line</name>
         <load_address>0x0</load_address>
         <run_address>0x0</run_address>
         <size>0x150</size>
         <input_file_ref idref="fl-2"/>
      </object_component>
      <object_component id="oc-25">
         <name>.debug_line</name>
         <load_address>0x150</load_address>
         <run_address>0x150</run_address>
         <size>0x6a</size>
         <input_file_ref idref="fl-3"/>
      </object_component>
      <object_component id="oc-2b">
         <name>.debug_line</name>
         <load_address>0x1ba</load_address>
         <run_address>0x1ba</run_address>
         <size>0x20b</size>
         <input_file_ref idref="fl-4"/>
      </object_component>
      <object_component id="oc-30">
         <name>.debug_line</name>
         <load_address>0x3c5</load_address>
         <run_address>0x3c5</run_address>
         <size>0xcd</size>
         <input_file_ref idref="fl-5"/>
      </object_component>
      <object_component id="oc-36">
         <name>.debug_line</name>
         <load_address>0x492</load_address>
         <run_address>0x492</run_address>
         <size>0x16a</size>
         <input_file_ref idref="fl-6"/>
      </object_component>
      <object_component id="oc-3a">
         <name>.debug_line</name>
         <load_address>0x5fc</load_address>
         <run_address>0x5fc</run_address>
         <size>0x3d</size>
         <input_file_ref idref="fl-83"/>
      </object_component>
      <object_component id="oc-3f">
         <name>.debug_line</name>
         <load_address>0x639</load_address>
         <run_address>0x639</run_address>
         <size>0x54</size>
         <input_file_ref idref="fl-84"/>
      </object_component>
      <object_component id="oc-42">
         <name>.debug_line</name>
         <load_address>0x68d</load_address>
         <run_address>0x68d</run_address>
         <size>0x3c</size>
         <input_file_ref idref="fl-85"/>
      </object_component>
      <object_component id="oc-47">
         <name>.debug_line</name>
         <load_address>0x6c9</load_address>
         <run_address>0x6c9</run_address>
         <size>0x4f</size>
         <input_file_ref idref="fl-86"/>
      </object_component>
      <object_component id="oc-4a">
         <name>.debug_line</name>
         <load_address>0x718</load_address>
         <run_address>0x718</run_address>
         <size>0x3e</size>
         <input_file_ref idref="fl-87"/>
      </object_component>
      <object_component id="oc-4d">
         <name>.debug_line</name>
         <load_address>0x756</load_address>
         <run_address>0x756</run_address>
         <size>0x3f</size>
         <input_file_ref idref="fl-88"/>
      </object_component>
      <object_component id="oc-52">
         <name>.debug_line</name>
         <load_address>0x795</load_address>
         <run_address>0x795</run_address>
         <size>0x3b</size>
         <input_file_ref idref="fl-89"/>
      </object_component>
      <object_component id="oc-58">
         <name>.debug_line</name>
         <load_address>0x7d0</load_address>
         <run_address>0x7d0</run_address>
         <size>0xa7</size>
         <input_file_ref idref="fl-8a"/>
      </object_component>
      <object_component id="oc-5b">
         <name>.debug_line</name>
         <load_address>0x877</load_address>
         <run_address>0x877</run_address>
         <size>0x37</size>
         <input_file_ref idref="fl-8b"/>
      </object_component>
      <object_component id="oc-5e">
         <name>.debug_line</name>
         <load_address>0x8ae</load_address>
         <run_address>0x8ae</run_address>
         <size>0x3d</size>
         <input_file_ref idref="fl-8c"/>
      </object_component>
      <object_component id="oc-63">
         <name>.debug_line</name>
         <load_address>0x8eb</load_address>
         <run_address>0x8eb</run_address>
         <size>0x5d</size>
         <input_file_ref idref="fl-8d"/>
      </object_component>
      <object_component id="oc-68">
         <name>.debug_line</name>
         <load_address>0x948</load_address>
         <run_address>0x948</run_address>
         <size>0x3b</size>
         <input_file_ref idref="fl-8e"/>
      </object_component>
      <object_component id="oc-6b">
         <name>.debug_line</name>
         <load_address>0x983</load_address>
         <run_address>0x983</run_address>
         <size>0x38</size>
         <input_file_ref idref="fl-8f"/>
      </object_component>
      <object_component id="oc-70">
         <name>.debug_line</name>
         <load_address>0x9bb</load_address>
         <run_address>0x9bb</run_address>
         <size>0x54</size>
         <input_file_ref idref="fl-90"/>
      </object_component>
      <object_component id="oc-73">
         <name>.debug_line</name>
         <load_address>0xa0f</load_address>
         <run_address>0xa0f</run_address>
         <size>0x80</size>
         <input_file_ref idref="fl-91"/>
      </object_component>
      <object_component id="oc-76">
         <name>.debug_line</name>
         <load_address>0xa8f</load_address>
         <run_address>0xa8f</run_address>
         <size>0x38</size>
         <input_file_ref idref="fl-92"/>
      </object_component>
      <object_component id="oc-7b">
         <name>.debug_line</name>
         <load_address>0xac7</load_address>
         <run_address>0xac7</run_address>
         <size>0x36</size>
         <input_file_ref idref="fl-93"/>
      </object_component>
      <object_component id="oc-7e">
         <name>.debug_line</name>
         <load_address>0xafd</load_address>
         <run_address>0xafd</run_address>
         <size>0x41</size>
         <input_file_ref idref="fl-94"/>
      </object_component>
      <object_component id="oc-81">
         <name>.debug_line</name>
         <load_address>0xb3e</load_address>
         <run_address>0xb3e</run_address>
         <size>0x47</size>
         <input_file_ref idref="fl-95"/>
      </object_component>
      <object_component id="oc-84">
         <name>.debug_line</name>
         <load_address>0xb85</load_address>
         <run_address>0xb85</run_address>
         <size>0x45</size>
         <input_file_ref idref="fl-96"/>
      </object_component>
      <object_component id="oc-87">
         <name>.debug_line</name>
         <load_address>0xbca</load_address>
         <run_address>0xbca</run_address>
         <size>0x44</size>
         <input_file_ref idref="fl-97"/>
      </object_component>
      <object_component id="oc-8e">
         <name>.debug_line</name>
         <load_address>0xc0e</load_address>
         <run_address>0xc0e</run_address>
         <size>0x38</size>
         <input_file_ref idref="fl-99"/>
      </object_component>
      <object_component id="oc-91">
         <name>.debug_line</name>
         <load_address>0xc46</load_address>
         <run_address>0xc46</run_address>
         <size>0x3a</size>
         <input_file_ref idref="fl-9a"/>
      </object_component>
      <object_component id="oc-94">
         <name>.debug_line</name>
         <load_address>0xc80</load_address>
         <run_address>0xc80</run_address>
         <size>0x4e</size>
         <input_file_ref idref="fl-9b"/>
      </object_component>
      <object_component id="oc-9b">
         <name>.debug_line</name>
         <load_address>0xcce</load_address>
         <run_address>0xcce</run_address>
         <size>0xb2</size>
         <input_file_ref idref="fl-9c"/>
      </object_component>
      <object_component id="oc-a1">
         <name>.debug_line</name>
         <load_address>0xd80</load_address>
         <run_address>0xd80</run_address>
         <size>0x4f</size>
         <input_file_ref idref="fl-9d"/>
      </object_component>
      <object_component id="oc-a7">
         <name>.debug_line</name>
         <load_address>0xdcf</load_address>
         <run_address>0xdcf</run_address>
         <size>0x7e</size>
         <input_file_ref idref="fl-9e"/>
      </object_component>
      <object_component id="oc-ad">
         <name>.debug_line</name>
         <load_address>0xe4d</load_address>
         <run_address>0xe4d</run_address>
         <size>0x52</size>
         <input_file_ref idref="fl-9f"/>
      </object_component>
      <object_component id="oc-b6">
         <name>.debug_line</name>
         <load_address>0xe9f</load_address>
         <run_address>0xe9f</run_address>
         <size>0x48</size>
         <input_file_ref idref="fl-a2"/>
      </object_component>
      <object_component id="oc-22">
         <name>.debug_abbrev</name>
         <load_address>0x0</load_address>
         <run_address>0x0</run_address>
         <size>0x188</size>
         <input_file_ref idref="fl-2"/>
      </object_component>
      <object_component id="oc-26">
         <name>.debug_abbrev</name>
         <load_address>0x188</load_address>
         <run_address>0x188</run_address>
         <size>0x103</size>
         <input_file_ref idref="fl-3"/>
      </object_component>
      <object_component id="oc-2c">
         <name>.debug_abbrev</name>
         <load_address>0x28b</load_address>
         <run_address>0x28b</run_address>
         <size>0x11d</size>
         <input_file_ref idref="fl-4"/>
      </object_component>
      <object_component id="oc-31">
         <name>.debug_abbrev</name>
         <load_address>0x3a8</load_address>
         <run_address>0x3a8</run_address>
         <size>0x20</size>
         <input_file_ref idref="fl-5"/>
      </object_component>
      <object_component id="oc-37">
         <name>.debug_abbrev</name>
         <load_address>0x3c8</load_address>
         <run_address>0x3c8</run_address>
         <size>0x195</size>
         <input_file_ref idref="fl-6"/>
      </object_component>
      <object_component id="oc-3b">
         <name>.debug_abbrev</name>
         <load_address>0x55d</load_address>
         <run_address>0x55d</run_address>
         <size>0xfe</size>
         <input_file_ref idref="fl-83"/>
      </object_component>
      <object_component id="oc-40">
         <name>.debug_abbrev</name>
         <load_address>0x65b</load_address>
         <run_address>0x65b</run_address>
         <size>0xcc</size>
         <input_file_ref idref="fl-84"/>
      </object_component>
      <object_component id="oc-43">
         <name>.debug_abbrev</name>
         <load_address>0x727</load_address>
         <run_address>0x727</run_address>
         <size>0xf5</size>
         <input_file_ref idref="fl-85"/>
      </object_component>
      <object_component id="oc-48">
         <name>.debug_abbrev</name>
         <load_address>0x81c</load_address>
         <run_address>0x81c</run_address>
         <size>0x119</size>
         <input_file_ref idref="fl-86"/>
      </object_component>
      <object_component id="oc-4b">
         <name>.debug_abbrev</name>
         <load_address>0x935</load_address>
         <run_address>0x935</run_address>
         <size>0x9a</size>
         <input_file_ref idref="fl-87"/>
      </object_component>
      <object_component id="oc-4e">
         <name>.debug_abbrev</name>
         <load_address>0x9cf</load_address>
         <run_address>0x9cf</run_address>
         <size>0xa3</size>
         <input_file_ref idref="fl-88"/>
      </object_component>
      <object_component id="oc-53">
         <name>.debug_abbrev</name>
         <load_address>0xa72</load_address>
         <run_address>0xa72</run_address>
         <size>0xbf</size>
         <input_file_ref idref="fl-89"/>
      </object_component>
      <object_component id="oc-59">
         <name>.debug_abbrev</name>
         <load_address>0xb31</load_address>
         <run_address>0xb31</run_address>
         <size>0x1f8</size>
         <input_file_ref idref="fl-8a"/>
      </object_component>
      <object_component id="oc-5c">
         <name>.debug_abbrev</name>
         <load_address>0xd29</load_address>
         <run_address>0xd29</run_address>
         <size>0xa1</size>
         <input_file_ref idref="fl-8b"/>
      </object_component>
      <object_component id="oc-5f">
         <name>.debug_abbrev</name>
         <load_address>0xdca</load_address>
         <run_address>0xdca</run_address>
         <size>0xa3</size>
         <input_file_ref idref="fl-8c"/>
      </object_component>
      <object_component id="oc-64">
         <name>.debug_abbrev</name>
         <load_address>0xe6d</load_address>
         <run_address>0xe6d</run_address>
         <size>0xdc</size>
         <input_file_ref idref="fl-8d"/>
      </object_component>
      <object_component id="oc-69">
         <name>.debug_abbrev</name>
         <load_address>0xf49</load_address>
         <run_address>0xf49</run_address>
         <size>0xeb</size>
         <input_file_ref idref="fl-8e"/>
      </object_component>
      <object_component id="oc-6c">
         <name>.debug_abbrev</name>
         <load_address>0x1034</load_address>
         <run_address>0x1034</run_address>
         <size>0xaf</size>
         <input_file_ref idref="fl-8f"/>
      </object_component>
      <object_component id="oc-71">
         <name>.debug_abbrev</name>
         <load_address>0x10e3</load_address>
         <run_address>0x10e3</run_address>
         <size>0xcc</size>
         <input_file_ref idref="fl-90"/>
      </object_component>
      <object_component id="oc-74">
         <name>.debug_abbrev</name>
         <load_address>0x11af</load_address>
         <run_address>0x11af</run_address>
         <size>0x102</size>
         <input_file_ref idref="fl-91"/>
      </object_component>
      <object_component id="oc-77">
         <name>.debug_abbrev</name>
         <load_address>0x12b1</load_address>
         <run_address>0x12b1</run_address>
         <size>0xaf</size>
         <input_file_ref idref="fl-92"/>
      </object_component>
      <object_component id="oc-7c">
         <name>.debug_abbrev</name>
         <load_address>0x1360</load_address>
         <run_address>0x1360</run_address>
         <size>0x9f</size>
         <input_file_ref idref="fl-93"/>
      </object_component>
      <object_component id="oc-7f">
         <name>.debug_abbrev</name>
         <load_address>0x13ff</load_address>
         <run_address>0x13ff</run_address>
         <size>0xe1</size>
         <input_file_ref idref="fl-94"/>
      </object_component>
      <object_component id="oc-82">
         <name>.debug_abbrev</name>
         <load_address>0x14e0</load_address>
         <run_address>0x14e0</run_address>
         <size>0x13f</size>
         <input_file_ref idref="fl-95"/>
      </object_component>
      <object_component id="oc-85">
         <name>.debug_abbrev</name>
         <load_address>0x161f</load_address>
         <run_address>0x161f</run_address>
         <size>0xdd</size>
         <input_file_ref idref="fl-96"/>
      </object_component>
      <object_component id="oc-88">
         <name>.debug_abbrev</name>
         <load_address>0x16fc</load_address>
         <run_address>0x16fc</run_address>
         <size>0x10c</size>
         <input_file_ref idref="fl-97"/>
      </object_component>
      <object_component id="oc-8c">
         <name>.debug_abbrev</name>
         <load_address>0x1808</load_address>
         <run_address>0x1808</run_address>
         <size>0x44</size>
         <input_file_ref idref="fl-98"/>
      </object_component>
      <object_component id="oc-8f">
         <name>.debug_abbrev</name>
         <load_address>0x184c</load_address>
         <run_address>0x184c</run_address>
         <size>0xb1</size>
         <input_file_ref idref="fl-99"/>
      </object_component>
      <object_component id="oc-92">
         <name>.debug_abbrev</name>
         <load_address>0x18fd</load_address>
         <run_address>0x18fd</run_address>
         <size>0xa8</size>
         <input_file_ref idref="fl-9a"/>
      </object_component>
      <object_component id="oc-95">
         <name>.debug_abbrev</name>
         <load_address>0x19a5</load_address>
         <run_address>0x19a5</run_address>
         <size>0xd5</size>
         <input_file_ref idref="fl-9b"/>
      </object_component>
      <object_component id="oc-99">
         <name>.debug_abbrev</name>
         <load_address>0x1a7a</load_address>
         <run_address>0x1a7a</run_address>
         <size>0x196</size>
         <input_file_ref idref="fl-9c"/>
      </object_component>
      <object_component id="oc-9f">
         <name>.debug_abbrev</name>
         <load_address>0x1c10</load_address>
         <run_address>0x1c10</run_address>
         <size>0x126</size>
         <input_file_ref idref="fl-9d"/>
      </object_component>
      <object_component id="oc-a5">
         <name>.debug_abbrev</name>
         <load_address>0x1d36</load_address>
         <run_address>0x1d36</run_address>
         <size>0x14e</size>
         <input_file_ref idref="fl-9e"/>
      </object_component>
      <object_component id="oc-ab">
         <name>.debug_abbrev</name>
         <load_address>0x1e84</load_address>
         <run_address>0x1e84</run_address>
         <size>0xf1</size>
         <input_file_ref idref="fl-9f"/>
      </object_component>
      <object_component id="oc-b7">
         <name>.debug_abbrev</name>
         <load_address>0x1f75</load_address>
         <run_address>0x1f75</run_address>
         <size>0x3a</size>
         <input_file_ref idref="fl-a2"/>
      </object_component>
      <object_component id="oc-111">
         <name>.debug_abbrev</name>
         <load_address>0x1faf</load_address>
         <run_address>0x1faf</run_address>
         <size>0xd</size>
      </object_component>
      <object_component id="oc-b1">
         <name>$BRID</name>
         <load_address>0x0</load_address>
         <run_address>0x0</run_address>
         <size>0x78</size>
         <input_file_ref idref="fl-a0"/>
      </object_component>
      <object_component id="oc-b4">
         <name>$BRID</name>
         <load_address>0x78</load_address>
         <run_address>0x78</run_address>
         <size>0x7c</size>
         <input_file_ref idref="fl-a1"/>
      </object_component>
   </object_component_list>
   <logical_group_list>
      <logical_group id="lg-2">
         <name>.EXT_RAM</name>
         <run_address>0x0</run_address>
         <size>0x0</size>
         <contents>
         </contents>
      </logical_group>
      <logical_group id="lg-3">
         <name>.vecs</name>
         <load_address>0x0</load_address>
         <run_address>0x0</run_address>
         <size>0x200</size>
         <contents>
            <object_component_ref idref="oc-2e"/>
         </contents>
      </logical_group>
      <logical_group id="lg-4">
         <name>.text</name>
         <load_address>0x10220</load_address>
         <run_address>0x10220</run_address>
         <size>0x60c0</size>
         <contents>
            <object_component_ref idref="oc-d7"/>
            <object_component_ref idref="oc-d8"/>
            <object_component_ref idref="oc-c3"/>
            <object_component_ref idref="oc-bb"/>
            <object_component_ref idref="oc-d4"/>
            <object_component_ref idref="oc-96"/>
            <object_component_ref idref="oc-d5"/>
            <object_component_ref idref="oc-e8"/>
            <object_component_ref idref="oc-e9"/>
            <object_component_ref idref="oc-9c"/>
            <object_component_ref idref="oc-d3"/>
            <object_component_ref idref="oc-da"/>
            <object_component_ref idref="oc-d6"/>
            <object_component_ref idref="oc-c1"/>
            <object_component_ref idref="oc-c9"/>
            <object_component_ref idref="oc-d2"/>
            <object_component_ref idref="oc-e3"/>
            <object_component_ref idref="oc-1f"/>
            <object_component_ref idref="oc-de"/>
            <object_component_ref idref="oc-dc"/>
            <object_component_ref idref="oc-d9"/>
            <object_component_ref idref="oc-a2"/>
            <object_component_ref idref="oc-bf"/>
            <object_component_ref idref="oc-b8"/>
            <object_component_ref idref="oc-be"/>
            <object_component_ref idref="oc-bd"/>
            <object_component_ref idref="oc-ba"/>
            <object_component_ref idref="oc-e0"/>
            <object_component_ref idref="oc-e6"/>
            <object_component_ref idref="oc-df"/>
            <object_component_ref idref="oc-e4"/>
            <object_component_ref idref="oc-c0"/>
            <object_component_ref idref="oc-e7"/>
            <object_component_ref idref="oc-a8"/>
            <object_component_ref idref="oc-c5"/>
            <object_component_ref idref="oc-ea"/>
            <object_component_ref idref="oc-db"/>
            <object_component_ref idref="oc-c2"/>
            <object_component_ref idref="oc-1a"/>
            <object_component_ref idref="oc-dd"/>
            <object_component_ref idref="oc-cd"/>
            <object_component_ref idref="oc-ca"/>
            <object_component_ref idref="oc-b9"/>
            <object_component_ref idref="oc-e5"/>
            <object_component_ref idref="oc-2d"/>
            <object_component_ref idref="oc-c6"/>
            <object_component_ref idref="oc-cb"/>
            <object_component_ref idref="oc-cc"/>
            <object_component_ref idref="oc-c8"/>
            <object_component_ref idref="oc-c7"/>
            <object_component_ref idref="oc-d1"/>
            <object_component_ref idref="oc-d0"/>
            <object_component_ref idref="oc-cf"/>
            <object_component_ref idref="oc-ce"/>
            <object_component_ref idref="oc-bc"/>
            <object_component_ref idref="oc-c4"/>
            <object_component_ref idref="oc-ae"/>
         </contents>
      </logical_group>
      <logical_group id="lg-5">
         <name>.text</name>
         <run_address>0x0</run_address>
         <size>0x0</size>
         <contents>
         </contents>
      </logical_group>
      <logical_group id="lg-6">
         <name>.stack</name>
         <run_address>0x220</run_address>
         <size>0x8000</size>
         <contents>
            <object_component_ref idref="oc-39"/>
            <object_component_ref idref="oc-10e"/>
         </contents>
      </logical_group>
      <logical_group id="lg-7">
         <name>.bss</name>
         <run_address>0x220</run_address>
         <size>0x0</size>
         <contents>
         </contents>
      </logical_group>
      <logical_group id="lg-8">
         <name>.cio</name>
         <run_address>0x0</run_address>
         <size>0x0</size>
         <contents>
         </contents>
      </logical_group>
      <logical_group id="lg-9">
         <name>.const</name>
         <load_address>0x191d0</load_address>
         <run_address>0x191d0</run_address>
         <size>0xac</size>
         <contents>
            <object_component_ref idref="oc-9e"/>
            <object_component_ref idref="oc-e1"/>
            <object_component_ref idref="oc-e2"/>
            <object_component_ref idref="oc-98"/>
            <object_component_ref idref="oc-1e"/>
         </contents>
      </logical_group>
      <logical_group id="lg-a">
         <name>.data</name>
         <run_address>0x220</run_address>
         <size>0x0</size>
         <contents>
         </contents>
      </logical_group>
      <logical_group id="lg-b">
         <name>.switch</name>
         <run_address>0x0</run_address>
         <size>0x0</size>
         <contents>
         </contents>
      </logical_group>
      <logical_group id="lg-c">
         <name>.sysmem</name>
         <run_address>0x8220</run_address>
         <size>0x8000</size>
         <contents>
            <object_component_ref idref="oc-57"/>
            <object_component_ref idref="oc-10f"/>
         </contents>
      </logical_group>
      <logical_group id="lg-d">
         <name>.far</name>
         <run_address>0x162e0</run_address>
         <size>0x2988</size>
         <contents>
            <object_component_ref idref="oc-1d"/>
            <object_component_ref idref="oc-29"/>
            <object_component_ref idref="oc-34"/>
            <object_component_ref idref="oc-3e"/>
            <object_component_ref idref="oc-46"/>
            <object_component_ref idref="oc-51"/>
            <object_component_ref idref="oc-56"/>
            <object_component_ref idref="oc-62"/>
            <object_component_ref idref="oc-67"/>
            <object_component_ref idref="oc-6f"/>
            <object_component_ref idref="oc-7a"/>
            <object_component_ref idref="oc-8b"/>
            <object_component_ref idref="oc-97"/>
            <object_component_ref idref="oc-9d"/>
            <object_component_ref idref="oc-a4"/>
            <object_component_ref idref="oc-aa"/>
            <object_component_ref idref="oc-b0"/>
            <object_component_ref idref="oc-b3"/>
         </contents>
      </logical_group>
      <logical_group id="lg-e">
         <name>.args</name>
         <run_address>0x0</run_address>
         <size>0x0</size>
         <contents>
         </contents>
      </logical_group>
      <logical_group id="lg-f">
         <name>.ppinfo</name>
         <run_address>0x0</run_address>
         <size>0x0</size>
         <contents>
         </contents>
      </logical_group>
      <logical_group id="lg-10">
         <name>.ppdata</name>
         <run_address>0x0</run_address>
         <size>0x0</size>
         <contents>
         </contents>
      </logical_group>
      <logical_group id="lg-11">
         <name>.pinit</name>
         <run_address>0x0</run_address>
         <size>0x0</size>
         <contents>
         </contents>
      </logical_group>
      <logical_group id="lg-12">
         <name>.cinit</name>
         <load_address>0x18c68</load_address>
         <run_address>0x18c68</run_address>
         <size>0x564</size>
         <contents>
            <object_component_ref idref="oc-61"/>
            <object_component_ref idref="oc-af"/>
            <object_component_ref idref="oc-1c"/>
            <object_component_ref idref="oc-33"/>
            <object_component_ref idref="oc-b2"/>
            <object_component_ref idref="oc-3d"/>
            <object_component_ref idref="oc-6e"/>
            <object_component_ref idref="oc-50"/>
            <object_component_ref idref="oc-a3"/>
            <object_component_ref idref="oc-45"/>
            <object_component_ref idref="oc-55"/>
            <object_component_ref idref="oc-a9"/>
            <object_component_ref idref="oc-79"/>
            <object_component_ref idref="oc-66"/>
            <object_component_ref idref="oc-28"/>
            <object_component_ref idref="oc-8a"/>
         </contents>
      </logical_group>
      <logical_group id="lg-13">
         <name>.binit</name>
         <run_address>0x0</run_address>
         <size>0x0</size>
         <contents>
         </contents>
      </logical_group>
      <logical_group id="lg-14">
         <name>.init_array</name>
         <run_address>0x0</run_address>
         <size>0x0</size>
         <contents>
         </contents>
      </logical_group>
      <logical_group id="lg-15">
         <name>.neardata</name>
         <run_address>0x0</run_address>
         <size>0x0</size>
         <contents>
         </contents>
      </logical_group>
      <logical_group id="lg-16">
         <name>.fardata</name>
         <run_address>0x0</run_address>
         <size>0x0</size>
         <contents>
         </contents>
      </logical_group>
      <logical_group id="lg-17">
         <name>.rodata</name>
         <run_address>0x0</run_address>
         <size>0x0</size>
         <contents>
         </contents>
      </logical_group>
      <logical_group id="lg-18">
         <name>.c6xabi.exidx</name>
         <run_address>0x0</run_address>
         <size>0x0</size>
         <contents>
         </contents>
      </logical_group>
      <logical_group id="lg-19">
         <name>.c6xabi.extab</name>
         <run_address>0x0</run_address>
         <size>0x0</size>
         <contents>
         </contents>
      </logical_group>
      <logical_group id="lg-103">
         <name>.debug_info</name>
         <load_address>0x0</load_address>
         <run_address>0x0</run_address>
         <size>0x11551</size>
         <contents>
            <object_component_ref idref="oc-1b"/>
            <object_component_ref idref="oc-23"/>
            <object_component_ref idref="oc-27"/>
            <object_component_ref idref="oc-2f"/>
            <object_component_ref idref="oc-32"/>
            <object_component_ref idref="oc-38"/>
            <object_component_ref idref="oc-3c"/>
            <object_component_ref idref="oc-41"/>
            <object_component_ref idref="oc-44"/>
            <object_component_ref idref="oc-49"/>
            <object_component_ref idref="oc-4c"/>
            <object_component_ref idref="oc-4f"/>
            <object_component_ref idref="oc-54"/>
            <object_component_ref idref="oc-5a"/>
            <object_component_ref idref="oc-5d"/>
            <object_component_ref idref="oc-60"/>
            <object_component_ref idref="oc-65"/>
            <object_component_ref idref="oc-6a"/>
            <object_component_ref idref="oc-6d"/>
            <object_component_ref idref="oc-72"/>
            <object_component_ref idref="oc-75"/>
            <object_component_ref idref="oc-78"/>
            <object_component_ref idref="oc-7d"/>
            <object_component_ref idref="oc-80"/>
            <object_component_ref idref="oc-83"/>
            <object_component_ref idref="oc-86"/>
            <object_component_ref idref="oc-89"/>
            <object_component_ref idref="oc-8d"/>
            <object_component_ref idref="oc-90"/>
            <object_component_ref idref="oc-93"/>
            <object_component_ref idref="oc-9a"/>
            <object_component_ref idref="oc-a0"/>
            <object_component_ref idref="oc-a6"/>
            <object_component_ref idref="oc-ac"/>
            <object_component_ref idref="oc-b5"/>
            <object_component_ref idref="oc-110"/>
         </contents>
      </logical_group>
      <logical_group id="lg-105">
         <name>.debug_frame</name>
         <load_address>0x0</load_address>
         <run_address>0x0</run_address>
         <size>0xbcd</size>
         <contents>
            <object_component_ref idref="oc-20"/>
            <object_component_ref idref="oc-24"/>
            <object_component_ref idref="oc-2a"/>
            <object_component_ref idref="oc-35"/>
         </contents>
      </logical_group>
      <logical_group id="lg-107">
         <name>.debug_line</name>
         <load_address>0x0</load_address>
         <run_address>0x0</run_address>
         <size>0xee7</size>
         <contents>
            <object_component_ref idref="oc-21"/>
            <object_component_ref idref="oc-25"/>
            <object_component_ref idref="oc-2b"/>
            <object_component_ref idref="oc-30"/>
            <object_component_ref idref="oc-36"/>
            <object_component_ref idref="oc-3a"/>
            <object_component_ref idref="oc-3f"/>
            <object_component_ref idref="oc-42"/>
            <object_component_ref idref="oc-47"/>
            <object_component_ref idref="oc-4a"/>
            <object_component_ref idref="oc-4d"/>
            <object_component_ref idref="oc-52"/>
            <object_component_ref idref="oc-58"/>
            <object_component_ref idref="oc-5b"/>
            <object_component_ref idref="oc-5e"/>
            <object_component_ref idref="oc-63"/>
            <object_component_ref idref="oc-68"/>
            <object_component_ref idref="oc-6b"/>
            <object_component_ref idref="oc-70"/>
            <object_component_ref idref="oc-73"/>
            <object_component_ref idref="oc-76"/>
            <object_component_ref idref="oc-7b"/>
            <object_component_ref idref="oc-7e"/>
            <object_component_ref idref="oc-81"/>
            <object_component_ref idref="oc-84"/>
            <object_component_ref idref="oc-87"/>
            <object_component_ref idref="oc-8e"/>
            <object_component_ref idref="oc-91"/>
            <object_component_ref idref="oc-94"/>
            <object_component_ref idref="oc-9b"/>
            <object_component_ref idref="oc-a1"/>
            <object_component_ref idref="oc-a7"/>
            <object_component_ref idref="oc-ad"/>
            <object_component_ref idref="oc-b6"/>
         </contents>
      </logical_group>
      <logical_group id="lg-109">
         <name>.debug_abbrev</name>
         <load_address>0x0</load_address>
         <run_address>0x0</run_address>
         <size>0x1fbc</size>
         <contents>
            <object_component_ref idref="oc-22"/>
            <object_component_ref idref="oc-26"/>
            <object_component_ref idref="oc-2c"/>
            <object_component_ref idref="oc-31"/>
            <object_component_ref idref="oc-37"/>
            <object_component_ref idref="oc-3b"/>
            <object_component_ref idref="oc-40"/>
            <object_component_ref idref="oc-43"/>
            <object_component_ref idref="oc-48"/>
            <object_component_ref idref="oc-4b"/>
            <object_component_ref idref="oc-4e"/>
            <object_component_ref idref="oc-53"/>
            <object_component_ref idref="oc-59"/>
            <object_component_ref idref="oc-5c"/>
            <object_component_ref idref="oc-5f"/>
            <object_component_ref idref="oc-64"/>
            <object_component_ref idref="oc-69"/>
            <object_component_ref idref="oc-6c"/>
            <object_component_ref idref="oc-71"/>
            <object_component_ref idref="oc-74"/>
            <object_component_ref idref="oc-77"/>
            <object_component_ref idref="oc-7c"/>
            <object_component_ref idref="oc-7f"/>
            <object_component_ref idref="oc-82"/>
            <object_component_ref idref="oc-85"/>
            <object_component_ref idref="oc-88"/>
            <object_component_ref idref="oc-8c"/>
            <object_component_ref idref="oc-8f"/>
            <object_component_ref idref="oc-92"/>
            <object_component_ref idref="oc-95"/>
            <object_component_ref idref="oc-99"/>
            <object_component_ref idref="oc-9f"/>
            <object_component_ref idref="oc-a5"/>
            <object_component_ref idref="oc-ab"/>
[...]
      </symbol>
      <symbol id="sm-14">
         <name>end</name>
         <value>0x220</value>
      </symbol>
      <symbol id="sm-15">
         <name>___end__</name>
         <value>0x220</value>
      </symbol>
      <symbol id="sm-16">
         <name>___TI_pprof_out_hndl</name>
         <value>0xffffffff</value>
      </symbol>
      <symbol id="sm-17">
         <name>___TI_prof_data_start</name>
         <value>0xffffffff</value>
      </symbol>
      <symbol id="sm-18">
         <name>___TI_prof_data_size</name>
         <value>0xffffffff</value>
      </symbol>
      <symbol id="sm-19">
         <name>$bss</name>
         <value>0x220</value>
      </symbol>
      <symbol id="sm-b2">
         <name>_wait_buffer</name>
         <value>0x11adc</value>
         <object_component_ref idref="oc-c3"/>
      </symbol>
      <symbol id="sm-b3">
         <name>_main</name>
         <value>0x11c50</value>
         <object_component_ref idref="oc-c3"/>
      </symbol>
      <symbol id="sm-b4">
         <name>_c_int11</name>
         <value>0x14c60</value>
         <object_component_ref idref="oc-1f"/>
      </symbol>
      <symbol id="sm-b5">
         <name>_buffer1</name>
         <value>0x16300</value>
         <object_component_ref idref="oc-1d"/>
      </symbol>
      <symbol id="sm-b6">
         <name>_buffer2</name>
         <value>0x175c0</value>
         <object_component_ref idref="oc-1d"/>
      </symbol>
      <symbol id="sm-b7">
         <name>_sample</name>
         <value>0x1888c</value>
         <object_component_ref idref="oc-1d"/>
      </symbol>
      <symbol id="sm-b8">
         <name>_iobuffer</name>
         <value>0x18880</value>
         <object_component_ref idref="oc-1d"/>
      </symbol>
      <symbol id="sm-b9">
         <name>_oblock</name>
         <value>0x18884</value>
         <object_component_ref idref="oc-1d"/>
      </symbol>
      <symbol id="sm-ba">
         <name>_init_user</name>
         <value>0x1161c</value>
         <object_component_ref idref="oc-c3"/>
      </symbol>
      <symbol id="sm-bb">
         <name>_input_bits</name>
         <value>0x162e0</value>
         <object_component_ref idref="oc-1d"/>
      </symbol>
      <symbol id="sm-bc">
         <name>_init_arrays</name>
         <value>0x115a0</value>
         <object_component_ref idref="oc-c3"/>
      </symbol>
      <symbol id="sm-bd">
         <name>_fs</name>
         <value>0x18888</value>
         <object_component_ref idref="oc-1d"/>
      </symbol>
      <symbol id="sm-be">
         <name>_conf</name>
         <value>0x18890</value>
         <object_component_ref idref="oc-1d"/>
      </symbol>
      <symbol id="sm-bf">
         <name>_read_bits</name>
         <value>0x11b7c</value>
         <object_component_ref idref="oc-c3"/>
      </symbol>
      <symbol id="sm-d7">
         <name>_add_noise</name>
         <value>0x14238</value>
         <object_component_ref idref="oc-da"/>
      </symbol>
      <symbol id="sm-11c">
         <name>_mpy_cos</name>
         <value>0x10220</value>
         <object_component_ref idref="oc-d7"/>
      </symbol>
      <symbol id="sm-11d">
         <name>_modulator_fsk</name>
         <value>0x10bf8</value>
         <object_component_ref idref="oc-d7"/>
      </symbol>
      <symbol id="sm-11e">
         <name>_modulator_ask_psk</name>
         <value>0x109c8</value>
         <object_component_ref idref="oc-d7"/>
      </symbol>
      <symbol id="sm-11f">
         <name>_modulator_init</name>
         <value>0x10344</value>
         <object_component_ref idref="oc-d7"/>
      </symbol>
      <symbol id="sm-12c">
         <name>_vector10</name>
         <value>0x140</value>
         <object_component_ref idref="oc-2e"/>
      </symbol>
      <symbol id="sm-12d">
         <name>_vector12</name>
         <value>0x180</value>
         <object_component_ref idref="oc-2e"/>
      </symbol>
      <symbol id="sm-12e">
         <name>_vector13</name>
         <value>0x1a0</value>
         <object_component_ref idref="oc-2e"/>
      </symbol>
      <symbol id="sm-12f">
         <name>_vector14</name>
         <value>0x1c0</value>
         <object_component_ref idref="oc-2e"/>
      </symbol>
      <symbol id="sm-130">
         <name>_vector15</name>
         <value>0x1e0</value>
         <object_component_ref idref="oc-2e"/>
      </symbol>
      <symbol id="sm-131">
         <name>_vectors</name>
         <value>0x0</value>
         <object_component_ref idref="oc-2e"/>
      </symbol>
      <symbol id="sm-132">
         <name>_vector1</name>
         <value>0x20</value>
         <object_component_ref idref="oc-2e"/>
      </symbol>
      <symbol id="sm-133">
         <name>_vector3</name>
         <value>0x60</value>
         <object_component_ref idref="oc-2e"/>
      </symbol>
      <symbol id="sm-134">
         <name>_vector2</name>
         <value>0x40</value>
         <object_component_ref idref="oc-2e"/>
      </symbol>
      <symbol id="sm-135">
         <name>_vector5</name>
         <value>0xa0</value>
         <object_component_ref idref="oc-2e"/>
      </symbol>
      <symbol id="sm-136">
         <name>_vector4</name>
         <value>0x80</value>
         <object_component_ref idref="oc-2e"/>
      </symbol>
      <symbol id="sm-137">
         <name>_vector7</name>
         <value>0xe0</value>
         <object_component_ref idref="oc-2e"/>
      </symbol>
      <symbol id="sm-138">
         <name>_vector6</name>
         <value>0xc0</value>
         <object_component_ref idref="oc-2e"/>
      </symbol>
      <symbol id="sm-139">
         <name>_vector9</name>
         <value>0x120</value>
         <object_component_ref idref="oc-2e"/>
      </symbol>
      <symbol id="sm-13a">
         <name>_vector8</name>
         <value>0x100</value>
         <object_component_ref idref="oc-2e"/>
      </symbol>
      <symbol id="sm-184">
         <name>_comm_poll</name>
         <value>0x11f04</value>
         <object_component_ref idref="oc-bb"/>
      </symbol>
      <symbol id="sm-185">
         <name>_output_left_sample</name>
         <value>0x1219c</value>
         <object_component_ref idref="oc-bb"/>
      </symbol>
      <symbol id="sm-186">
         <name>_comm_intr</name>
         <value>0x11f38</value>
         <object_component_ref idref="oc-bb"/>
      </symbol>
      <symbol id="sm-187">
         <name>_input_left_sample</name>
         <value>0x12460</value>
         <object_component_ref idref="oc-bb"/>
      </symbol>
      <symbol id="sm-188">
         <name>_output_sample</name>
         <value>0x12088</value>
         <object_component_ref idref="oc-bb"/>
      </symbol>
      <symbol id="sm-189">
         <name>_c6713_dsk_init</name>
         <value>0x11e40</value>
         <object_component_ref idref="oc-bb"/>
      </symbol>
      <symbol id="sm-18a">
         <name>_config</name>
         <value>0x18ad8</value>
         <object_component_ref idref="oc-34"/>
      </symbol>
      <symbol id="sm-18b">
         <name>_input_right_sample</name>
         <value>0x12528</value>
         <object_component_ref idref="oc-bb"/>
      </symbol>
      <symbol id="sm-18c">
         <name>_AIC_data</name>
         <value>0x18aac</value>
         <object_component_ref idref="oc-34"/>
      </symbol>
      <symbol id="sm-18d">
         <name>_hAIC23_handle</name>
         <value>0x18b00</value>
         <object_component_ref idref="oc-34"/>
      </symbol>
      <symbol id="sm-18e">
         <name>_AIC23CfgData</name>
         <value>0x18ab8</value>
         <object_component_ref idref="oc-34"/>
      </symbol>
      <symbol id="sm-18f">
         <name>_input_sample</name>
         <value>0x1235c</value>
         <object_component_ref idref="oc-bb"/>
      </symbol>
      <symbol id="sm-190">
         <name>_output_right_sample</name>
         <value>0x1227c</value>
         <object_component_ref idref="oc-bb"/>
      </symbol>
      <symbol id="sm-19c">
         <name>_c_int00</name>
         <value>0x15f60</value>
         <object_component_ref idref="oc-1a"/>
      </symbol>
      <symbol id="sm-19d">
         <name>__stack</name>
         <value>0x220</value>
         <object_component_ref idref="oc-39"/>
      </symbol>
      <symbol id="sm-1ab">
         <name>_cos</name>
         <value>0x13520</value>
         <object_component_ref idref="oc-e8"/>
      </symbol>
      <symbol id="sm-1b5">
         <name>__divd</name>
         <value>0x12600</value>
         <object_component_ref idref="oc-d4"/>
      </symbol>
      <symbol id="sm-1c5">
         <name>C$$EXIT</name>
         <value>0x162a0</value>
         <object_component_ref idref="oc-c4"/>
      </symbol>
      <symbol id="sm-1c6">
         <name>_exit</name>
         <value>0x15680</value>
         <object_component_ref idref="oc-ba"/>
      </symbol>
      <symbol id="sm-1c7">
         <name>___TI_enable_exit_profile_output</name>
         <value>0x18c40</value>
         <object_component_ref idref="oc-46"/>
      </symbol>
      <symbol id="sm-1c8">
         <name>_abort</name>
         <value>0x162a0</value>
         <object_component_ref idref="oc-c4"/>
      </symbol>
      <symbol id="sm-1c9">
         <name>__cleanup_ptr</name>
         <value>0x18c38</value>
         <object_component_ref idref="oc-46"/>
      </symbol>
      <symbol id="sm-1ca">
         <name>__dtors_ptr</name>
         <value>0x18c3c</value>
         <object_component_ref idref="oc-46"/>
      </symbol>
      <symbol id="sm-1d4">
         <name>__frcmpyd_div</name>
         <value>0x14dc0</value>
         <object_component_ref idref="oc-de"/>
      </symbol>
      <symbol id="sm-1de">
         <name>__llshru</name>
         <value>0x15fe0</value>
         <object_component_ref idref="oc-dd"/>
      </symbol>
      <symbol id="sm-1ec">
         <name>_log</name>
         <value>0x13e80</value>
         <object_component_ref idref="oc-d3"/>
      </symbol>
      <symbol id="sm-202">
         <name>__sys_memory</name>
         <value>0x8220</value>
         <object_component_ref idref="oc-57"/>
      </symbol>
      <symbol id="sm-203">
         <name>_free</name>
         <value>0x131a0</value>
         <object_component_ref idref="oc-d5"/>
      </symbol>
      <symbol id="sm-204">
         <name>_malloc</name>
         <value>0x14340</value>
         <object_component_ref idref="oc-d6"/>
      </symbol>
      <symbol id="sm-20e">
         <name>_modf</name>
         <value>0x15840</value>
         <object_component_ref idref="oc-e6"/>
      </symbol>
      <symbol id="sm-218">
         <name>__mpyll</name>
         <value>0x15da0</value>
         <object_component_ref idref="oc-ea"/>
      </symbol>
      <symbol id="sm-226">
         <name>_pow</name>
         <value>0x10c20</value>
         <object_component_ref idref="oc-d8"/>
      </symbol>
      <symbol id="sm-234">
         <name>_rand</name>
         <value>0x15b80</value>
         <object_component_ref idref="oc-e7"/>
      </symbol>
      <symbol id="sm-23e">
         <name>__nround</name>
         <value>0x15a00</value>
         <object_component_ref idref="oc-e4"/>
      </symbol>
      <symbol id="sm-24c">
         <name>_sin</name>
         <value>0x13880</value>
         <object_component_ref idref="oc-e9"/>
      </symbol>
      <symbol id="sm-256">
         <name>_sqrt</name>
         <value>0x15040</value>
         <object_component_ref idref="oc-d9"/>
      </symbol>
      <symbol id="sm-260">
         <name>__trunc</name>
         <value>0x16100</value>
         <object_component_ref idref="oc-e5"/>
      </symbol>
      <symbol id="sm-26e">
         <name>__unlock</name>
         <value>0x18c50</value>
         <object_component_ref idref="oc-7a"/>
      </symbol>
      <symbol id="sm-26f">
         <name>__lock</name>
         <value>0x18c4c</value>
         <object_component_ref idref="oc-7a"/>
      </symbol>
      <symbol id="sm-270">
         <name>__nop</name>
         <value>0x16280</value>
         <object_component_ref idref="oc-bc"/>
      </symbol>
      <symbol id="sm-27a">
         <name>__args_main</name>
         <value>0x160c0</value>
         <object_component_ref idref="oc-b9"/>
      </symbol>
      <symbol id="sm-27b">
         <name>__TI_args_main</name>
         <value>0x1</value>
      </symbol>
      <symbol id="sm-285">
         <name>__auto_init</name>
         <value>0x153c0</value>
         <object_component_ref idref="oc-b8"/>
      </symbol>
      <symbol id="sm-28f">
         <name>___TI_cpp_init</name>
         <value>0x15ee0</value>
         <object_component_ref idref="oc-c2"/>
      </symbol>
      <symbol id="sm-299">
         <name>_copy_in</name>
         <value>0x15ac0</value>
         <object_component_ref idref="oc-c0"/>
      </symbol>
      <symbol id="sm-2a3">
         <name>_errno</name>
         <value>0x18b04</value>
         <object_component_ref idref="oc-8b"/>
      </symbol>
      <symbol id="sm-2ad">
         <name>_frexp</name>
         <value>0x14f00</value>
         <object_component_ref idref="oc-dc"/>
      </symbol>
      <symbol id="sm-2b7">
         <name>_ldexp</name>
         <value>0x14ae0</value>
         <object_component_ref idref="oc-e3"/>
      </symbol>
      <symbol id="sm-2c1">
         <name>_memcpy</name>
         <value>0x14580</value>
         <object_component_ref idref="oc-c1"/>
      </symbol>
      <symbol id="sm-2cf">
         <name>_DSK6713_init</name>
         <value>0x12d6c</value>
         <object_component_ref idref="oc-96"/>
      </symbol>
      <symbol id="sm-2d0">
         <name>_DSK6713_version</name>
         <value>0x18c5c</value>
         <object_component_ref idref="oc-97"/>
      </symbol>
      <symbol id="sm-2d1">
         <name>_DSK6713_rget</name>
         <value>0x13088</value>
         <object_component_ref idref="oc-96"/>
      </symbol>
      <symbol id="sm-2d2">
         <name>_DSK6713_wait</name>
         <value>0x130b0</value>
         <object_component_ref idref="oc-96"/>
      </symbol>
      <symbol id="sm-2d3">
         <name>_DSK6713_rset</name>
         <value>0x1309c</value>
         <object_component_ref idref="oc-96"/>
      </symbol>
      <symbol id="sm-2d4">
         <name>_DSK6713_waitusec</name>
         <value>0x13108</value>
         <object_component_ref idref="oc-96"/>
      </symbol>
      <symbol id="sm-2d5">
         <name>_DSK6713_getVersion</name>
         <value>0x13134</value>
         <object_component_ref idref="oc-96"/>
      </symbol>
      <symbol id="sm-2e3">
         <name>_DSK6713_AIC23_codeccontrolhandle</name>
         <value>0x18c44</value>
         <object_component_ref idref="oc-9d"/>
      </symbol>
      <symbol id="sm-2e4">
         <name>_DSK6713_AIC23_codecdatahandle</name>
         <value>0x18c48</value>
         <object_component_ref idref="oc-9d"/>
      </symbol>
      <symbol id="sm-2e5">
         <name>_DSK6713_AIC23_openCodec</name>
         <value>0x13b80</value>
         <object_component_ref idref="oc-9c"/>
      </symbol>
      <symbol id="sm-2f3">
         <name>_DSK6713_AIC23_config</name>
         <value>0x15240</value>
         <object_component_ref idref="oc-a2"/>
      </symbol>
      <symbol id="sm-2f4">
         <name>_DSK6713_AIC23_rget</name>
         <value>0x15218</value>
         <object_component_ref idref="oc-a2"/>
      </symbol>
      <symbol id="sm-2f5">
         <name>_DSK6713_AIC23_rset</name>
         <value>0x15180</value>
         <object_component_ref idref="oc-a2"/>
      </symbol>
      <symbol id="sm-303">
         <name>_DSK6713_AIC23_setFreq</name>
         <value>0x15c40</value>
         <object_component_ref idref="oc-a8"/>
      </symbol>
      <symbol id="sm-31d">
         <name>_IRQ_setVecs</name>
         <value>0x161c0</value>
         <object_component_ref idref="oc-c8"/>
      </symbol>
      <symbol id="sm-31e">
         <name>__IRQ_eventTable</name>
         <value>0x189e0</value>
         <object_component_ref idref="oc-b0"/>
      </symbol>
      <symbol id="sm-31f">
         <name>_IRQ_nmiEnable</name>
         <value>0x161a0</value>
         <object_component_ref idref="oc-cc"/>
      </symbol>
      <symbol id="sm-320">
         <name>_IRQ_reset</name>
         <value>0x16080</value>
         <object_component_ref idref="oc-ca"/>
      </symbol>
      <symbol id="sm-321">
         <name>__IRQ_intTable</name>
         <value>0x18a64</value>
         <object_component_ref idref="oc-b0"/>
      </symbol>
      <symbol id="sm-322">
         <name>_IRQ_globalEnable</name>
         <value>0x16180</value>
         <object_component_ref idref="oc-cb"/>
      </symbol>
      <symbol id="sm-323">
         <name>_IRQ_globalDisable</name>
         <value>0x16160</value>
         <object_component_ref idref="oc-c6"/>
      </symbol>
      <symbol id="sm-324">
         <name>_IRQ_map</name>
         <value>0x147c0</value>
         <object_component_ref idref="oc-c9"/>
      </symbol>
      <symbol id="sm-325">
         <name>_IRQ_enable</name>
         <value>0x16040</value>
         <object_component_ref idref="oc-cd"/>
      </symbol>
      <symbol id="sm-326">
         <name>__IRQ_dispatchTable</name>
         <value>0x18aa4</value>
         <object_component_ref idref="oc-b0"/>
      </symbol>
      <symbol id="sm-327">
         <name>__IRQ_hookFetchPacket</name>
         <value>0x162c0</value>
         <object_component_ref idref="oc-ae"/>
      </symbol>
      <symbol id="sm-341">
         <name>_MCBSP_reset</name>
         <value>0x14960</value>
         <object_component_ref idref="oc-d2"/>
      </symbol>
      <symbol id="sm-342">
         <name>_MCBSP_read</name>
         <value>0x16200</value>
         <object_component_ref idref="oc-d1"/>
      </symbol>
      <symbol id="sm-343">
         <name>_MCBSP_getXmtEventId</name>
         <value>0x161e0</value>
         <object_component_ref idref="oc-c7"/>
      </symbol>
      <symbol id="sm-344">
         <name>_MCBSP_open</name>
         <value>0x154c0</value>
         <object_component_ref idref="oc-be"/>
      </symbol>
      <symbol id="sm-345">
         <name>__MCBSP_hDev0</name>
         <value>0x18bb8</value>
         <object_component_ref idref="oc-b3"/>
      </symbol>
      <symbol id="sm-346">
         <name>__MCBSP_hDev1</name>
         <value>0x18bbc</value>
         <object_component_ref idref="oc-b3"/>
      </symbol>
      <symbol id="sm-347">
         <name>_MCBSP_start</name>
         <value>0x152c0</value>
         <object_component_ref idref="oc-bf"/>
      </symbol>
      <symbol id="sm-348">
         <name>_MCBSP_rrdy</name>
         <value>0x16220</value>
         <object_component_ref idref="oc-d0"/>
      </symbol>
      <symbol id="sm-349">
         <name>_MCBSP_config</name>
         <value>0x15d00</value>
         <object_component_ref idref="oc-c5"/>
      </symbol>
      <symbol id="sm-34a">
         <name>_MCBSP_xrdy</name>
         <value>0x16260</value>
         <object_component_ref idref="oc-ce"/>
      </symbol>
      <symbol id="sm-34b">
         <name>_MCBSP_write</name>
         <value>0x16240</value>
         <object_component_ref idref="oc-cf"/>
      </symbol>
      <symbol id="sm-353">
         <name>__strasg</name>
         <value>0x155a0</value>
         <object_component_ref idref="oc-bd"/>
      </symbol>
   </symbol_table>
</link_info>
