******************************************************************************
               TMS320C6x Linker PC v7.4.6                      
******************************************************************************
>> Linked Wed Feb 05 14:28:20 2014

OUTPUT FILE NAME:   <practica3.out>
ENTRY POINT SYMBOL: "_c_int00"  address: 00015f60


MEMORY CONFIGURATION

         name            origin    length      used     unused   attr    fill
----------------------  --------  ---------  --------  --------  ----  --------
  IVECS                 00000000   00000220  00000200  00000020  RWIX
  IRAM                  00000220   0002fde0  00019058  00016d88  RWIX
  L2RAM                 00030000   00010000  00000000  00010000  RWIX
  EMIFCE0               80000000   10000000  00000000  10000000  RWIX
  EMIFCE1               90000000   10000000  00000000  10000000  RWIX
  EMIFCE2               a0000000   10000000  00000000  10000000  RWIX
  EMIFCE3               b0000000   10000000  00000000  10000000  RWIX


SECTION ALLOCATION MAP

 output                                  attributes/
section   page    origin      length       input sections
--------  ----  ----------  ----------   ----------------
.vecs      0    00000000    00000200     
                  00000000    00000200     Vectors_intr.obj (.vecs)

.pinit     0    00000220    00000000     UNINITIALIZED

$BRID      0    00000000    000000f4     COPY SECTION
                  00000000    00000078     csl6713.lib : csl_irq.obj ($BRID)
                  00000078    0000007c                 : csl_mcbsp.obj ($BRID)

.stack     0    00000220    00008000     UNINITIALIZED
                  00000220    00000008     rts6700.lib : boot.obj (.stack)
                  00000228    00007ff8     --HOLE--

.bss       0    00000220    00000000     UNINITIALIZED

.data      0    00000220    00000000     UNINITIALIZED

.sysmem    0    00008220    00008000     UNINITIALIZED
                  00008220    00000008     rts6700.lib : memory.obj (.sysmem)
                  00008228    00007ff8     --HOLE--

.text      0    00010220    000060c0     
                  00010220    00000a00     modulate.obj (.text)
                  00010c20    00000980     rts6700.lib : pow.obj (.text:_pow)
                  000115a0    000008a0     prac3.obj (.text)
                  00011e40    000007c0     C6713dskinit.obj (.text)
                  00012600    00000720     rts6700.lib : divd.obj (.text:__divd)
                  00012d20    00000480     dsk6713bsl.lib : dsk6713.obj (.text)
                  000131a0    00000380     rts6700.lib : memory.obj (.text:_free)
                  00013520    00000360                 : cos.obj (.text:_cos)
                  00013880    00000300                 : sin.obj (.text:_sin)
                  00013b80    00000300     dsk6713bsl.lib : dsk6713_aic23_opencodec.obj (.text)
                  00013e80    00000260     rts6700.lib : log.obj (.text:_log)
                  000140e0    00000260     noise.obj (.text)
                  00014340    00000240     rts6700.lib : memory.obj (.text:_malloc)
                  00014580    00000240                 : memcpy62.obj (.text:_memcpy)
                  000147c0    000001a0     csl6713.lib : csl_irq.obj (.text:_IRQ_map)
                  00014960    00000180                 : csl_mcbsp.obj (.text:_MCBSP_reset)
                  00014ae0    00000180     rts6700.lib : ldexp.obj (.text:_ldexp)
                  00014c60    00000160     prac3.obj (.text:retain)
                  00014dc0    00000140     rts6700.lib : frcmpyd_div.obj (.text:__frcmpyd_div)
                  00014f00    00000140                 : frexp.obj (.text:_frexp)
                  00015040    00000140                 : sqrt.obj (.text:_sqrt)
                  00015180    00000140     dsk6713bsl.lib : dsk6713_aic23_registers.obj (.text)
                  000152c0    00000100     csl6713.lib : csl_mcbsp.obj (.text:_MCBSP_start)
                  000153c0    00000100     rts6700.lib : autoinit.obj (.text:__auto_init)
                  000154c0    000000e0     csl6713.lib : csl_mcbsp.obj (.text:_MCBSP_open)
                  000155a0    000000e0     rts6700.lib : strasg.obj (.text:__strasg)
                  00015680    000000e0                 : exit.obj (.text:_exit)
                  00015760    000000e0                 : memory.obj (.text:_minsert)
                  00015840    000000e0                 : modf.obj (.text:_modf)
                  00015920    000000e0                 : memory.obj (.text:_mremove)
                  00015a00    000000c0                 : round.obj (.text:__nround)
                  00015ac0    000000c0                 : cpy_tbl.obj (.text:_copy_in)
                  00015b80    000000c0                 : rand.obj (.text:_rand)
                  00015c40    000000c0     dsk6713bsl.lib : dsk6713_aic23_setfreq.obj (.text)
                  00015d00    000000a0     csl6713.lib : csl_mcbsp.obj (.text:_MCBSP_config)
                  00015da0    000000a0     rts6700.lib : mpyll.obj (.text:__mpyll)
                  00015e40    000000a0     csl6713.lib : csl_irq.obj (.text:_setMux)
                  00015ee0    00000080     rts6700.lib : cpp_init.obj (.text:___TI_cpp_init)
                  00015f60    00000080                 : boot.obj (.text:_c_int00)
                  00015fe0    00000060                 : llshift.obj (.text:__llshru)
                  00016040    00000040     csl6713.lib : csl_irq.obj (.text:_IRQ_enable)
                  00016080    00000040                 : csl_irq.obj (.text:_IRQ_reset)
                  000160c0    00000040     rts6700.lib : args_main.obj (.text:__args_main)
                  00016100    00000040                 : trunc.obj (.text:__trunc)
                  00016140    00000020     Vectors_intr.obj (.text)
                  00016160    00000020     csl6713.lib : csl_irq.obj (.text:_IRQ_globalDisable)
                  00016180    00000020                 : csl_irq.obj (.text:_IRQ_globalEnable)
                  000161a0    00000020                 : csl_irq.obj (.text:_IRQ_nmiEnable)
                  000161c0    00000020                 : csl_irq.obj (.text:_IRQ_setVecs)
                  000161e0    00000020                 : csl_mcbsp.obj (.text:_MCBSP_getXmtEventId)
                  00016200    00000020                 : csl_mcbsp.obj (.text:_MCBSP_read)
                  00016220    00000020                 : csl_mcbsp.obj (.text:_MCBSP_rrdy)
                  00016240    00000020                 : csl_mcbsp.obj (.text:_MCBSP_write)
                  00016260    00000020                 : csl_mcbsp.obj (.text:_MCBSP_xrdy)
                  00016280    00000020     rts6700.lib : _lock.obj (.text:__nop)
                  000162a0    00000020                 : exit.obj (.text:_abort)
                  000162c0    00000020     csl6713.lib : csl_irq.obj (.text)

.far       0    000162e0    00002988     UNINITIALIZED
                  000162e0    000025b4     prac3.obj (.far)
                  00018894    00000004     modulate.obj (.far)
                  00018898    00000120     rts6700.lib : pow.obj (.far)
                  000189b8    000000f4     csl6713.lib : csl_irq.obj (.far)
                  00018aac    00000058     C6713dskinit.obj (.far)
                  00018b04    00000004     rts6700.lib : errno.obj (.far)
                  00018b08    00000040                 : cos.obj (.far)
                  00018b48    00000040                 : sin.obj (.far)
                  00018b88    00000038     csl6713.lib : csl_mcbsp.obj (.far)
                  00018bc0    00000030     rts6700.lib : log.obj (.far)
                  00018bf0    00000028     dsk6713bsl.lib : dsk6713_aic23_registers.obj (.far)
                  00018c18    00000020                    : dsk6713_aic23_setfreq.obj (.far)
                  00018c38    0000000c     rts6700.lib : exit.obj (.far)
                  00018c44    00000008     dsk6713bsl.lib : dsk6713_aic23_opencodec.obj (.far)
                  00018c4c    00000008     rts6700.lib : _lock.obj (.far)
                  00018c54    00000008                 : memory.obj (.far)
                  00018c5c    00000002     dsk6713bsl.lib : dsk6713.obj (.far)
                  00018c5e    00000002     --HOLE--
                  00018c60    00000008     rts6700.lib : rand.obj (.far)

.cinit     0    00018c68    00000564     
                  00018c68    00000140     rts6700.lib : pow.obj (.cinit)
                  00018da8    0000012c     csl6713.lib : csl_irq.obj (.cinit)
                  00018ed4    00000004     --HOLE-- [fill = 0]
                  00018ed8    00000064     prac3.obj (.cinit)
                  00018f3c    00000004     --HOLE-- [fill = 0]
                  00018f40    00000058     C6713dskinit.obj (.cinit)
                  00018f98    00000054     csl6713.lib : csl_mcbsp.obj (.cinit)
                  00018fec    00000004     --HOLE-- [fill = 0]
                  00018ff0    00000048     rts6700.lib : cos.obj (.cinit)
                  00019038    00000048                 : sin.obj (.cinit)
                  00019080    00000040                 : log.obj (.cinit)
                  000190c0    00000030     dsk6713bsl.lib : dsk6713_aic23_registers.obj (.cinit)
                  000190f0    0000002c     rts6700.lib : exit.obj (.cinit)
                  0001911c    00000004     --HOLE-- [fill = 0]
                  00019120    0000002c                 : memory.obj (.cinit)
                  0001914c    00000004     --HOLE-- [fill = 0]
                  00019150    00000028     dsk6713bsl.lib : dsk6713_aic23_setfreq.obj (.cinit)
                  00019178    0000001c     rts6700.lib : _lock.obj (.cinit)
                  00019194    00000004     --HOLE-- [fill = 0]
                  00019198    00000010                 : rand.obj (.cinit)
                  000191a8    0000000c     modulate.obj (.cinit)
                  000191b4    00000004     --HOLE-- [fill = 0]
                  000191b8    0000000c     rts6700.lib : errno.obj (.cinit)
                  000191c4    00000004     --HOLE-- [fill = 0]
                  000191c8    00000004     (.pad.cinit) [fill = 0]

.const     0    000191d0    000000ac     
                  000191d0    00000040     dsk6713bsl.lib : dsk6713_aic23_opencodec.obj (.const)
                  00019210    00000020     modulate.obj (.const:_Cos$1)
                  00019230    00000020     modulate.obj (.const:_Sin$2)
                  00019250    00000020     dsk6713bsl.lib : dsk6713.obj (.const)
                  00019270    0000000c     prac3.obj (.const)


GLOBAL SYMBOLS: SORTED ALPHABETICALLY BY Name 

address    name
--------   ----
00000220   $bss
00000220   .bss
00000220   .data
00010220   .text
000162a0   C$$EXIT
00018ab8   _AIC23CfgData
00018aac   _AIC_data
00018c44   _DSK6713_AIC23_codeccontrolhandle
00018c48   _DSK6713_AIC23_codecdatahandle
00015240   _DSK6713_AIC23_config
00013b80   _DSK6713_AIC23_openCodec
00015218   _DSK6713_AIC23_rget
00015180   _DSK6713_AIC23_rset
00015c40   _DSK6713_AIC23_setFreq
00013134   _DSK6713_getVersion
00012d6c   _DSK6713_init
00013088   _DSK6713_rget
0001309c   _DSK6713_rset
00018c5c   _DSK6713_version
000130b0   _DSK6713_wait
00013108   _DSK6713_waitusec
00016040   _IRQ_enable
00016160   _IRQ_globalDisable
00016180   _IRQ_globalEnable
000147c0   _IRQ_map
000161a0   _IRQ_nmiEnable
00016080   _IRQ_reset
000161c0   _IRQ_setVecs
00015d00   _MCBSP_config
000161e0   _MCBSP_getXmtEventId
000154c0   _MCBSP_open
00016200   _MCBSP_read
00014960   _MCBSP_reset
00016220   _MCBSP_rrdy
000152c0   _MCBSP_start
00016240   _MCBSP_write
00016260   _MCBSP_xrdy
00018aa4   __IRQ_dispatchTable
000189e0   __IRQ_eventTable
000162c0   __IRQ_hookFetchPacket
00018a64   __IRQ_intTable
00018bb8   __MCBSP_hDev0
00018bbc   __MCBSP_hDev1
00008220   __STACK_END
00008000   __STACK_SIZE
00008000   __SYSMEM_SIZE
00000001   __TI_args_main
00015ee0   ___TI_cpp_init
00018c40   ___TI_enable_exit_profile_output
ffffffff   ___TI_pprof_out_hndl
ffffffff   ___TI_prof_data_size
ffffffff   ___TI_prof_data_start
ffffffff   ___binit__
00000220   ___bss__
ffffffff   ___c_args__
00018c68   ___cinit__
00000220   ___data__
00000220   ___edata__
00000220   ___end__
000162e0   ___etext__
ffffffff   ___pinit__
00010220   ___text__
000160c0   __args_main
000153c0   __auto_init
00018c38   __cleanup_ptr
00012600   __divd
00018c3c   __dtors_ptr
00014dc0   __frcmpyd_div
00015fe0   __llshru
00018c4c   __lock
00015da0   __mpyll
00016280   __nop
00015a00   __nround
00000220   __stack
000155a0   __strasg
00008220   __sys_memory
00016100   __trunc
00018c50   __unlock
000162a0   _abort
00014238   _add_noise
00016300   _buffer1
000175c0   _buffer2
00011e40   _c6713_dsk_init
00015f60   _c_int00
00014c60   _c_int11
00011f38   _comm_intr
00011f04   _comm_poll
00018890   _conf
00018ad8   _config
00015ac0   _copy_in
00013520   _cos
00018b04   _errno
00015680   _exit
000131a0   _free
00014f00   _frexp
00018888   _fs
00018b00   _hAIC23_handle
000115a0   _init_arrays
0001161c   _init_user
000162e0   _input_bits
00012460   _input_left_sample
00012528   _input_right_sample
0001235c   _input_sample
00018880   _iobuffer
00014ae0   _ldexp
00013e80   _log
00011c50   _main
00014340   _malloc
00014580   _memcpy
00015840   _modf
000109c8   _modulator_ask_psk
00010bf8   _modulator_fsk
00010344   _modulator_init
00010220   _mpy_cos
00018884   _oblock
0001219c   _output_left_sample
0001227c   _output_right_sample
00012088   _output_sample
00010c20   _pow
00015b80   _rand
00011b7c   _read_bits
0001888c   _sample
00013880   _sin
00015040   _sqrt
00000020   _vector1
00000140   _vector10
00000180   _vector12
000001a0   _vector13
000001c0   _vector14
000001e0   _vector15
00000040   _vector2
00000060   _vector3
00000080   _vector4
000000a0   _vector5
000000c0   _vector6
000000e0   _vector7
00000100   _vector8
00000120   _vector9
00000000   _vectors
00011adc   _wait_buffer
ffffffff   binit
00018c68   cinit
00000220   edata
00000220   end
000162e0   etext
ffffffff   pinit


GLOBAL SYMBOLS: SORTED BY Symbol Address 

address    name
--------   ----
00000000   _vectors
00000001   __TI_args_main
00000020   _vector1
00000040   _vector2
00000060   _vector3
00000080   _vector4
000000a0   _vector5
000000c0   _vector6
000000e0   _vector7
00000100   _vector8
00000120   _vector9
00000140   _vector10
00000180   _vector12
000001a0   _vector13
000001c0   _vector14
000001e0   _vector15
00000220   $bss
00000220   .bss
00000220   .data
00000220   ___bss__
00000220   ___data__
00000220   ___edata__
00000220   ___end__
00000220   __stack
00000220   edata
00000220   end
00008000   __STACK_SIZE
00008000   __SYSMEM_SIZE
00008220   __STACK_END
00008220   __sys_memory
00010220   .text
00010220   ___text__
00010220   _mpy_cos
00010344   _modulator_init
000109c8   _modulator_ask_psk
00010bf8   _modulator_fsk
00010c20   _pow
000115a0   _init_arrays
0001161c   _init_user
00011adc   _wait_buffer
00011b7c   _read_bits
00011c50   _main
00011e40   _c6713_dsk_init
00011f04   _comm_poll
00011f38   _comm_intr
00012088   _output_sample
0001219c   _output_left_sample
0001227c   _output_right_sample
0001235c   _input_sample
00012460   _input_left_sample
00012528   _input_right_sample
00012600   __divd
00012d6c   _DSK6713_init
00013088   _DSK6713_rget
0001309c   _DSK6713_rset
000130b0   _DSK6713_wait
00013108   _DSK6713_waitusec
00013134   _DSK6713_getVersion
000131a0   _free
00013520   _cos
00013880   _sin
00013b80   _DSK6713_AIC23_openCodec
00013e80   _log
00014238   _add_noise
00014340   _malloc
00014580   _memcpy
000147c0   _IRQ_map
00014960   _MCBSP_reset
00014ae0   _ldexp
00014c60   _c_int11
00014dc0   __frcmpyd_div
00014f00   _frexp
00015040   _sqrt
00015180   _DSK6713_AIC23_rset
00015218   _DSK6713_AIC23_rget
00015240   _DSK6713_AIC23_config
000152c0   _MCBSP_start
000153c0   __auto_init
000154c0   _MCBSP_open
000155a0   __strasg
00015680   _exit
00015840   _modf
00015a00   __nround
00015ac0   _copy_in
00015b80   _rand
00015c40   _DSK6713_AIC23_setFreq
00015d00   _MCBSP_config
00015da0   __mpyll
00015ee0   ___TI_cpp_init
00015f60   _c_int00
00015fe0   __llshru
00016040   _IRQ_enable
00016080   _IRQ_reset
000160c0   __args_main
00016100   __trunc
00016160   _IRQ_globalDisable
00016180   _IRQ_globalEnable
000161a0   _IRQ_nmiEnable
000161c0   _IRQ_setVecs
000161e0   _MCBSP_getXmtEventId
00016200   _MCBSP_read
00016220   _MCBSP_rrdy
00016240   _MCBSP_write
00016260   _MCBSP_xrdy
00016280   __nop
000162a0   C$$EXIT
000162a0   _abort
000162c0   __IRQ_hookFetchPacket
000162e0   ___etext__
000162e0   _input_bits
000162e0   etext
00016300   _buffer1
000175c0   _buffer2
00018880   _iobuffer
00018884   _oblock
00018888   _fs
0001888c   _sample
00018890   _conf
000189e0   __IRQ_eventTable
00018a64   __IRQ_intTable
00018aa4   __IRQ_dispatchTable
00018aac   _AIC_data
00018ab8   _AIC23CfgData
00018ad8   _config
00018b00   _hAIC23_handle
00018b04   _errno
00018bb8   __MCBSP_hDev0
00018bbc   __MCBSP_hDev1
00018c38   __cleanup_ptr
00018c3c   __dtors_ptr
00018c40   ___TI_enable_exit_profile_output
00018c44   _DSK6713_AIC23_codeccontrolhandle
00018c48   _DSK6713_AIC23_codecdatahandle
00018c4c   __lock
00018c50   __unlock
00018c5c   _DSK6713_version
00018c68   ___cinit__
00018c68   cinit
ffffffff   ___TI_pprof_out_hndl
ffffffff   ___TI_prof_data_size
ffffffff   ___TI_prof_data_start
ffffffff   ___binit__
ffffffff   ___c_args__
ffffffff   ___pinit__
ffffffff   binit
ffffffff   pinit

[146 symbols]
