******************************************************************************
               TMS320C6x Linker PC v7.4.6                      
******************************************************************************
>> Linked Thu Jan 30 10:58:51 2014

OUTPUT FILE NAME:   <practica1.out>
ENTRY POINT SYMBOL: "_c_int00"  address: 00002120


MEMORY CONFIGURATION

         name            origin    length      used     unused   attr    fill
----------------------  --------  ---------  --------  --------  ----  --------
  IVECS                 00000000   00000220  00000200  00000020  RWIX
  IRAM                  00000220   0002fde0  00002ed6  0002cf0a  RWIX
  L2RAM                 00030000   00010000  00000000  00010000  RWIX
  EMIFCE0               80000000   10000000  00000000  10000000  RWIX
  EMIFCE1               90000000   10000000  00000000  10000000  RWIX
  EMIFCE2               a0000000   10000000  00000000  10000000  RWIX
  EMIFCE3               b0000000   10000000  00000000  10000000  RWIX


SECTION ALLOCATION MAP

 output                                  attributes/
section   page    origin      length       input sections
--------  ----  ----------  ----------   ----------------
.vectors   0    00000000    00000200     
                  00000000    00000200     dskinit.lib : Vectors_intr.obj (.vectors)

.pinit     0    00000220    00000000     UNINITIALIZED

$BRID      0    00000000    000000f4     COPY SECTION
                  00000000    00000078     csl6713.lib : csl_irq.obj ($BRID)
                  00000078    0000007c                 : csl_mcbsp.obj ($BRID)

.text      0    00000220    00002220     
                  00000220    000007c0     dskinit.lib : C6713dskinit.obj (.text)
                  000009e0    00000480     dsk6713bsl.lib : dsk6713.obj (.text)
                  00000e60    00000300                    : dsk6713_aic23_opencodec.obj (.text)
                  00001160    00000240     rts6700.lib : memcpy62.obj (.text:_memcpy)
                  000013a0    000001a0     csl6713.lib : csl_irq.obj (.text:_IRQ_map)
                  00001540    00000180                 : csl_mcbsp.obj (.text:_MCBSP_reset)
                  000016c0    00000140     dsk6713bsl.lib : dsk6713_aic23_registers.obj (.text)
                  00001800    00000140     prac1_int.obj (.text:retain)
                  00001940    00000100     csl6713.lib : csl_mcbsp.obj (.text:_MCBSP_start)
                  00001a40    00000100     rts6700.lib : autoinit.obj (.text:__auto_init)
                  00001b40    000000e0     csl6713.lib : csl_mcbsp.obj (.text:_MCBSP_open)
                  00001c20    000000e0     rts6700.lib : strasg.obj (.text:__strasg)
                  00001d00    000000e0                 : exit.obj (.text:_exit)
                  00001de0    000000c0                 : cpy_tbl.obj (.text:_copy_in)
                  00001ea0    000000c0     dsk6713bsl.lib : dsk6713_aic23_setfreq.obj (.text)
                  00001f60    000000a0     csl6713.lib : csl_mcbsp.obj (.text:_MCBSP_config)
                  00002000    000000a0                 : csl_irq.obj (.text:_setMux)
                  000020a0    00000080     rts6700.lib : cpp_init.obj (.text:___TI_cpp_init)
                  00002120    00000080                 : boot.obj (.text:_c_int00)
                  000021a0    00000060     prac1_int.obj (.text)
                  00002200    00000040     csl6713.lib : csl_irq.obj (.text:_IRQ_enable)
                  00002240    00000040                 : csl_irq.obj (.text:_IRQ_reset)
                  00002280    00000040     rts6700.lib : args_main.obj (.text:__args_main)
                  000022c0    00000020     csl6713.lib : csl_irq.obj (.text:_IRQ_globalDisable)
                  000022e0    00000020                 : csl_irq.obj (.text:_IRQ_globalEnable)
                  00002300    00000020                 : csl_irq.obj (.text:_IRQ_nmiEnable)
                  00002320    00000020                 : csl_irq.obj (.text:_IRQ_setVecs)
                  00002340    00000020                 : csl_mcbsp.obj (.text:_MCBSP_getXmtEventId)
                  00002360    00000020                 : csl_mcbsp.obj (.text:_MCBSP_read)
                  00002380    00000020                 : csl_mcbsp.obj (.text:_MCBSP_rrdy)
                  000023a0    00000020                 : csl_mcbsp.obj (.text:_MCBSP_write)
                  000023c0    00000020                 : csl_mcbsp.obj (.text:_MCBSP_xrdy)
                  000023e0    00000020     rts6700.lib : exit.obj (.text:_abort)
                  00002400    00000020     csl6713.lib : csl_irq.obj (.text)
                  00002420    00000020     dskinit.lib : Vectors_intr.obj (.text)

.bss       0    00000220    00000000     UNINITIALIZED

.data      0    00000220    00000000     UNINITIALIZED

.stack     0    00002440    00000800     UNINITIALIZED
                  00002440    00000008     rts6700.lib : boot.obj (.stack)
                  00002448    000007f8     --HOLE--

.cinit     0    00002c40    0000026c     
                  00002c40    0000012c     csl6713.lib : csl_irq.obj (.cinit)
                  00002d6c    00000004     --HOLE-- [fill = 0]
                  00002d70    00000058     dskinit.lib : C6713dskinit.obj (.cinit)
                  00002dc8    00000054     csl6713.lib : csl_mcbsp.obj (.cinit)
                  00002e1c    00000004     --HOLE-- [fill = 0]
                  00002e20    00000030     dsk6713bsl.lib : dsk6713_aic23_registers.obj (.cinit)
                  00002e50    0000002c     rts6700.lib : exit.obj (.cinit)
                  00002e7c    00000004     --HOLE-- [fill = 0]
                  00002e80    00000028     dsk6713bsl.lib : dsk6713_aic23_setfreq.obj (.cinit)
                  00002ea8    00000004     --HOLE-- [fill = 0]

.far       0    00002eac    000001ea     UNINITIALIZED
                  00002eac    000000f4     csl6713.lib : csl_irq.obj (.far)
                  00002fa0    00000058     dskinit.lib : C6713dskinit.obj (.far)
                  00002ff8    00000038     csl6713.lib : csl_mcbsp.obj (.far)
                  00003030    00000028     dsk6713bsl.lib : dsk6713_aic23_registers.obj (.far)
                  00003058    00000020                    : dsk6713_aic23_setfreq.obj (.far)
                  00003078    0000000c     rts6700.lib : exit.obj (.far)
                  00003084    00000008     dsk6713bsl.lib : dsk6713_aic23_opencodec.obj (.far)
                  0000308c    00000008     prac1_int.obj (.far)
                  00003094    00000002     dsk6713bsl.lib : dsk6713.obj (.far)

.const     0    00003098    00000060     
                  00003098    00000040     dsk6713bsl.lib : dsk6713_aic23_opencodec.obj (.const)
                  000030d8    00000020                    : dsk6713.obj (.const)


GLOBAL SYMBOLS: SORTED ALPHABETICALLY BY Name 

address    name
--------   ----
00000220   $bss
00000220   .bss
00000220   .data
00000220   .text
000023e0   C$$EXIT
00002fac   _AIC23CfgData
00002fa0   _AIC_data
00003084   _DSK6713_AIC23_codeccontrolhandle
00003088   _DSK6713_AIC23_codecdatahandle
00001780   _DSK6713_AIC23_config
00000e60   _DSK6713_AIC23_openCodec
00001758   _DSK6713_AIC23_rget
000016c0   _DSK6713_AIC23_rset
00001ea0   _DSK6713_AIC23_setFreq
00000df4   _DSK6713_getVersion
00000a2c   _DSK6713_init
00000d48   _DSK6713_rget
00000d5c   _DSK6713_rset
00003094   _DSK6713_version
00000d70   _DSK6713_wait
00000dc8   _DSK6713_waitusec
00002200   _IRQ_enable
000022c0   _IRQ_globalDisable
000022e0   _IRQ_globalEnable
000013a0   _IRQ_map
00002300   _IRQ_nmiEnable
00002240   _IRQ_reset
00002320   _IRQ_setVecs
00001f60   _MCBSP_config
00002340   _MCBSP_getXmtEventId
00001b40   _MCBSP_open
00002360   _MCBSP_read
00001540   _MCBSP_reset
00002380   _MCBSP_rrdy
00001940   _MCBSP_start
000023a0   _MCBSP_write
000023c0   _MCBSP_xrdy
00002f98   __IRQ_dispatchTable
00002ed4   __IRQ_eventTable
00002400   __IRQ_hookFetchPacket
00002f58   __IRQ_intTable
00003028   __MCBSP_hDev0
0000302c   __MCBSP_hDev1
00002c40   __STACK_END
00000800   __STACK_SIZE
00000001   __TI_args_main
000020a0   ___TI_cpp_init
00003080   ___TI_enable_exit_profile_output
ffffffff   ___TI_pprof_out_hndl
ffffffff   ___TI_prof_data_size
ffffffff   ___TI_prof_data_start
ffffffff   ___binit__
00000220   ___bss__
ffffffff   ___c_args__
00002c40   ___cinit__
00000220   ___data__
00000220   ___edata__
00000220   ___end__
00002440   ___etext__
ffffffff   ___pinit__
00000220   ___text__
00002280   __args_main
00001a40   __auto_init
00003078   __cleanup_ptr
0000307c   __dtors_ptr
00002440   __stack
00001c20   __strasg
000023e0   _abort
00000220   _c6713_dsk_init
00002120   _c_int00
00001800   _c_int11
00000314   _comm_intr
000002d8   _comm_poll
00002fcc   _config
00001de0   _copy_in
00001d00   _exit
00002ff4   _hAIC23_handle
00003090   _input_data
00000848   _input_left_sample
00000910   _input_right_sample
00000744   _input_sample
000021a0   _main
00001160   _memcpy
0000308c   _output_data
00000584   _output_left_sample
00000664   _output_right_sample
0000046c   _output_sample
00000020   _vector1
00000140   _vector10
00000180   _vector12
000001a0   _vector13
000001c0   _vector14
000001e0   _vector15
00000040   _vector2
00000060   _vector3
00000080   _vector4
000000a0   _vector5
000000c0   _vector6
000000e0   _vector7
00000100   _vector8
00000120   _vector9
00000000   _vectors
ffffffff   binit
00002c40   cinit
00000220   edata
00000220   end
00002440   etext
ffffffff   pinit


GLOBAL SYMBOLS: SORTED BY Symbol Address 

address    name
--------   ----
00000000   _vectors
00000001   __TI_args_main
00000020   _vector1
00000040   _vector2
00000060   _vector3
00000080   _vector4
000000a0   _vector5
000000c0   _vector6
000000e0   _vector7
00000100   _vector8
00000120   _vector9
00000140   _vector10
00000180   _vector12
000001a0   _vector13
000001c0   _vector14
000001e0   _vector15
00000220   $bss
00000220   .bss
00000220   .data
00000220   .text
00000220   ___bss__
00000220   ___data__
00000220   ___edata__
00000220   ___end__
00000220   ___text__
00000220   _c6713_dsk_init
00000220   edata
00000220   end
000002d8   _comm_poll
00000314   _comm_intr
0000046c   _output_sample
00000584   _output_left_sample
00000664   _output_right_sample
00000744   _input_sample
00000800   __STACK_SIZE
00000848   _input_left_sample
00000910   _input_right_sample
00000a2c   _DSK6713_init
00000d48   _DSK6713_rget
00000d5c   _DSK6713_rset
00000d70   _DSK6713_wait
00000dc8   _DSK6713_waitusec
00000df4   _DSK6713_getVersion
00000e60   _DSK6713_AIC23_openCodec
00001160   _memcpy
000013a0   _IRQ_map
00001540   _MCBSP_reset
000016c0   _DSK6713_AIC23_rset
00001758   _DSK6713_AIC23_rget
00001780   _DSK6713_AIC23_config
00001800   _c_int11
00001940   _MCBSP_start
00001a40   __auto_init
00001b40   _MCBSP_open
00001c20   __strasg
00001d00   _exit
00001de0   _copy_in
00001ea0   _DSK6713_AIC23_setFreq
00001f60   _MCBSP_config
000020a0   ___TI_cpp_init
00002120   _c_int00
000021a0   _main
00002200   _IRQ_enable
00002240   _IRQ_reset
00002280   __args_main
000022c0   _IRQ_globalDisable
000022e0   _IRQ_globalEnable
00002300   _IRQ_nmiEnable
00002320   _IRQ_setVecs
00002340   _MCBSP_getXmtEventId
00002360   _MCBSP_read
00002380   _MCBSP_rrdy
000023a0   _MCBSP_write
000023c0   _MCBSP_xrdy
000023e0   C$$EXIT
000023e0   _abort
00002400   __IRQ_hookFetchPacket
00002440   ___etext__
00002440   __stack
00002440   etext
00002c40   __STACK_END
00002c40   ___cinit__
00002c40   cinit
00002ed4   __IRQ_eventTable
00002f58   __IRQ_intTable
00002f98   __IRQ_dispatchTable
00002fa0   _AIC_data
00002fac   _AIC23CfgData
00002fcc   _config
00002ff4   _hAIC23_handle
00003028   __MCBSP_hDev0
0000302c   __MCBSP_hDev1
00003078   __cleanup_ptr
0000307c   __dtors_ptr
00003080   ___TI_enable_exit_profile_output
00003084   _DSK6713_AIC23_codeccontrolhandle
00003088   _DSK6713_AIC23_codecdatahandle
0000308c   _output_data
00003090   _input_data
00003094   _DSK6713_version
ffffffff   ___TI_pprof_out_hndl
ffffffff   ___TI_prof_data_size
ffffffff   ___TI_prof_data_start
ffffffff   ___binit__
ffffffff   ___c_args__
ffffffff   ___pinit__
ffffffff   binit
ffffffff   pinit

[108 symbols]
