<?xml version="1.0"?>
<link_info>
   <banner>TMS320C6x Linker PC v7.4.6</banner>
   <copyright>Copyright (c) 1996-2013 Texas Instruments Incorporated</copyright>
   <link_time>0x52ea225b</link_time>
   <output_file>practica1.out</output_file>
   <entry_point>
      <name>_c_int00</name>
      <address>0x2120</address>
   </entry_point>
   <input_file_list>
      <input_file id="fl-2">
         <path>.\</path>
         <kind>object</kind>
         <file>prac1_int.obj</file>
         <name>prac1_int.obj</name>
      </input_file>
      <input_file id="fl-80">
         <path>C:\ti\ccsv5\tools\compiler\c6000_7.4.6\lib\</path>
         <kind>archive</kind>
         <file>rts6700.lib</file>
         <name>boot.obj</name>
      </input_file>
      <input_file id="fl-81">
         <path>C:\ti\ccsv5\tools\compiler\c6000_7.4.6\lib\</path>
         <kind>archive</kind>
         <file>rts6700.lib</file>
         <name>exit.obj</name>
      </input_file>
      <input_file id="fl-82">
         <path>C:\ti\ccsv5\tools\compiler\c6000_7.4.6\lib\</path>
         <kind>archive</kind>
         <file>rts6700.lib</file>
         <name>args_main.obj</name>
      </input_file>
      <input_file id="fl-83">
         <path>C:\ti\ccsv5\tools\compiler\c6000_7.4.6\lib\</path>
         <kind>archive</kind>
         <file>rts6700.lib</file>
         <name>autoinit.obj</name>
      </input_file>
      <input_file id="fl-84">
         <path>C:\ti\ccsv5\tools\compiler\c6000_7.4.6\lib\</path>
         <kind>archive</kind>
         <file>rts6700.lib</file>
         <name>cpp_init.obj</name>
      </input_file>
      <input_file id="fl-85">
         <path>C:\ti\ccsv5\tools\compiler\c6000_7.4.6\lib\</path>
         <kind>archive</kind>
         <file>rts6700.lib</file>
         <name>cpy_tbl.obj</name>
      </input_file>
      <input_file id="fl-86">
         <path>C:\ti\ccsv5\tools\compiler\c6000_7.4.6\lib\</path>
         <kind>archive</kind>
         <file>rts6700.lib</file>
         <name>memcpy62.obj</name>
      </input_file>
      <input_file id="fl-87">
         <path>C:\Users\adrian\Documents\Docencia\LC2\workspace\dskinit\Debug\</path>
         <kind>archive</kind>
         <file>dskinit.lib</file>
         <name>C6713dskinit.obj</name>
      </input_file>
      <input_file id="fl-88">
         <path>C:\Users\adrian\Documents\Docencia\LC2\workspace\dskinit\Debug\</path>
         <kind>archive</kind>
         <file>dskinit.lib</file>
         <name>Vectors_intr.obj</name>
      </input_file>
      <input_file id="fl-89">
         <path>C:\DSK6713\c6000\dsk6713\lib\</path>
         <kind>archive</kind>
         <file>dsk6713bsl.lib</file>
         <name>dsk6713.obj</name>
      </input_file>
      <input_file id="fl-8a">
         <path>C:\DSK6713\c6000\dsk6713\lib\</path>
         <kind>archive</kind>
         <file>dsk6713bsl.lib</file>
         <name>dsk6713_aic23_opencodec.obj</name>
      </input_file>
      <input_file id="fl-8b">
         <path>C:\DSK6713\c6000\dsk6713\lib\</path>
         <kind>archive</kind>
         <file>dsk6713bsl.lib</file>
         <name>dsk6713_aic23_registers.obj</name>
      </input_file>
      <input_file id="fl-8c">
         <path>C:\DSK6713\c6000\dsk6713\lib\</path>
         <kind>archive</kind>
         <file>dsk6713bsl.lib</file>
         <name>dsk6713_aic23_setfreq.obj</name>
      </input_file>
      <input_file id="fl-8d">
         <path>C:\DSK6713\c6000\bios\lib\</path>
         <kind>archive</kind>
         <file>csl6713.lib</file>
         <name>csl_irq.obj</name>
      </input_file>
      <input_file id="fl-8e">
         <path>C:\DSK6713\c6000\bios\lib\</path>
         <kind>archive</kind>
         <file>csl6713.lib</file>
         <name>csl_mcbsp.obj</name>
      </input_file>
      <input_file id="fl-8f">
         <path>C:\ti\ccsv5\tools\compiler\c6000_7.4.6\lib\</path>
         <kind>archive</kind>
         <file>rts6700.lib</file>
         <name>strasg.obj</name>
      </input_file>
   </input_file_list>
   <object_component_list>
      <object_component id="oc-40">
         <name>.vectors</name>
         <load_address>0x0</load_address>
         <run_address>0x0</run_address>
         <size>0x200</size>
         <input_file_ref idref="fl-88"/>
      </object_component>
      <object_component id="oc-69">
         <name>.text</name>
         <load_address>0x220</load_address>
         <run_address>0x220</run_address>
         <size>0x7c0</size>
         <input_file_ref idref="fl-87"/>
      </object_component>
      <object_component id="oc-44">
         <name>.text</name>
         <load_address>0x9e0</load_address>
         <run_address>0x9e0</run_address>
         <size>0x480</size>
         <input_file_ref idref="fl-89"/>
      </object_component>
      <object_component id="oc-4a">
         <name>.text</name>
         <load_address>0xe60</load_address>
         <run_address>0xe60</run_address>
         <size>0x300</size>
         <input_file_ref idref="fl-8a"/>
      </object_component>
      <object_component id="oc-6e">
         <name>.text:_memcpy</name>
         <load_address>0x1160</load_address>
         <run_address>0x1160</run_address>
         <size>0x240</size>
         <input_file_ref idref="fl-86"/>
      </object_component>
      <object_component id="oc-76">
         <name>.text:_IRQ_map</name>
         <load_address>0x13a0</load_address>
         <run_address>0x13a0</run_address>
         <size>0x1a0</size>
         <input_file_ref idref="fl-8d"/>
      </object_component>
      <object_component id="oc-7f">
         <name>.text:_MCBSP_reset</name>
         <load_address>0x1540</load_address>
         <run_address>0x1540</run_address>
         <size>0x180</size>
         <input_file_ref idref="fl-8e"/>
      </object_component>
      <object_component id="oc-50">
         <name>.text</name>
         <load_address>0x16c0</load_address>
         <run_address>0x16c0</run_address>
         <size>0x140</size>
         <input_file_ref idref="fl-8b"/>
      </object_component>
      <object_component id="oc-1d">
         <name>.text:retain</name>
         <load_address>0x1800</load_address>
         <run_address>0x1800</run_address>
         <size>0x140</size>
         <input_file_ref idref="fl-2"/>
      </object_component>
      <object_component id="oc-6c">
         <name>.text:_MCBSP_start</name>
         <load_address>0x1940</load_address>
         <run_address>0x1940</run_address>
         <size>0x100</size>
         <input_file_ref idref="fl-8e"/>
      </object_component>
      <object_component id="oc-66">
         <name>.text:__auto_init</name>
         <load_address>0x1a40</load_address>
         <run_address>0x1a40</run_address>
         <size>0x100</size>
         <input_file_ref idref="fl-83"/>
      </object_component>
      <object_component id="oc-6b">
         <name>.text:_MCBSP_open</name>
         <load_address>0x1b40</load_address>
         <run_address>0x1b40</run_address>
         <size>0xe0</size>
         <input_file_ref idref="fl-8e"/>
      </object_component>
      <object_component id="oc-6a">
         <name>.text:__strasg</name>
         <load_address>0x1c20</load_address>
         <run_address>0x1c20</run_address>
         <size>0xe0</size>
         <input_file_ref idref="fl-8f"/>
      </object_component>
      <object_component id="oc-68">
         <name>.text:_exit</name>
         <load_address>0x1d00</load_address>
         <run_address>0x1d00</run_address>
         <size>0xe0</size>
         <input_file_ref idref="fl-81"/>
      </object_component>
      <object_component id="oc-6d">
         <name>.text:_copy_in</name>
         <load_address>0x1de0</load_address>
         <run_address>0x1de0</run_address>
         <size>0xc0</size>
         <input_file_ref idref="fl-85"/>
      </object_component>
      <object_component id="oc-56">
         <name>.text</name>
         <load_address>0x1ea0</load_address>
         <run_address>0x1ea0</run_address>
         <size>0xc0</size>
         <input_file_ref idref="fl-8c"/>
      </object_component>
      <object_component id="oc-72">
         <name>.text:_MCBSP_config</name>
         <load_address>0x1f60</load_address>
         <run_address>0x1f60</run_address>
         <size>0xa0</size>
         <input_file_ref idref="fl-8e"/>
      </object_component>
      <object_component id="oc-80">
         <name>.text:_setMux</name>
         <load_address>0x2000</load_address>
         <run_address>0x2000</run_address>
         <size>0xa0</size>
         <input_file_ref idref="fl-8d"/>
      </object_component>
      <object_component id="oc-6f">
         <name>.text:___TI_cpp_init</name>
         <load_address>0x20a0</load_address>
         <run_address>0x20a0</run_address>
         <size>0x80</size>
         <input_file_ref idref="fl-84"/>
      </object_component>
      <object_component id="oc-1a">
         <name>.text:_c_int00</name>
         <load_address>0x2120</load_address>
         <run_address>0x2120</run_address>
         <size>0x80</size>
         <input_file_ref idref="fl-80"/>
      </object_component>
      <object_component id="oc-70">
         <name>.text</name>
         <load_address>0x21a0</load_address>
         <run_address>0x21a0</run_address>
         <size>0x60</size>
         <input_file_ref idref="fl-2"/>
      </object_component>
      <object_component id="oc-7a">
         <name>.text:_IRQ_enable</name>
         <load_address>0x2200</load_address>
         <run_address>0x2200</run_address>
         <size>0x40</size>
         <input_file_ref idref="fl-8d"/>
      </object_component>
      <object_component id="oc-77">
         <name>.text:_IRQ_reset</name>
         <load_address>0x2240</load_address>
         <run_address>0x2240</run_address>
         <size>0x40</size>
         <input_file_ref idref="fl-8d"/>
      </object_component>
      <object_component id="oc-67">
         <name>.text:__args_main</name>
         <load_address>0x2280</load_address>
         <run_address>0x2280</run_address>
         <size>0x40</size>
         <input_file_ref idref="fl-82"/>
      </object_component>
      <object_component id="oc-73">
         <name>.text:_IRQ_globalDisable</name>
         <load_address>0x22c0</load_address>
         <run_address>0x22c0</run_address>
         <size>0x20</size>
         <input_file_ref idref="fl-8d"/>
      </object_component>
      <object_component id="oc-78">
         <name>.text:_IRQ_globalEnable</name>
         <load_address>0x22e0</load_address>
         <run_address>0x22e0</run_address>
         <size>0x20</size>
         <input_file_ref idref="fl-8d"/>
      </object_component>
      <object_component id="oc-79">
         <name>.text:_IRQ_nmiEnable</name>
         <load_address>0x2300</load_address>
         <run_address>0x2300</run_address>
         <size>0x20</size>
         <input_file_ref idref="fl-8d"/>
      </object_component>
      <object_component id="oc-75">
         <name>.text:_IRQ_setVecs</name>
         <load_address>0x2320</load_address>
         <run_address>0x2320</run_address>
         <size>0x20</size>
         <input_file_ref idref="fl-8d"/>
      </object_component>
      <object_component id="oc-74">
         <name>.text:_MCBSP_getXmtEventId</name>
         <load_address>0x2340</load_address>
         <run_address>0x2340</run_address>
         <size>0x20</size>
         <input_file_ref idref="fl-8e"/>
      </object_component>
      <object_component id="oc-7e">
         <name>.text:_MCBSP_read</name>
         <load_address>0x2360</load_address>
         <run_address>0x2360</run_address>
         <size>0x20</size>
         <input_file_ref idref="fl-8e"/>
      </object_component>
      <object_component id="oc-7d">
         <name>.text:_MCBSP_rrdy</name>
         <load_address>0x2380</load_address>
         <run_address>0x2380</run_address>
         <size>0x20</size>
         <input_file_ref idref="fl-8e"/>
      </object_component>
      <object_component id="oc-7c">
         <name>.text:_MCBSP_write</name>
         <load_address>0x23a0</load_address>
         <run_address>0x23a0</run_address>
         <size>0x20</size>
         <input_file_ref idref="fl-8e"/>
      </object_component>
      <object_component id="oc-7b">
         <name>.text:_MCBSP_xrdy</name>
         <load_address>0x23c0</load_address>
         <run_address>0x23c0</run_address>
         <size>0x20</size>
         <input_file_ref idref="fl-8e"/>
      </object_component>
      <object_component id="oc-71">
         <name>.text:_abort</name>
         <load_address>0x23e0</load_address>
         <run_address>0x23e0</run_address>
         <size>0x20</size>
         <input_file_ref idref="fl-81"/>
      </object_component>
      <object_component id="oc-5c">
         <name>.text</name>
         <load_address>0x2400</load_address>
         <run_address>0x2400</run_address>
         <size>0x20</size>
         <input_file_ref idref="fl-8d"/>
      </object_component>
      <object_component id="oc-3f">
         <name>.text</name>
         <load_address>0x2420</load_address>
         <run_address>0x2420</run_address>
         <size>0x20</size>
         <input_file_ref idref="fl-88"/>
      </object_component>
      <object_component id="oc-22">
         <name>.stack</name>
         <uninitialized>true</uninitialized>
         <run_address>0x2440</run_address>
         <size>0x8</size>
         <input_file_ref idref="fl-80"/>
      </object_component>
      <object_component id="oc-a4">
         <name>.stack</name>
         <uninitialized>true</uninitialized>
         <run_address>0x2440</run_address>
         <size>0x0</size>
      </object_component>
      <object_component id="oc-4c">
         <name>.const</name>
         <load_address>0x3098</load_address>
         <run_address>0x3098</run_address>
         <size>0x40</size>
         <input_file_ref idref="fl-8a"/>
      </object_component>
      <object_component id="oc-46">
         <name>.const</name>
         <load_address>0x30d8</load_address>
         <run_address>0x30d8</run_address>
         <size>0x20</size>
         <input_file_ref idref="fl-89"/>
      </object_component>
      <object_component id="oc-1c">
         <name>.far</name>
         <uninitialized>true</uninitialized>
         <run_address>0x308c</run_address>
         <size>0x8</size>
         <input_file_ref idref="fl-2"/>
      </object_component>
      <object_component id="oc-27">
         <name>.far</name>
         <uninitialized>true</uninitialized>
         <run_address>0x3078</run_address>
         <size>0xc</size>
         <input_file_ref idref="fl-81"/>
      </object_component>
      <object_component id="oc-3b">
         <name>.far</name>
         <uninitialized>true</uninitialized>
         <run_address>0x2fa0</run_address>
         <size>0x58</size>
         <input_file_ref idref="fl-87"/>
      </object_component>
      <object_component id="oc-45">
         <name>.far</name>
         <uninitialized>true</uninitialized>
         <run_address>0x3094</run_address>
         <size>0x2</size>
         <input_file_ref idref="fl-89"/>
      </object_component>
      <object_component id="oc-4b">
         <name>.far</name>
         <uninitialized>true</uninitialized>
         <run_address>0x3084</run_address>
         <size>0x8</size>
         <input_file_ref idref="fl-8a"/>
      </object_component>
      <object_component id="oc-52">
         <name>.far</name>
         <uninitialized>true</uninitialized>
         <run_address>0x3030</run_address>
         <size>0x28</size>
         <input_file_ref idref="fl-8b"/>
      </object_component>
      <object_component id="oc-58">
         <name>.far</name>
         <uninitialized>true</uninitialized>
         <run_address>0x3058</run_address>
         <size>0x20</size>
         <input_file_ref idref="fl-8c"/>
      </object_component>
      <object_component id="oc-5e">
         <name>.far</name>
         <uninitialized>true</uninitialized>
         <run_address>0x2eac</run_address>
         <size>0xf4</size>
         <input_file_ref idref="fl-8d"/>
      </object_component>
      <object_component id="oc-61">
         <name>.far</name>
         <uninitialized>true</uninitialized>
         <run_address>0x2ff8</run_address>
         <size>0x38</size>
         <input_file_ref idref="fl-8e"/>
      </object_component>
      <object_component id="oc-5d">
         <name>.cinit</name>
         <load_address>0x2c40</load_address>
         <run_address>0x2c40</run_address>
         <size>0x12c</size>
         <input_file_ref idref="fl-8d"/>
      </object_component>
      <object_component id="oc-3a">
         <name>.cinit</name>
         <load_address>0x2d70</load_address>
         <run_address>0x2d70</run_address>
         <size>0x58</size>
         <input_file_ref idref="fl-87"/>
      </object_component>
      <object_component id="oc-60">
         <name>.cinit</name>
         <load_address>0x2dc8</load_address>
         <run_address>0x2dc8</run_address>
         <size>0x54</size>
         <input_file_ref idref="fl-8e"/>
      </object_component>
      <object_component id="oc-51">
         <name>.cinit</name>
         <load_address>0x2e20</load_address>
         <run_address>0x2e20</run_address>
         <size>0x30</size>
         <input_file_ref idref="fl-8b"/>
      </object_component>
      <object_component id="oc-26">
         <name>.cinit</name>
         <load_address>0x2e50</load_address>
         <run_address>0x2e50</run_address>
         <size>0x2c</size>
         <input_file_ref idref="fl-81"/>
      </object_component>
      <object_component id="oc-57">
         <name>.cinit</name>
         <load_address>0x2e80</load_address>
         <run_address>0x2e80</run_address>
         <size>0x28</size>
         <input_file_ref idref="fl-8c"/>
      </object_component>
      <object_component id="oc-1b">
         <name>.debug_info</name>
         <load_address>0x0</load_address>
         <run_address>0x0</run_address>
         <size>0x7d8</size>
         <input_file_ref idref="fl-2"/>
      </object_component>
      <object_component id="oc-21">
         <name>.debug_info</name>
         <load_address>0x7d8</load_address>
         <run_address>0x7d8</run_address>
         <size>0x70b</size>
         <input_file_ref idref="fl-80"/>
      </object_component>
      <object_component id="oc-25">
         <name>.debug_info</name>
         <load_address>0xee3</load_address>
         <run_address>0xee3</run_address>
         <size>0x7fd</size>
         <input_file_ref idref="fl-81"/>
      </object_component>
      <object_component id="oc-2a">
         <name>.debug_info</name>
         <load_address>0x16e0</load_address>
         <run_address>0x16e0</run_address>
         <size>0x6e1</size>
         <input_file_ref idref="fl-82"/>
      </object_component>
      <object_component id="oc-2d">
         <name>.debug_info</name>
         <load_address>0x1dc1</load_address>
         <run_address>0x1dc1</run_address>
         <size>0x86f</size>
         <input_file_ref idref="fl-83"/>
      </object_component>
      <object_component id="oc-30">
         <name>.debug_info</name>
         <load_address>0x2630</load_address>
         <run_address>0x2630</run_address>
         <size>0x6e7</size>
         <input_file_ref idref="fl-84"/>
      </object_component>
      <object_component id="oc-33">
         <name>.debug_info</name>
         <load_address>0x2d17</load_address>
         <run_address>0x2d17</run_address>
         <size>0x7dd</size>
         <input_file_ref idref="fl-85"/>
      </object_component>
      <object_component id="oc-36">
         <name>.debug_info</name>
         <load_address>0x34f4</load_address>
         <run_address>0x34f4</run_address>
         <size>0x78e</size>
         <input_file_ref idref="fl-86"/>
      </object_component>
      <object_component id="oc-39">
         <name>.debug_info</name>
         <load_address>0x3c82</load_address>
         <run_address>0x3c82</run_address>
         <size>0x1565</size>
         <input_file_ref idref="fl-87"/>
      </object_component>
      <object_component id="oc-41">
         <name>.debug_info</name>
         <load_address>0x51e7</load_address>
         <run_address>0x51e7</run_address>
         <size>0x10a</size>
         <input_file_ref idref="fl-88"/>
      </object_component>
      <object_component id="oc-48">
         <name>.debug_info</name>
         <load_address>0x52f1</load_address>
         <run_address>0x52f1</run_address>
         <size>0x8a7</size>
         <input_file_ref idref="fl-89"/>
      </object_component>
      <object_component id="oc-4e">
         <name>.debug_info</name>
         <load_address>0x5b98</load_address>
         <run_address>0x5b98</run_address>
         <size>0x89f</size>
         <input_file_ref idref="fl-8a"/>
      </object_component>
      <object_component id="oc-54">
         <name>.debug_info</name>
         <load_address>0x6437</load_address>
         <run_address>0x6437</run_address>
         <size>0x929</size>
         <input_file_ref idref="fl-8b"/>
      </object_component>
      <object_component id="oc-5a">
         <name>.debug_info</name>
         <load_address>0x6d60</load_address>
         <run_address>0x6d60</run_address>
         <size>0x5b3</size>
         <input_file_ref idref="fl-8c"/>
      </object_component>
      <object_component id="oc-63">
         <name>.debug_info</name>
         <load_address>0x7313</load_address>
         <run_address>0x7313</run_address>
         <size>0xd8</size>
         <input_file_ref idref="fl-8f"/>
      </object_component>
      <object_component id="oc-a5">
         <name>.debug_info</name>
         <load_address>0x73eb</load_address>
         <run_address>0x73eb</run_address>
         <size>0x6d</size>
      </object_component>
      <object_component id="oc-1e">
         <name>.debug_frame</name>
         <load_address>0x0</load_address>
         <run_address>0x0</run_address>
         <size>0x2d6</size>
         <input_file_ref idref="fl-2"/>
      </object_component>
      <object_component id="oc-3c">
         <name>.debug_frame</name>
         <load_address>0x2d6</load_address>
         <run_address>0x2d6</run_address>
         <size>0x34f</size>
         <input_file_ref idref="fl-87"/>
      </object_component>
      <object_component id="oc-1f">
         <name>.debug_line</name>
         <load_address>0x0</load_address>
         <run_address>0x0</run_address>
         <size>0x6a</size>
         <input_file_ref idref="fl-2"/>
      </object_component>
      <object_component id="oc-23">
         <name>.debug_line</name>
         <load_address>0x6a</load_address>
         <run_address>0x6a</run_address>
         <size>0x3d</size>
         <input_file_ref idref="fl-80"/>
      </object_component>
      <object_component id="oc-28">
         <name>.debug_line</name>
         <load_address>0xa7</load_address>
         <run_address>0xa7</run_address>
         <size>0x4f</size>
         <input_file_ref idref="fl-81"/>
      </object_component>
      <object_component id="oc-2b">
         <name>.debug_line</name>
         <load_address>0xf6</load_address>
         <run_address>0xf6</run_address>
         <size>0x41</size>
         <input_file_ref idref="fl-82"/>
      </object_component>
      <object_component id="oc-2e">
         <name>.debug_line</name>
         <load_address>0x137</load_address>
         <run_address>0x137</run_address>
         <size>0x47</size>
         <input_file_ref idref="fl-83"/>
      </object_component>
      <object_component id="oc-31">
         <name>.debug_line</name>
         <load_address>0x17e</load_address>
         <run_address>0x17e</run_address>
         <size>0x45</size>
         <input_file_ref idref="fl-84"/>
      </object_component>
      <object_component id="oc-34">
         <name>.debug_line</name>
         <load_address>0x1c3</load_address>
         <run_address>0x1c3</run_address>
         <size>0x44</size>
         <input_file_ref idref="fl-85"/>
      </object_component>
      <object_component id="oc-37">
         <name>.debug_line</name>
         <load_address>0x207</load_address>
         <run_address>0x207</run_address>
         <size>0x4e</size>
         <input_file_ref idref="fl-86"/>
      </object_component>
      <object_component id="oc-3d">
         <name>.debug_line</name>
         <load_address>0x255</load_address>
         <run_address>0x255</run_address>
         <size>0x16a</size>
         <input_file_ref idref="fl-87"/>
      </object_component>
      <object_component id="oc-42">
         <name>.debug_line</name>
         <load_address>0x3bf</load_address>
         <run_address>0x3bf</run_address>
         <size>0xcd</size>
         <input_file_ref idref="fl-88"/>
      </object_component>
      <object_component id="oc-49">
         <name>.debug_line</name>
         <load_address>0x48c</load_address>
         <run_address>0x48c</run_address>
         <size>0xb2</size>
         <input_file_ref idref="fl-89"/>
      </object_component>
      <object_component id="oc-4f">
         <name>.debug_line</name>
         <load_address>0x53e</load_address>
         <run_address>0x53e</run_address>
         <size>0x4f</size>
         <input_file_ref idref="fl-8a"/>
      </object_component>
      <object_component id="oc-55">
         <name>.debug_line</name>
         <load_address>0x58d</load_address>
         <run_address>0x58d</run_address>
         <size>0x7e</size>
         <input_file_ref idref="fl-8b"/>
      </object_component>
      <object_component id="oc-5b">
         <name>.debug_line</name>
         <load_address>0x60b</load_address>
         <run_address>0x60b</run_address>
         <size>0x52</size>
         <input_file_ref idref="fl-8c"/>
      </object_component>
      <object_component id="oc-64">
         <name>.debug_line</name>
         <load_address>0x65d</load_address>
         <run_address>0x65d</run_address>
         <size>0x48</size>
         <input_file_ref idref="fl-8f"/>
      </object_component>
      <object_component id="oc-20">
         <name>.debug_abbrev</name>
         <load_address>0x0</load_address>
         <run_address>0x0</run_address>
         <size>0x10a</size>
         <input_file_ref idref="fl-2"/>
      </object_component>
      <object_component id="oc-24">
         <name>.debug_abbrev</name>
         <load_address>0x10a</load_address>
         <run_address>0x10a</run_address>
         <size>0xfe</size>
         <input_file_ref idref="fl-80"/>
      </object_component>
      <object_component id="oc-29">
         <name>.debug_abbrev</name>
         <load_address>0x208</load_address>
         <run_address>0x208</run_address>
         <size>0x119</size>
         <input_file_ref idref="fl-81"/>
      </object_component>
      <object_component id="oc-2c">
         <name>.debug_abbrev</name>
         <load_address>0x321</load_address>
         <run_address>0x321</run_address>
         <size>0xe1</size>
         <input_file_ref idref="fl-82"/>
      </object_component>
      <object_component id="oc-2f">
         <name>.debug_abbrev</name>
         <load_address>0x402</load_address>
         <run_address>0x402</run_address>
         <size>0x13f</size>
         <input_file_ref idref="fl-83"/>
      </object_component>
      <object_component id="oc-32">
         <name>.debug_abbrev</name>
         <load_address>0x541</load_address>
         <run_address>0x541</run_address>
         <size>0xdd</size>
         <input_file_ref idref="fl-84"/>
      </object_component>
      <object_component id="oc-35">
         <name>.debug_abbrev</name>
         <load_address>0x61e</load_address>
         <run_address>0x61e</run_address>
         <size>0x10c</size>
         <input_file_ref idref="fl-85"/>
      </object_component>
      <object_component id="oc-38">
         <name>.debug_abbrev</name>
         <load_address>0x72a</load_address>
         <run_address>0x72a</run_address>
         <size>0xd5</size>
         <input_file_ref idref="fl-86"/>
      </object_component>
      <object_component id="oc-3e">
         <name>.debug_abbrev</name>
         <load_address>0x7ff</load_address>
         <run_address>0x7ff</run_address>
         <size>0x195</size>
         <input_file_ref idref="fl-87"/>
      </object_component>
      <object_component id="oc-43">
         <name>.debug_abbrev</name>
         <load_address>0x994</load_address>
         <run_address>0x994</run_address>
         <size>0x20</size>
         <input_file_ref idref="fl-88"/>
      </object_component>
      <object_component id="oc-47">
         <name>.debug_abbrev</name>
         <load_address>0x9b4</load_address>
         <run_address>0x9b4</run_address>
         <size>0x196</size>
         <input_file_ref idref="fl-89"/>
      </object_component>
      <object_component id="oc-4d">
         <name>.debug_abbrev</name>
         <load_address>0xb4a</load_address>
         <run_address>0xb4a</run_address>
         <size>0x126</size>
         <input_file_ref idref="fl-8a"/>
      </object_component>
      <object_component id="oc-53">
         <name>.debug_abbrev</name>
         <load_address>0xc70</load_address>
         <run_address>0xc70</run_address>
         <size>0x14e</size>
         <input_file_ref idref="fl-8b"/>
      </object_component>
      <object_component id="oc-59">
         <name>.debug_abbrev</name>
         <load_address>0xdbe</load_address>
         <run_address>0xdbe</run_address>
         <size>0xf1</size>
         <input_file_ref idref="fl-8c"/>
      </object_component>
      <object_component id="oc-65">
         <name>.debug_abbrev</name>
         <load_address>0xeaf</load_address>
         <run_address>0xeaf</run_address>
         <size>0x3a</size>
         <input_file_ref idref="fl-8f"/>
      </object_component>
      <object_component id="oc-a6">
         <name>.debug_abbrev</name>
         <load_address>0xee9</load_address>
         <run_address>0xee9</run_address>
         <size>0xd</size>
      </object_component>
      <object_component id="oc-5f">
         <name>$BRID</name>
         <load_address>0x0</load_address>
         <run_address>0x0</run_address>
         <size>0x78</size>
         <input_file_ref idref="fl-8d"/>
      </object_component>
      <object_component id="oc-62">
         <name>$BRID</name>
         <load_address>0x78</load_address>
         <run_address>0x78</run_address>
         <size>0x7c</size>
         <input_file_ref idref="fl-8e"/>
      </object_component>
   </object_component_list>
   <logical_group_list>
      <logical_group id="lg-2">
         <name>.EXT_RAM</name>
         <run_address>0x0</run_address>
         <size>0x0</size>
         <contents>
         </contents>
      </logical_group>
      <logical_group id="lg-3">
         <name>.vectors</name>
         <load_address>0x0</load_address>
         <run_address>0x0</run_address>
         <size>0x200</size>
         <contents>
            <object_component_ref idref="oc-40"/>
         </contents>
      </logical_group>
      <logical_group id="lg-4">
         <name>.text</name>
         <load_address>0x220</load_address>
         <run_address>0x220</run_address>
         <size>0x2220</size>
         <contents>
            <object_component_ref idref="oc-69"/>
            <object_component_ref idref="oc-44"/>
            <object_component_ref idref="oc-4a"/>
            <object_component_ref idref="oc-6e"/>
            <object_component_ref idref="oc-76"/>
            <object_component_ref idref="oc-7f"/>
            <object_component_ref idref="oc-50"/>
            <object_component_ref idref="oc-1d"/>
            <object_component_ref idref="oc-6c"/>
            <object_component_ref idref="oc-66"/>
            <object_component_ref idref="oc-6b"/>
            <object_component_ref idref="oc-6a"/>
            <object_component_ref idref="oc-68"/>
            <object_component_ref idref="oc-6d"/>
            <object_component_ref idref="oc-56"/>
            <object_component_ref idref="oc-72"/>
            <object_component_ref idref="oc-80"/>
            <object_component_ref idref="oc-6f"/>
            <object_component_ref idref="oc-1a"/>
            <object_component_ref idref="oc-70"/>
            <object_component_ref idref="oc-7a"/>
            <object_component_ref idref="oc-77"/>
            <object_component_ref idref="oc-67"/>
            <object_component_ref idref="oc-73"/>
            <object_component_ref idref="oc-78"/>
            <object_component_ref idref="oc-79"/>
            <object_component_ref idref="oc-75"/>
            <object_component_ref idref="oc-74"/>
            <object_component_ref idref="oc-7e"/>
            <object_component_ref idref="oc-7d"/>
            <object_component_ref idref="oc-7c"/>
            <object_component_ref idref="oc-7b"/>
            <object_component_ref idref="oc-71"/>
            <object_component_ref idref="oc-5c"/>
            <object_component_ref idref="oc-3f"/>
         </contents>
      </logical_group>
      <logical_group id="lg-5">
         <name>.text</name>
         <run_address>0x0</run_address>
         <size>0x0</size>
         <contents>
         </contents>
      </logical_group>
      <logical_group id="lg-6">
         <name>.stack</name>
         <run_address>0x2440</run_address>
         <size>0x800</size>
         <contents>
            <object_component_ref idref="oc-22"/>
            <object_component_ref idref="oc-a4"/>
         </contents>
      </logical_group>
      <logical_group id="lg-7">
         <name>.bss</name>
         <run_address>0x220</run_address>
         <size>0x0</size>
         <contents>
         </contents>
      </logical_group>
      <logical_group id="lg-8">
         <name>.cio</name>
         <run_address>0x0</run_address>
         <size>0x0</size>
         <contents>
         </contents>
      </logical_group>
      <logical_group id="lg-9">
         <name>.const</name>
         <load_address>0x3098</load_address>
         <run_address>0x3098</run_address>
         <size>0x60</size>
         <contents>
            <object_component_ref idref="oc-4c"/>
            <object_component_ref idref="oc-46"/>
         </contents>
      </logical_group>
      <logical_group id="lg-a">
         <name>.data</name>
         <run_address>0x220</run_address>
         <size>0x0</size>
         <contents>
         </contents>
      </logical_group>
      <logical_group id="lg-b">
         <name>.switch</name>
         <run_address>0x0</run_address>
         <size>0x0</size>
         <contents>
         </contents>
      </logical_group>
      <logical_group id="lg-c">
         <name>.sysmem</name>
         <run_address>0x0</run_address>
         <size>0x0</size>
         <contents>
         </contents>
      </logical_group>
      <logical_group id="lg-d">
         <name>.far</name>
         <run_address>0x2eac</run_address>
         <size>0x1ea</size>
         <contents>
            <object_component_ref idref="oc-1c"/>
            <object_component_ref idref="oc-27"/>
            <object_component_ref idref="oc-3b"/>
            <object_component_ref idref="oc-45"/>
            <object_component_ref idref="oc-4b"/>
            <object_component_ref idref="oc-52"/>
            <object_component_ref idref="oc-58"/>
            <object_component_ref idref="oc-5e"/>
            <object_component_ref idref="oc-61"/>
         </contents>
      </logical_group>
      <logical_group id="lg-e">
         <name>.args</name>
         <run_address>0x0</run_address>
         <size>0x0</size>
         <contents>
         </contents>
      </logical_group>
      <logical_group id="lg-f">
         <name>.ppinfo</name>
         <run_address>0x0</run_address>
         <size>0x0</size>
         <contents>
         </contents>
      </logical_group>
      <logical_group id="lg-10">
         <name>.ppdata</name>
         <run_address>0x0</run_address>
         <size>0x0</size>
         <contents>
         </contents>
      </logical_group>
      <logical_group id="lg-11">
         <name>.pinit</name>
         <run_address>0x0</run_address>
         <size>0x0</size>
         <contents>
         </contents>
      </logical_group>
      <logical_group id="lg-12">
         <name>.cinit</name>
         <load_address>0x2c40</load_address>
         <run_address>0x2c40</run_address>
         <size>0x26c</size>
         <contents>
            <object_component_ref idref="oc-5d"/>
            <object_component_ref idref="oc-3a"/>
            <object_component_ref idref="oc-60"/>
            <object_component_ref idref="oc-51"/>
            <object_component_ref idref="oc-26"/>
            <object_component_ref idref="oc-57"/>
         </contents>
      </logical_group>
      <logical_group id="lg-13">
         <name>.binit</name>
         <run_address>0x0</run_address>
         <size>0x0</size>
         <contents>
         </contents>
      </logical_group>
      <logical_group id="lg-14">
         <name>.init_array</name>
         <run_address>0x0</run_address>
         <size>0x0</size>
         <contents>
         </contents>
      </logical_group>
      <logical_group id="lg-15">
         <name>.neardata</name>
         <run_address>0x0</run_address>
         <size>0x0</size>
         <contents>
         </contents>
      </logical_group>
      <logical_group id="lg-16">
         <name>.fardata</name>
         <run_address>0x0</run_address>
         <size>0x0</size>
         <contents>
         </contents>
      </logical_group>
      <logical_group id="lg-17">
         <name>.rodata</name>
         <run_address>0x0</run_address>
         <size>0x0</size>
         <contents>
         </contents>
      </logical_group>
      <logical_group id="lg-18">
         <name>.c6xabi.exidx</name>
         <run_address>0x0</run_address>
         <size>0x0</size>
         <contents>
         </contents>
      </logical_group>
      <logical_group id="lg-19">
         <name>.c6xabi.extab</name>
         <run_address>0x0</run_address>
         <size>0x0</size>
         <contents>
         </contents>
      </logical_group>
      <logical_group id="lg-99">
         <name>.debug_info</name>
         <load_address>0x0</load_address>
         <run_address>0x0</run_address>
         <size>0x7458</size>
         <contents>
            <object_component_ref idref="oc-1b"/>
            <object_component_ref idref="oc-21"/>
            <object_component_ref idref="oc-25"/>
            <object_component_ref idref="oc-2a"/>
            <object_component_ref idref="oc-2d"/>
            <object_component_ref idref="oc-30"/>
            <object_component_ref idref="oc-33"/>
            <object_component_ref idref="oc-36"/>
            <object_component_ref idref="oc-39"/>
            <object_component_ref idref="oc-41"/>
            <object_component_ref idref="oc-48"/>
            <object_component_ref idref="oc-4e"/>
            <object_component_ref idref="oc-54"/>
            <object_component_ref idref="oc-5a"/>
            <object_component_ref idref="oc-63"/>
            <object_component_ref idref="oc-a5"/>
         </contents>
      </logical_group>
      <logical_group id="lg-9b">
         <name>.debug_frame</name>
         <load_address>0x0</load_address>
         <run_address>0x0</run_address>
         <size>0x625</size>
         <contents>
            <object_component_ref idref="oc-1e"/>
            <object_component_ref idref="oc-3c"/>
         </contents>
      </logical_group>
      <logical_group id="lg-9d">
         <name>.debug_line</name>
         <load_address>0x0</load_address>
         <run_address>0x0</run_address>
         <size>0x6a5</size>
         <contents>
            <object_component_ref idref="oc-1f"/>
            <object_component_ref idref="oc-23"/>
            <object_component_ref idref="oc-28"/>
            <object_component_ref idref="oc-2b"/>
            <object_component_ref idref="oc-2e"/>
            <object_component_ref idref="oc-31"/>
            <object_component_ref idref="oc-34"/>
            <object_component_ref idref="oc-37"/>
            <object_component_ref idref="oc-3d"/>
            <object_component_ref idref="oc-42"/>
            <object_component_ref idref="oc-49"/>
            <object_component_ref idref="oc-4f"/>
            <object_component_ref idref="oc-55"/>
            <object_component_ref idref="oc-5b"/>
            <object_component_ref idref="oc-64"/>
         </contents>
      </logical_group>
      <logical_group id="lg-9f">
         <name>.debug_abbrev</name>
         <load_address>0x0</load_address>
         <run_address>0x0</run_address>
         <size>0xef6</size>
         <contents>
            <object_component_ref idref="oc-20"/>
            <object_component_ref idref="oc-24"/>
            <object_component_ref idref="oc-29"/>
            <object_component_ref idref="oc-2c"/>
            <object_component_ref idref="oc-2f"/>
            <object_component_ref idref="oc-32"/>
            <object_component_ref idref="oc-35"/>
            <object_component_ref idref="oc-38"/>
            <object_component_ref idref="oc-3e"/>
            <object_component_ref idref="oc-43"/>
            <object_component_ref idref="oc-47"/>
            <object_component_ref idref="oc-4d"/>
            <object_component_ref idref="oc-53"/>
            <object_component_ref idref="oc-59"/>
            <object_component_ref idref="oc-65"/>
            <object_component_ref idref="oc-a6"/>
         </contents>
      </logical_group>
      <logical_group id="lg-a1">
         <name>$BRID</name>
         <load_address>0x0</load_address>
         <run_address>0x0</run_address>
         <size>0xf4</size>
         <contents>
            <object_component_ref idref="oc-5f"/>
            <object_component_ref idref="oc-62"/>
         </contents>
      </logical_group>
   </logical_group_list>
   <placement_map>
      <memory_area>
         <name>IVECS</name>
         <page_id>0x0</page_id>
         <origin>0x0</origin>
         <length>0x220</length>
         <used_space>0x200</used_space>
         <unused_space>0x20</unused_space>
         <attributes>RWIX</attributes>
         <usage_details>
            <allocated_space>
               <start_address>0x0</start_address>
               <size>0x200</size>
               <logical_group_ref idref="lg-3"/>
            </allocated_space>
            <available_space>
               <start_address>0x200</start_address>
               <size>0x20</size>
            </available_space>
         </usage_details>
      </memory_area>
      <memory_area>
         <name>IRAM</name>
         <page_id>0x0</page_id>
         <origin>0x220</origin>
         <length>0x2fde0</length>
         <used_space>0x2ed6</used_space>
         <unused_space>0x2cf0a</unused_space>
         <attributes>RWIX</attributes>
         <usage_details>
            <allocated_space>
               <start_address>0x220</start_address>
               <size>0x0</size>
               <logical_group_ref idref="lg-a"/>
            </allocated_space>
            <allocated_space>
               <start_address>0x220</start_address>
               <size>0x0</size>
               <logical_group_ref idref="lg-7"/>
            </allocated_space>
            <allocated_space>
               <start_address>0x220</start_address>
               <size>0x2220</size>
               <logical_group_ref idref="lg-4"/>
            </allocated_space>
            <allocated_space>
               <start_address>0x2440</start_address>
               <size>0x800</size>
               <logical_group_ref idref="lg-6"/>
            </allocated_space>
            <allocated_space>
               <start_address>0x2c40</start_address>
               <size>0x26c</size>
               <logical_group_ref idref="lg-12"/>
            </allocated_space>
            <allocated_space>
               <start_address>0x2eac</start_address>
               <size>0x1ea</size>
               <logical_group_ref idref="lg-d"/>
            </allocated_space>
            <available_space>
               <start_address>0x3096</start_address>
               <size>0x2</size>
            </available_space>
            <allocated_space>
               <start_address>0x3098</start_address>
               <size>0x60</size>
               <logical_group_ref idref="lg-9"/>
            </allocated_space>
            <available_space>
               <start_address>0x30f8</start_address>
               <size>0x2cf08</size>
            </available_space>
         </usage_details>
      </memory_area>
      <memory_area>
         <name>L2RAM</name>
         <page_id>0x0</page_id>
         <origin>0x30000</origin>
         <length>0x10000</length>
         <used_space>0x0</used_space>
         <unused_space>0x10000</unused_space>
         <attributes>RWIX</attributes>
         <usage_details>
         </usage_details>
      </memory_area>
      <memory_area>
         <name>EMIFCE0</name>
         <page_id>0x0</page_id>
         <origin>0x80000000</origin>
         <length>0x10000000</length>
         <used_space>0x0</used_space>
         <unused_space>0x10000000</unused_space>
         <attributes>RWIX</attributes>
         <usage_details>
         </usage_details>
      </memory_area>
      <memory_area>
         <name>EMIFCE1</name>
         <page_id>0x0</page_id>
         <origin>0x90000000</origin>
         <length>0x10000000</length>
         <used_space>0x0</used_space>
         <unused_space>0x10000000</unused_space>
         <attributes>RWIX</attributes>
         <usage_details>
         </usage_details>
      </memory_area>
      <memory_area>
         <name>EMIFCE2</name>
         <page_id>0x0</page_id>
         <origin>0xa0000000</origin>
         <length>0x10000000</length>
         <used_space>0x0</used_space>
         <unused_space>0x10000000</unused_space>
         <attributes>RWIX</attributes>
         <usage_details>
         </usage_details>
      </memory_area>
      <memory_area>
         <name>EMIFCE3</name>
         <page_id>0x0</page_id>
         <origin>0xb0000000</origin>
         <length>0x10000000</length>
         <used_space>0x0</used_space>
         <unused_space>0x10000000</unused_space>
         <attributes>RWIX</attributes>
         <usage_details>
         </usage_details>
      </memory_area>
   </placement_map>
   <symbol_table>
      <symbol id="sm-0">
         <name>cinit</name>
         <value>0x2c40</value>
      </symbol>
      <symbol id="sm-1">
         <name>___cinit__</name>
         <value>0x2c40</value>
      </symbol>
      <symbol id="sm-2">
         <name>pinit</name>
         <value>0xffffffff</value>
      </symbol>
      <symbol id="sm-3">
         <name>___pinit__</name>
         <value>0xffffffff</value>
      </symbol>
      <symbol id="sm-4">
         <name>binit</name>
         <value>0xffffffff</value>
      </symbol>
      <symbol id="sm-5">
         <name>___binit__</name>
         <value>0xffffffff</value>
      </symbol>
      <symbol id="sm-6">
         <name>__STACK_SIZE</name>
         <value>0x800</value>
      </symbol>
      <symbol id="sm-7">
         <name>__STACK_END</name>
         <value>0x2c40</value>
      </symbol>
      <symbol id="sm-8">
         <name>___c_args__</name>
         <value>0xffffffff</value>
      </symbol>
      <symbol id="sm-9">
         <name>.text</name>
         <value>0x220</value>
      </symbol>
      <symbol id="sm-a">
         <name>___text__</name>
         <value>0x220</value>
      </symbol>
      <symbol id="sm-b">
         <name>etext</name>
         <value>0x2440</value>
      </symbol>
      <symbol id="sm-c">
         <name>___etext__</name>
         <value>0x2440</value>
      </symbol>
      <symbol id="sm-d">
         <name>.data</name>
         <value>0x220</value>
      </symbol>
      <symbol id="sm-e">
         <name>___data__</name>
         <value>0x220</value>
      </symbol>
      <symbol id="sm-f">
         <name>edata</name>
         <value>0x220</value>
      </symbol>
      <symbol id="sm-10">
         <name>___edata__</name>
         <value>0x220</value>
      </symbol>
      <symbol id="sm-11">
         <name>.bss</name>
         <value>0x220</value>
      </symbol>
      <symbol id="sm-12">
         <name>___bss__</name>
         <value>0x220</value>
      </symbol>
      <symbol id="sm-13">
         <name>end</name>
         <value>0x220</value>
      </symbol>
      <symbol id="sm-14">
         <name>___end__</name>
         <value>0x220</value>
      </symbol>
      <symbol id="sm-15">
         <name>___TI_pprof_out_hndl</name>
         <value>0xffffffff</value>
      </symbol>
      <symbol id="sm-16">
         <name>___TI_prof_data_start</name>
         <value>0xffffffff</value>
      </symbol>
      <symbol id="sm-17">
         <name>___TI_prof_data_size</name>
         <value>0xffffffff</value>
      </symbol>
      <symbol id="sm-18">
         <name>$bss</name>
         <value>0x220</value>
      </symbol>
      <symbol id="sm-66">
         <name>_main</name>
         <value>0x21a0</value>
         <object_component_ref idref="oc-70"/>
      </symbol>
      <symbol id="sm-67">
         <name>_input_data</name>
         <value>0x3090</value>
         <object_component_ref idref="oc-1c"/>
      </symbol>
      <symbol id="sm-68">
         <name>_output_data</name>
         <value>0x308c</value>
         <object_component_ref idref="oc-1c"/>
      </symbol>
      <symbol id="sm-69">
         <name>_c_int11</name>
         <value>0x1800</value>
         <object_component_ref idref="oc-1d"/>
      </symbol>
      <symbol id="sm-75">
         <name>_c_int00</name>
         <value>0x2120</value>
         <object_component_ref idref="oc-1a"/>
      </symbol>
      <symbol id="sm-76">
         <name>__stack</name>
         <value>0x2440</value>
         <object_component_ref idref="oc-22"/>
      </symbol>
      <symbol id="sm-86">
         <name>C$$EXIT</name>
         <value>0x23e0</value>
         <object_component_ref idref="oc-71"/>
      </symbol>
      <symbol id="sm-87">
         <name>_exit</name>
         <value>0x1d00</value>
         <object_component_ref idref="oc-68"/>
      </symbol>
      <symbol id="sm-88">
         <name>___TI_enable_exit_profile_output</name>
         <value>0x3080</value>
         <object_component_ref idref="oc-27"/>
      </symbol>
      <symbol id="sm-89">
         <name>_abort</name>
         <value>0x23e0</value>
         <object_component_ref idref="oc-71"/>
      </symbol>
      <symbol id="sm-8a">
         <name>__cleanup_ptr</name>
         <value>0x3078</value>
         <object_component_ref idref="oc-27"/>
      </symbol>
      <symbol id="sm-8b">
         <name>__dtors_ptr</name>
         <value>0x307c</value>
         <object_component_ref idref="oc-27"/>
      </symbol>
      <symbol id="sm-95">
         <name>__args_main</name>
         <value>0x2280</value>
         <object_component_ref idref="oc-67"/>
      </symbol>
      <symbol id="sm-96">
         <name>__TI_args_main</name>
         <value>0x1</value>
      </symbol>
      <symbol id="sm-a0">
         <name>__auto_init</name>
         <value>0x1a40</value>
         <object_component_ref idref="oc-66"/>
      </symbol>
      <symbol id="sm-aa">
         <name>___TI_cpp_init</name>
         <value>0x20a0</value>
         <object_component_ref idref="oc-6f"/>
      </symbol>
      <symbol id="sm-b4">
         <name>_copy_in</name>
         <value>0x1de0</value>
         <object_component_ref idref="oc-6d"/>
      </symbol>
      <symbol id="sm-be">
         <name>_memcpy</name>
         <value>0x1160</value>
         <object_component_ref idref="oc-6e"/>
      </symbol>
      <symbol id="sm-108">
         <name>_comm_poll</name>
         <value>0x2d8</value>
         <object_component_ref idref="oc-69"/>
      </symbol>
      <symbol id="sm-109">
         <name>_output_left_sample</name>
         <value>0x584</value>
         <object_component_ref idref="oc-69"/>
      </symbol>
      <symbol id="sm-10a">
         <name>_comm_intr</name>
         <value>0x314</value>
         <object_component_ref idref="oc-69"/>
      </symbol>
      <symbol id="sm-10b">
         <name>_input_left_sample</name>
         <value>0x848</value>
         <object_component_ref idref="oc-69"/>
      </symbol>
      <symbol id="sm-10c">
         <name>_output_sample</name>
         <value>0x46c</value>
         <object_component_ref idref="oc-69"/>
      </symbol>
      <symbol id="sm-10d">
         <name>_c6713_dsk_init</name>
         <value>0x220</value>
         <object_component_ref idref="oc-69"/>
      </symbol>
      <symbol id="sm-10e">
         <name>_config</name>
         <value>0x2fcc</value>
         <object_component_ref idref="oc-3b"/>
      </symbol>
      <symbol id="sm-10f">
         <name>_input_right_sample</name>
         <value>0x910</value>
         <object_component_ref idref="oc-69"/>
      </symbol>
      <symbol id="sm-110">
         <name>_AIC_data</name>
         <value>0x2fa0</value>
         <object_component_ref idref="oc-3b"/>
      </symbol>
      <symbol id="sm-111">
         <name>_hAIC23_handle</name>
         <value>0x2ff4</value>
         <object_component_ref idref="oc-3b"/>
      </symbol>
      <symbol id="sm-112">
         <name>_AIC23CfgData</name>
         <value>0x2fac</value>
         <object_component_ref idref="oc-3b"/>
      </symbol>
      <symbol id="sm-113">
         <name>_input_sample</name>
         <value>0x744</value>
         <object_component_ref idref="oc-69"/>
      </symbol>
      <symbol id="sm-114">
         <name>_output_right_sample</name>
         <value>0x664</value>
         <object_component_ref idref="oc-69"/>
      </symbol>
      <symbol id="sm-121">
         <name>_vector10</name>
         <value>0x140</value>
         <object_component_ref idref="oc-40"/>
      </symbol>
      <symbol id="sm-122">
         <name>_vector12</name>
         <value>0x180</value>
         <object_component_ref idref="oc-40"/>
      </symbol>
      <symbol id="sm-123">
         <name>_vector13</name>
         <value>0x1a0</value>
         <object_component_ref idref="oc-40"/>
      </symbol>
      <symbol id="sm-124">
         <name>_vector14</name>
         <value>0x1c0</value>
         <object_component_ref idref="oc-40"/>
      </symbol>
      <symbol id="sm-125">
         <name>_vector15</name>
         <value>0x1e0</value>
         <object_component_ref idref="oc-40"/>
      </symbol>
      <symbol id="sm-126">
         <name>_vectors</name>
         <value>0x0</value>
         <object_component_ref idref="oc-40"/>
      </symbol>
      <symbol id="sm-127">
         <name>_vector1</name>
         <value>0x20</value>
         <object_component_ref idref="oc-40"/>
      </symbol>
      <symbol id="sm-128">
         <name>_vector3</name>
         <value>0x60</value>
         <object_component_ref idref="oc-40"/>
      </symbol>
      <symbol id="sm-129">
         <name>_vector2</name>
         <value>0x40</value>
         <object_component_ref idref="oc-40"/>
      </symbol>
      <symbol id="sm-12a">
         <name>_vector5</name>
         <value>0xa0</value>
         <object_component_ref idref="oc-40"/>
      </symbol>
      <symbol id="sm-12b">
         <name>_vector4</name>
         <value>0x80</value>
         <object_component_ref idref="oc-40"/>
      </symbol>
      <symbol id="sm-12c">
         <name>_vector7</name>
         <value>0xe0</value>
         <object_component_ref idref="oc-40"/>
      </symbol>
      <symbol id="sm-12d">
         <name>_vector6</name>
         <value>0xc0</value>
         <object_component_ref idref="oc-40"/>
      </symbol>
      <symbol id="sm-12e">
         <name>_vector9</name>
         <value>0x120</value>
         <object_component_ref idref="oc-40"/>
      </symbol>
      <symbol id="sm-12f">
         <name>_vector8</name>
         <value>0x100</value>
         <object_component_ref idref="oc-40"/>
      </symbol>
      <symbol id="sm-13d">
         <name>_DSK6713_init</name>
         <value>0xa2c</value>
         <object_component_ref idref="oc-44"/>
      </symbol>
      <symbol id="sm-13e">
         <name>_DSK6713_version</name>
         <value>0x3094</value>
         <object_component_ref idref="oc-45"/>
      </symbol>
      <symbol id="sm-13f">
         <name>_DSK6713_rget</name>
         <value>0xd48</value>
         <object_component_ref idref="oc-44"/>
      </symbol>
      <symbol id="sm-140">
         <name>_DSK6713_wait</name>
         <value>0xd70</value>
         <object_component_ref idref="oc-44"/>
      </symbol>
      <symbol id="sm-141">
         <name>_DSK6713_rset</name>
         <value>0xd5c</value>
         <object_component_ref idref="oc-44"/>
      </symbol>
      <symbol id="sm-142">
         <name>_DSK6713_waitusec</name>
         <value>0xdc8</value>
         <object_component_ref idref="oc-44"/>
      </symbol>
      <symbol id="sm-143">
         <name>_DSK6713_getVersion</name>
         <value>0xdf4</value>
         <object_component_ref idref="oc-44"/>
      </symbol>
      <symbol id="sm-151">
         <name>_DSK6713_AIC23_codeccontrolhandle</name>
         <value>0x3084</value>
         <object_component_ref idref="oc-4b"/>
      </symbol>
      <symbol id="sm-152">
         <name>_DSK6713_AIC23_codecdatahandle</name>
         <value>0x3088</value>
         <object_component_ref idref="oc-4b"/>
      </symbol>
      <symbol id="sm-153">
         <name>_DSK6713_AIC23_openCodec</name>
         <value>0xe60</value>
         <object_component_ref idref="oc-4a"/>
      </symbol>
      <symbol id="sm-161">
         <name>_DSK6713_AIC23_config</name>
         <value>0x1780</value>
         <object_component_ref idref="oc-50"/>
      </symbol>
      <symbol id="sm-162">
         <name>_DSK6713_AIC23_rget</name>
         <value>0x1758</value>
         <object_component_ref idref="oc-50"/>
      </symbol>
      <symbol id="sm-163">
         <name>_DSK6713_AIC23_rset</name>
         <value>0x16c0</value>
         <object_component_ref idref="oc-50"/>
      </symbol>
      <symbol id="sm-171">
         <name>_DSK6713_AIC23_setFreq</name>
         <value>0x1ea0</value>
         <object_component_ref idref="oc-56"/>
      </symbol>
      <symbol id="sm-18b">
         <name>_IRQ_setVecs</name>
         <value>0x2320</value>
         <object_component_ref idref="oc-75"/>
      </symbol>
      <symbol id="sm-18c">
         <name>__IRQ_eventTable</name>
         <value>0x2ed4</value>
         <object_component_ref idref="oc-5e"/>
      </symbol>
      <symbol id="sm-18d">
         <name>_IRQ_nmiEnable</name>
         <value>0x2300</value>
         <object_component_ref idref="oc-79"/>
      </symbol>
      <symbol id="sm-18e">
         <name>_IRQ_reset</name>
         <value>0x2240</value>
         <object_component_ref idref="oc-77"/>
      </symbol>
      <symbol id="sm-18f">
         <name>__IRQ_intTable</name>
         <value>0x2f58</value>
         <object_component_ref idref="oc-5e"/>
      </symbol>
      <symbol id="sm-190">
         <name>_IRQ_globalEnable</name>
         <value>0x22e0</value>
         <object_component_ref idref="oc-78"/>
      </symbol>
      <symbol id="sm-191">
         <name>_IRQ_globalDisable</name>
         <value>0x22c0</value>
         <object_component_ref idref="oc-73"/>
      </symbol>
      <symbol id="sm-192">
         <name>_IRQ_map</name>
         <value>0x13a0</value>
         <object_component_ref idref="oc-76"/>
      </symbol>
      <symbol id="sm-193">
         <name>_IRQ_enable</name>
         <value>0x2200</value>
         <object_component_ref idref="oc-7a"/>
      </symbol>
      <symbol id="sm-194">
         <name>__IRQ_dispatchTable</name>
         <value>0x2f98</value>
         <object_component_ref idref="oc-5e"/>
      </symbol>
      <symbol id="sm-195">
         <name>__IRQ_hookFetchPacket</name>
         <value>0x2400</value>
         <object_component_ref idref="oc-5c"/>
      </symbol>
      <symbol id="sm-1af">
         <name>_MCBSP_reset</name>
         <value>0x1540</value>
         <object_component_ref idref="oc-7f"/>
      </symbol>
      <symbol id="sm-1b0">
         <name>_MCBSP_read</name>
         <value>0x2360</value>
         <object_component_ref idref="oc-7e"/>
      </symbol>
      <symbol id="sm-1b1">
         <name>_MCBSP_getXmtEventId</name>
         <value>0x2340</value>
         <object_component_ref idref="oc-74"/>
      </symbol>
      <symbol id="sm-1b2">
         <name>_MCBSP_open</name>
         <value>0x1b40</value>
         <object_component_ref idref="oc-6b"/>
      </symbol>
      <symbol id="sm-1b3">
         <name>__MCBSP_hDev0</name>
         <value>0x3028</value>
         <object_component_ref idref="oc-61"/>
      </symbol>
      <symbol id="sm-1b4">
         <name>__MCBSP_hDev1</name>
         <value>0x302c</value>
         <object_component_ref idref="oc-61"/>
      </symbol>
      <symbol id="sm-1b5">
         <name>_MCBSP_start</name>
         <value>0x1940</value>
         <object_component_ref idref="oc-6c"/>
      </symbol>
      <symbol id="sm-1b6">
         <name>_MCBSP_rrdy</name>
         <value>0x2380</value>
         <object_component_ref idref="oc-7d"/>
      </symbol>
      <symbol id="sm-1b7">
         <name>_MCBSP_config</name>
         <value>0x1f60</value>
         <object_component_ref idref="oc-72"/>
      </symbol>
      <symbol id="sm-1b8">
         <name>_MCBSP_xrdy</name>
         <value>0x23c0</value>
         <object_component_ref idref="oc-7b"/>
      </symbol>
      <symbol id="sm-1b9">
         <name>_MCBSP_write</name>
         <value>0x23a0</value>
         <object_component_ref idref="oc-7c"/>
      </symbol>
      <symbol id="sm-1c1">
         <name>__strasg</name>
         <value>0x1c20</value>
         <object_component_ref idref="oc-6a"/>
      </symbol>
   </symbol_table>
</link_info>
