******************************************************************************
               TMS320C6x Linker PC v7.4.6                      
******************************************************************************
>> Linked Thu Jan 30 10:04:42 2014

OUTPUT FILE NAME:   <practica1.out>
ENTRY POINT SYMBOL: "_c_int00"  address: 00001e40


MEMORY CONFIGURATION

         name            origin    length      used     unused   attr    fill
----------------------  --------  ---------  --------  --------  ----  --------
  IVECS                 00000000   00000220  00000200  00000020  RWIX
  IRAM                  00000220   0002fde0  00002a4a  0002d396  RWIX
  L2RAM                 00030000   00010000  00000000  00010000  RWIX
  EMIFCE0               80000000   10000000  00000000  10000000  RWIX
  EMIFCE1               90000000   10000000  00000000  10000000  RWIX
  EMIFCE2               a0000000   10000000  00000000  10000000  RWIX
  EMIFCE3               b0000000   10000000  00000000  10000000  RWIX


SECTION ALLOCATION MAP

 output                                  attributes/
section   page    origin      length       input sections
--------  ----  ----------  ----------   ----------------
.vecs      0    00000000    00000200     
                  00000000    00000200     Vectors_intr.obj (.vecs)

.pinit     0    00000220    00000000     UNINITIALIZED

$BRID      0    00000000    000000f4     COPY SECTION
                  00000000    00000078     csl6713.lib : csl_irq.obj ($BRID)
                  00000078    0000007c                 : csl_mcbsp.obj ($BRID)

.text      0    00000220    00001d80     
                  00000220    00000600     dskinit.lib : C6713dskinit.obj (.text)
                  00000820    00000480     dsk6713bsl.lib : dsk6713.obj (.text)
                  00000ca0    00000300                    : dsk6713_aic23_opencodec.obj (.text)
                  00000fa0    00000240     rts6700.lib : memcpy62.obj (.text:_memcpy)
                  000011e0    000001a0     csl6713.lib : csl_irq.obj (.text:_IRQ_map)
                  00001380    00000180                 : csl_mcbsp.obj (.text:_MCBSP_reset)
                  00001500    00000140     dsk6713bsl.lib : dsk6713_aic23_registers.obj (.text)
                  00001640    00000100     csl6713.lib : csl_mcbsp.obj (.text:_MCBSP_start)
                  00001740    00000100     rts6700.lib : autoinit.obj (.text:__auto_init)
                  00001840    000000e0     csl6713.lib : csl_mcbsp.obj (.text:_MCBSP_open)
                  00001920    000000e0     rts6700.lib : strasg.obj (.text:__strasg)
                  00001a00    000000e0                 : exit.obj (.text:_exit)
                  00001ae0    000000c0                 : cpy_tbl.obj (.text:_copy_in)
                  00001ba0    000000c0     dsk6713bsl.lib : dsk6713_aic23_setfreq.obj (.text)
                  00001c60    000000c0     prac1_int.obj (.text:retain)
                  00001d20    000000a0     csl6713.lib : csl_irq.obj (.text:_setMux)
                  00001dc0    00000080     rts6700.lib : cpp_init.obj (.text:___TI_cpp_init)
                  00001e40    00000080                 : boot.obj (.text:_c_int00)
                  00001ec0    00000040                 : args_main.obj (.text:__args_main)
                  00001f00    00000020     Vectors_intr.obj (.text)
                  00001f20    00000020     csl6713.lib : csl_irq.obj (.text:_IRQ_setVecs)
                  00001f40    00000020     rts6700.lib : exit.obj (.text:_abort)
                  00001f60    00000020     csl6713.lib : csl_irq.obj (.text)
                  00001f80    00000020     prac1_int.obj (.text)

.bss       0    00000220    00000000     UNINITIALIZED

.data      0    00000220    00000000     UNINITIALIZED

.stack     0    00001fa0    00000800     UNINITIALIZED
                  00001fa0    00000008     rts6700.lib : boot.obj (.stack)
                  00001fa8    000007f8     --HOLE--

.cinit     0    000027a0    0000027c     
                  000027a0    0000012c     csl6713.lib : csl_irq.obj (.cinit)
                  000028cc    00000004     --HOLE-- [fill = 0]
                  000028d0    00000058     dskinit.lib : C6713dskinit.obj (.cinit)
                  00002928    00000054     csl6713.lib : csl_mcbsp.obj (.cinit)
                  0000297c    00000004     --HOLE-- [fill = 0]
                  00002980    00000030     dsk6713bsl.lib : dsk6713_aic23_registers.obj (.cinit)
                  000029b0    0000002c     rts6700.lib : exit.obj (.cinit)
                  000029dc    00000004     --HOLE-- [fill = 0]
                  000029e0    00000028     dsk6713bsl.lib : dsk6713_aic23_setfreq.obj (.cinit)
                  00002a08    0000000c     prac1_int.obj (.cinit)
                  00002a14    00000004     --HOLE-- [fill = 0]
                  00002a18    00000004     (.pad.cinit) [fill = 0]

.far       0    00002a1c    000001ee     UNINITIALIZED
                  00002a1c    000000f4     csl6713.lib : csl_irq.obj (.far)
                  00002b10    00000058     dskinit.lib : C6713dskinit.obj (.far)
                  00002b68    00000038     csl6713.lib : csl_mcbsp.obj (.far)
                  00002ba0    00000028     dsk6713bsl.lib : dsk6713_aic23_registers.obj (.far)
                  00002bc8    00000020                    : dsk6713_aic23_setfreq.obj (.far)
                  00002be8    0000000c     prac1_int.obj (.far)
                  00002bf4    0000000c     rts6700.lib : exit.obj (.far)
                  00002c00    00000008     dsk6713bsl.lib : dsk6713_aic23_opencodec.obj (.far)
                  00002c08    00000002                    : dsk6713.obj (.far)

.const     0    00002c0c    00000060     
                  00002c0c    00000040     dsk6713bsl.lib : dsk6713_aic23_opencodec.obj (.const)
                  00002c4c    00000020                    : dsk6713.obj (.const)


GLOBAL SYMBOLS: SORTED ALPHABETICALLY BY Name 

address    name
--------   ----
00000220   $bss
00000220   .bss
00000220   .data
00000220   .text
00001f40   C$$EXIT
00002b1c   _AIC23CfgData
00002b10   _AIC_data
00002c00   _DSK6713_AIC23_codeccontrolhandle
00002c04   _DSK6713_AIC23_codecdatahandle
000015c0   _DSK6713_AIC23_config
00000ca0   _DSK6713_AIC23_openCodec
00001598   _DSK6713_AIC23_rget
00001500   _DSK6713_AIC23_rset
00001ba0   _DSK6713_AIC23_setFreq
00000c34   _DSK6713_getVersion
0000086c   _DSK6713_init
00000b88   _DSK6713_rget
00000b9c   _DSK6713_rset
00002c08   _DSK6713_version
00000bb0   _DSK6713_wait
00000c08   _DSK6713_waitusec
000011e0   _IRQ_map
00001f20   _IRQ_setVecs
00001840   _MCBSP_open
00001380   _MCBSP_reset
00001640   _MCBSP_start
00002b08   __IRQ_dispatchTable
00002a44   __IRQ_eventTable
00001f60   __IRQ_hookFetchPacket
00002ac8   __IRQ_intTable
00002b98   __MCBSP_hDev0
00002b9c   __MCBSP_hDev1
000027a0   __STACK_END
00000800   __STACK_SIZE
00000001   __TI_args_main
00001dc0   ___TI_cpp_init
00002bfc   ___TI_enable_exit_profile_output
ffffffff   ___TI_pprof_out_hndl
ffffffff   ___TI_prof_data_size
ffffffff   ___TI_prof_data_start
ffffffff   ___binit__
00000220   ___bss__
ffffffff   ___c_args__
000027a0   ___cinit__
00000220   ___data__
00000220   ___edata__
00000220   ___end__
00001fa0   ___etext__
ffffffff   ___pinit__
00000220   ___text__
00001ec0   __args_main
00001740   __auto_init
00002bf4   __cleanup_ptr
00002bf8   __dtors_ptr
00001fa0   __stack
00001920   __strasg
00001f40   _abort
000005a8   _c6713_dsk_init
00001e40   _c_int00
00001c60   _c_int11
000006f0   _comm_intr
000006d8   _comm_poll
00002b3c   _config
00001ae0   _copy_in
00001a00   _exit
00002be8   _fs
00002b64   _hAIC23_handle
00002bf0   _input_data
00000520   _input_left_sample
00000494   _input_right_sample
000003f0   _input_sample
00001f80   _main
00000fa0   _memcpy
00002bec   _output_data
0000035c   _output_left_sample
000002c8   _output_right_sample
00000220   _output_sample
00000020   _vector1
00000140   _vector10
00000180   _vector12
000001a0   _vector13
000001c0   _vector14
000001e0   _vector15
00000040   _vector2
00000060   _vector3
00000080   _vector4
000000a0   _vector5
000000c0   _vector6
000000e0   _vector7
00000100   _vector8
00000120   _vector9
00000000   _vectors
ffffffff   binit
000027a0   cinit
00000220   edata
00000220   end
00001fa0   etext
ffffffff   pinit


GLOBAL SYMBOLS: SORTED BY Symbol Address 

address    name
--------   ----
00000000   _vectors
00000001   __TI_args_main
00000020   _vector1
00000040   _vector2
00000060   _vector3
00000080   _vector4
000000a0   _vector5
000000c0   _vector6
000000e0   _vector7
00000100   _vector8
00000120   _vector9
00000140   _vector10
00000180   _vector12
000001a0   _vector13
000001c0   _vector14
000001e0   _vector15
00000220   $bss
00000220   .bss
00000220   .data
00000220   .text
00000220   ___bss__
00000220   ___data__
00000220   ___edata__
00000220   ___end__
00000220   ___text__
00000220   _output_sample
00000220   edata
00000220   end
000002c8   _output_right_sample
0000035c   _output_left_sample
000003f0   _input_sample
00000494   _input_right_sample
00000520   _input_left_sample
000005a8   _c6713_dsk_init
000006d8   _comm_poll
000006f0   _comm_intr
00000800   __STACK_SIZE
0000086c   _DSK6713_init
00000b88   _DSK6713_rget
00000b9c   _DSK6713_rset
00000bb0   _DSK6713_wait
00000c08   _DSK6713_waitusec
00000c34   _DSK6713_getVersion
00000ca0   _DSK6713_AIC23_openCodec
00000fa0   _memcpy
000011e0   _IRQ_map
00001380   _MCBSP_reset
00001500   _DSK6713_AIC23_rset
00001598   _DSK6713_AIC23_rget
000015c0   _DSK6713_AIC23_config
00001640   _MCBSP_start
00001740   __auto_init
00001840   _MCBSP_open
00001920   __strasg
00001a00   _exit
00001ae0   _copy_in
00001ba0   _DSK6713_AIC23_setFreq
00001c60   _c_int11
00001dc0   ___TI_cpp_init
00001e40   _c_int00
00001ec0   __args_main
00001f20   _IRQ_setVecs
00001f40   C$$EXIT
00001f40   _abort
00001f60   __IRQ_hookFetchPacket
00001f80   _main
00001fa0   ___etext__
00001fa0   __stack
00001fa0   etext
000027a0   __STACK_END
000027a0   ___cinit__
000027a0   cinit
00002a44   __IRQ_eventTable
00002ac8   __IRQ_intTable
00002b08   __IRQ_dispatchTable
00002b10   _AIC_data
00002b1c   _AIC23CfgData
00002b3c   _config
00002b64   _hAIC23_handle
00002b98   __MCBSP_hDev0
00002b9c   __MCBSP_hDev1
00002be8   _fs
00002bec   _output_data
00002bf0   _input_data
00002bf4   __cleanup_ptr
00002bf8   __dtors_ptr
00002bfc   ___TI_enable_exit_profile_output
00002c00   _DSK6713_AIC23_codeccontrolhandle
00002c04   _DSK6713_AIC23_codecdatahandle
00002c08   _DSK6713_version
ffffffff   ___TI_pprof_out_hndl
ffffffff   ___TI_prof_data_size
ffffffff   ___TI_prof_data_start
ffffffff   ___binit__
ffffffff   ___c_args__
ffffffff   ___pinit__
ffffffff   binit
ffffffff   pinit

[98 symbols]
